# dataset=GoogleLocal experiment=lorentz_projx_shave cell=d64_k5_wpn5_mwl5_lr1e-3 tag=run_2_seed42
#   intrinsic Lorentz manifold, midpoint (sum w)^2 floor, NO projx radius clamp,
#   NO grad clip, NO weight decay, rewritten transp (radial/tangential split).
#   projx SHAVES a detached radius tail (3e2260e, relative-only since 7436020):
#   fence = p50 + 2*(p99.9 - p50), rows past it rescaled to the p99.9 radius,
#   applied by geoopt every stabilize=10 steps. Identity on a healthy cloud.
#   OPTIMISER: one dense RiemannianAdam over all params (sparse reverted, 65ca114).
#   Head: geo_temp * (-d_H). No popularity channel.
#   d_emb=64 k_train=5 num_walks_per_node=5 max_walk_len=5 (both EXPLICIT) lr=1e-3
#   patience=5 num_epochs=100 hidden=32 seed=42
#   edges=1.91M bipartite=yes  (flag: '--is-bipartite')
# branch=master commit=07dcc1e
#   lorentz.py md5=c63ad280c4b966af0c50c2a58bc298c8
#   model.py   md5=c6d22976e93632a1c69cc79e99a3f942
#   trainer.py md5=35d7386bd55c7acb3e0f29e62aa0d2b8
#   (shared NFS tree: another session may check out a different branch mid-run,
#    so these pin the code that was actually imported)
# r_mean/r_max are HYPERBOLIC RADIUS, not the ambient |E| of pre-wiring logs
# host=artemis-a40-14.local  SLURM_JOB_ID=11346382  archive target experiment_logs/geometries/lorentz/googlelocal/2.log
# started=2026-09-12 02:58:50
# cmd: venv/bin/python -u scripts/train_link_property_prediction.py --data-suite tgb-seq \
#        --dataset GoogleLocal --d-emb 64 --k-train 5 --num-walks-per-node 5 --max-walk-len 5 \
#        --lr 1e-3 --num-epochs 100 --early-stop-patience 5 --seed 42 \
#        --use-gpu --use-gpu-tempest --is-bipartite

=== tempest-embedding training ===
dataset: GoogleLocal
device:  cuda
seed:    42
loaded (tgb-seq) in 1.6s
  num_nodes:     473,581
  neg_pool:      267,336 unique destinations (bipartite)
  train edges:   1,802,833
  val edges:     67,588
  test edges:    43,546

=== Config ===
  num_nodes: 473581
  dst_pool: <ndarray shape=(267336,) dtype=int32>
  d_emb: 64
  hidden_dim: 32
  K_train: 5
  num_walks_per_node: 5
  max_walk_len: 5
  walk_bias: ExponentialWeight
  start_bias: ExponentialWeight
  t2nv_p: 4.0
  t2nv_q: 0.25
  lr: 0.001
  num_epochs: 100
  early_stop_patience: 5
  seed: 42
  use_gpu: True
  use_gpu_tempest: True

=== Parameter counts ===
  model.E:           30,309,184
  head params:              162
  TOTAL trainable:   30,309,346

=== Training ===
  Ingested full graph into Tempest: 1,913,967 edges (once; per-query cutoff enforces causality)
epoch 1/100  link=1.7316  lr=1e-03  train 80.3s  r_mean=0.062  r_max=0.562  geo_temp=3.538  val 0.2700  test 0.2450 (new best)  eval 5.0s
epoch 2/100  link=1.3949  lr=1e-03  train 79.8s  r_mean=0.112  r_max=0.699  geo_temp=5.739  val 0.3397  test 0.3070 (new best)  eval 5.0s
epoch 3/100  link=1.0763  lr=1e-03  train 79.8s  r_mean=0.154  r_max=0.754  geo_temp=7.559  val 0.3903  test 0.3563 (new best)  eval 5.0s
epoch 4/100  link=0.8159  lr=1e-03  train 79.8s  r_mean=0.191  r_max=0.679  geo_temp=9.238  val 0.4370  test 0.4010 (new best)  eval 5.0s
epoch 5/100  link=0.6115  lr=1e-03  train 79.8s  r_mean=0.225  r_max=0.721  geo_temp=10.828  val 0.4803  test 0.4463 (new best)  eval 4.9s
epoch 6/100  link=0.4581  lr=1e-03  train 79.8s  r_mean=0.255  r_max=0.737  geo_temp=12.360  val 0.5192  test 0.4860 (new best)  eval 5.0s
epoch 7/100  link=0.3447  lr=1e-03  train 79.8s  r_mean=0.281  r_max=0.777  geo_temp=13.855  val 0.5464  test 0.5117 (new best)  eval 5.0s
epoch 8/100  link=0.2614  lr=1e-03  train 79.8s  r_mean=0.304  r_max=0.784  geo_temp=15.326  val 0.5728  test 0.5377 (new best)  eval 5.0s
epoch 9/100  link=0.2003  lr=1e-03  train 79.7s  r_mean=0.324  r_max=0.791  geo_temp=16.781  val 0.5918  test 0.5575 (new best)  eval 5.0s
epoch 10/100  link=0.1549  lr=1e-03  train 79.8s  r_mean=0.340  r_max=0.794  geo_temp=18.230  val 0.6072  test 0.5725 (new best)  eval 5.0s
epoch 11/100  link=0.1209  lr=1e-03  train 79.7s  r_mean=0.355  r_max=0.798  geo_temp=19.680  val 0.6182  test 0.5835 (new best)  eval 5.0s
epoch 12/100  link=0.0954  lr=1e-03  train 79.5s  r_mean=0.367  r_max=0.813  geo_temp=21.136  val 0.6336  test 0.6018 (new best)  eval 5.0s
epoch 13/100  link=0.0768  lr=1e-03  train 79.4s  r_mean=0.378  r_max=0.822  geo_temp=22.585  val 0.6423  test 0.6118 (new best)  eval 5.0s
epoch 14/100  link=0.0621  lr=1e-03  train 79.4s  r_mean=0.387  r_max=0.817  geo_temp=24.045  val 0.6492  test 0.6180 (new best)  eval 5.0s
epoch 15/100  link=0.0514  lr=1e-03  train 79.4s  r_mean=0.395  r_max=0.816  geo_temp=25.501  val 0.6553  test 0.6243 (new best)  eval 5.0s
epoch 16/100  link=0.0435  lr=1e-03  train 79.4s  r_mean=0.403  r_max=0.823  geo_temp=26.956  val 0.6598  test 0.6293 (new best)  eval 5.0s
epoch 17/100  link=0.0376  lr=1e-03  train 79.4s  r_mean=0.409  r_max=0.823  geo_temp=28.413  val 0.6651  test 0.6353 (new best)  eval 5.0s
epoch 18/100  link=0.0328  lr=1e-03  train 79.3s  r_mean=0.416  r_max=0.823  geo_temp=29.874  val 0.6680  test 0.6373 (new best)  eval 5.0s
epoch 19/100  link=0.0293  lr=1e-03  train 79.3s  r_mean=0.421  r_max=0.827  geo_temp=31.326  val 0.6687  test 0.6394 (new best)  eval 5.0s
epoch 20/100  link=0.0262  lr=1e-03  train 79.5s  r_mean=0.426  r_max=0.826  geo_temp=32.777  val 0.6734  test 0.6429 (new best)  eval 5.0s
epoch 21/100  link=0.0241  lr=1e-03  train 79.6s  r_mean=0.431  r_max=0.839  geo_temp=34.191  val 0.6753  test 0.6468 (new best)  eval 5.0s
epoch 22/100  link=0.0218  lr=1e-03  train 79.6s  r_mean=0.436  r_max=0.839  geo_temp=35.611  val 0.6762  test 0.6479 (new best)  eval 5.0s
epoch 23/100  link=0.0202  lr=1e-03  train 79.6s  r_mean=0.440  r_max=0.839  geo_temp=36.987  val 0.6738  patience 1/5  eval 4.9s
epoch 24/100  link=0.0190  lr=1e-03  train 79.6s  r_mean=0.444  r_max=0.842  geo_temp=38.270  val 0.6710  patience 2/5  eval 5.0s
epoch 25/100  link=0.0179  lr=1e-03  train 79.6s  r_mean=0.447  r_max=0.860  geo_temp=39.498  val 0.6740  patience 3/5  eval 4.9s
epoch 26/100  link=0.0164  lr=1e-03  train 79.6s  r_mean=0.451  r_max=0.861  geo_temp=40.702  val 0.6788  test 0.6500 (new best)  eval 5.0s
epoch 27/100  link=0.0159  lr=1e-03  train 79.6s  r_mean=0.454  r_max=0.861  geo_temp=41.755  val 0.6775  patience 1/5  eval 4.9s
epoch 28/100  link=0.0148  lr=1e-03  train 79.6s  r_mean=0.457  r_max=0.861  geo_temp=42.803  val 0.6767  patience 2/5  eval 4.9s
epoch 29/100  link=0.0143  lr=1e-03  train 79.6s  r_mean=0.461  r_max=0.864  geo_temp=43.704  val 0.6772  patience 3/5  eval 4.9s
epoch 30/100  link=0.0138  lr=1e-03  train 79.6s  r_mean=0.464  r_max=0.889  geo_temp=44.455  val 0.6742  patience 4/5  eval 5.0s
epoch 31/100  link=0.0131  lr=1e-03  train 79.6s  r_mean=0.466  r_max=0.885  geo_temp=45.208  val 0.6796  test 0.6510 (new best)  eval 4.9s
epoch 32/100  link=0.0127  lr=1e-03  train 79.6s  r_mean=0.469  r_max=0.885  geo_temp=45.831  val 0.6792  patience 1/5  eval 5.0s
epoch 33/100  link=0.0120  lr=1e-03  train 79.6s  r_mean=0.472  r_max=0.885  geo_temp=46.458  val 0.6792  patience 2/5  eval 5.0s
epoch 34/100  link=0.0118  lr=1e-03  train 79.6s  r_mean=0.475  r_max=0.885  geo_temp=46.928  val 0.6811  test 0.6518 (new best)  eval 4.9s
epoch 35/100  link=0.0112  lr=1e-03  train 79.6s  r_mean=0.478  r_max=0.893  geo_temp=47.402  val 0.6759  patience 1/5  eval 4.9s
epoch 36/100  link=0.0110  lr=1e-03  train 79.6s  r_mean=0.480  r_max=0.912  geo_temp=47.793  val 0.6767  patience 2/5  eval 4.9s
epoch 37/100  link=0.0105  lr=1e-03  train 79.6s  r_mean=0.483  r_max=0.915  geo_temp=48.229  val 0.6774  patience 3/5  eval 4.9s
epoch 38/100  link=0.0103  lr=1e-03  train 79.6s  r_mean=0.486  r_max=0.915  geo_temp=48.591  val 0.6798  patience 4/5  eval 4.9s
epoch 39/100  link=0.0099  lr=1e-03  train 79.6s  r_mean=0.488  r_max=0.917  geo_temp=48.924  val 0.6772  patience 5/5  eval 5.0s
  restored best weights from epoch 34 (val 0.6811, test 0.6518)

=== Final results ===
  dataset:           GoogleLocal
  seed:              42
  stopped_at_epoch:  34
  best_val_mrr:      0.6811
  best_test_mrr:     0.6518
=== rc=0 finished=2026-09-12 03:55:19 ===
