# K-sweep cell: dataset=GoogleLocal d_emb=64 k_train=1 patience=3 NO pop-bias
# branch=master commit=257af981
# started=2026-08-26 08:23:07
# sequential sweep: GoogleLocal (all K) then YouTube (all K); nothing else on the GPU
# cmd: /its/home/ms2420/tempest-embeddinng/venv/bin/python -u scripts/train_link_property_prediction.py --data-suite tgb-seq \
#        --dataset GoogleLocal --d-emb 64 --k-train 1 --num-epochs 50 \
#        --early-stop-patience 3 --use-gpu --use-gpu-tempest --is-bipartite

=== tempest-embedding training ===
dataset: GoogleLocal
device:  cuda
seed:    42
loaded (tgb-seq) in 0.6s
  num_nodes:     473,581
  neg_pool:      267,336 unique destinations (bipartite)
  t_min:         662601600
  t_max:         1377798281
  T_train:       715196681
  median_inter_arrival: 28.0
  mean_inter_arrival:   430.8
  train edges:   1,802,833
  val edges:     67,588
  test edges:    43,546

=== Config ===
  num_nodes: 473581
  dst_pool: <ndarray shape=(267336,) dtype=int32>
  t_train: 715196681.0
  mean_node_inter_arrival: 93936278.12115154
  d_emb: 64
  use_pop_bias: False
  K_train: 1
  num_walks_per_node: 5
  max_walk_len: 5
  walk_bias: ExponentialWeight
  start_bias: ExponentialWeight
  t2nv_p: 4.0
  t2nv_q: 0.25
  lr: 0.001
  num_epochs: 50
  early_stop_patience: 3
  seed: 42
  use_gpu: True
  use_gpu_tempest: True

=== Parameter counts ===
  model.E:           30,309,184
  head params:                2
  TOTAL trainable:   30,309,186

=== Training ===
  Ingested full graph into Tempest: 1,913,967 edges (once; per-query cutoff enforces causality)
epoch 1/50  link=0.6780  lr=1e-03  train 48.7s  |E|mean=0.026  |E|max=0.201  geo_temp=3.584  ptemp=0.0781  praw=-2.468  val 0.4711  test 0.4325 (new best)  eval 5.5s
epoch 2/50  link=0.5387  lr=1e-03  train 47.2s  |E|mean=0.054  |E|max=0.348  geo_temp=6.108  ptemp=0.1035  praw=-2.159  val 0.5042  test 0.4690 (new best)  eval 5.1s
epoch 3/50  link=0.3584  lr=1e-03  train 46.9s  |E|mean=0.077  |E|max=0.450  geo_temp=8.032  ptemp=0.2597  praw=-1.047  val 0.5352  test 0.5006 (new best)  eval 5.1s
epoch 4/50  link=0.2305  lr=1e-03  train 46.9s  |E|mean=0.096  |E|max=0.541  geo_temp=9.662  ptemp=0.4602  praw=-0.160  val 0.5596  test 0.5267 (new best)  eval 5.1s
epoch 5/50  link=0.1520  lr=1e-03  train 46.9s  |E|mean=0.111  |E|max=0.587  geo_temp=11.139  ptemp=0.6652  praw=+0.687  val 0.5753  test 0.5462 (new best)  eval 5.1s
epoch 6/50  link=0.1044  lr=1e-03  train 46.9s  |E|mean=0.123  |E|max=0.617  geo_temp=12.537  ptemp=0.8219  praw=+1.529  val 0.5861  test 0.5575 (new best)  eval 5.1s
epoch 7/50  link=0.0753  lr=1e-03  train 46.9s  |E|mean=0.133  |E|max=0.648  geo_temp=13.898  ptemp=0.9136  praw=+2.358  val 0.5948  test 0.5663 (new best)  eval 5.1s
epoch 8/50  link=0.0567  lr=1e-03  train 45.2s  |E|mean=0.141  |E|max=0.671  geo_temp=15.254  ptemp=0.9587  praw=+3.146  val 0.6005  test 0.5732 (new best)  eval 5.1s
epoch 9/50  link=0.0445  lr=1e-03  train 44.6s  |E|mean=0.148  |E|max=0.679  geo_temp=16.620  ptemp=0.9801  praw=+3.899  val 0.6079  test 0.5796 (new best)  eval 5.1s
epoch 10/50  link=0.0359  lr=1e-03  train 42.6s  |E|mean=0.154  |E|max=0.681  geo_temp=18.005  ptemp=0.9904  praw=+4.633  val 0.6128  test 0.5850 (new best)  eval 5.1s
epoch 11/50  link=0.0296  lr=1e-03  train 41.9s  |E|mean=0.159  |E|max=0.681  geo_temp=19.407  ptemp=0.9952  praw=+5.337  val 0.6179  test 0.5899 (new best)  eval 5.1s
epoch 12/50  link=0.0253  lr=1e-03  train 41.9s  |E|mean=0.164  |E|max=0.676  geo_temp=20.826  ptemp=0.9976  praw=+6.030  val 0.6208  test 0.5928 (new best)  eval 5.1s
epoch 13/50  link=0.0217  lr=1e-03  train 41.9s  |E|mean=0.168  |E|max=0.673  geo_temp=22.257  ptemp=0.9988  praw=+6.713  val 0.6250  test 0.5972 (new best)  eval 5.0s
epoch 14/50  link=0.0191  lr=1e-03  train 41.9s  |E|mean=0.171  |E|max=0.675  geo_temp=23.691  ptemp=0.9994  praw=+7.380  val 0.6276  test 0.6002 (new best)  eval 5.1s
epoch 15/50  link=0.0169  lr=1e-03  train 41.9s  |E|mean=0.174  |E|max=0.679  geo_temp=25.125  ptemp=0.9997  praw=+8.023  val 0.6308  test 0.6029 (new best)  eval 5.0s
epoch 16/50  link=0.0155  lr=1e-03  train 41.8s  |E|mean=0.177  |E|max=0.678  geo_temp=26.544  ptemp=0.9998  praw=+8.681  val 0.6338  test 0.6047 (new best)  eval 5.1s
epoch 17/50  link=0.0143  lr=1e-03  train 41.9s  |E|mean=0.180  |E|max=0.674  geo_temp=27.943  ptemp=0.9999  praw=+9.352  val 0.6370  test 0.6063 (new best)  eval 4.9s
epoch 18/50  link=0.0130  lr=1e-03  train 41.9s  |E|mean=0.182  |E|max=0.666  geo_temp=29.322  ptemp=1.0000  praw=+10.008  val 0.6387  test 0.6089 (new best)  eval 5.0s
epoch 19/50  link=0.0122  lr=1e-03  train 41.9s  |E|mean=0.184  |E|max=0.669  geo_temp=30.654  ptemp=1.0000  praw=+10.648  val 0.6396  test 0.6094 (new best)  eval 4.9s
epoch 20/50  link=0.0115  lr=1e-03  train 41.9s  |E|mean=0.186  |E|max=0.664  geo_temp=31.916  ptemp=1.0000  praw=+11.287  val 0.6422  test 0.6118 (new best)  eval 4.9s
epoch 21/50  link=0.0106  lr=1e-03  train 41.9s  |E|mean=0.188  |E|max=0.665  geo_temp=33.108  ptemp=1.0000  praw=+11.877  val 0.6440  test 0.6141 (new best)  eval 4.9s
epoch 22/50  link=0.0103  lr=1e-03  train 41.9s  |E|mean=0.190  |E|max=0.658  geo_temp=34.165  ptemp=1.0000  praw=+12.436  val 0.6446  test 0.6156 (new best)  eval 4.9s
epoch 23/50  link=0.0098  lr=1e-03  train 41.9s  |E|mean=0.191  |E|max=0.658  geo_temp=35.151  ptemp=1.0000  praw=+12.927  val 0.6464  test 0.6175 (new best)  eval 4.9s
epoch 24/50  link=0.0095  lr=1e-03  train 41.9s  |E|mean=0.193  |E|max=0.650  geo_temp=35.979  ptemp=1.0000  praw=+13.365  val 0.6473  test 0.6176 (new best)  eval 4.9s
epoch 25/50  link=0.0091  lr=1e-03  train 41.9s  |E|mean=0.194  |E|max=0.649  geo_temp=36.693  ptemp=1.0000  praw=+13.731  val 0.6482  test 0.6192 (new best)  eval 4.9s
epoch 26/50  link=0.0089  lr=1e-03  train 41.9s  |E|mean=0.196  |E|max=0.649  geo_temp=37.316  ptemp=1.0000  praw=+14.031  val 0.6491  test 0.6193 (new best)  eval 4.9s
epoch 27/50  link=0.0085  lr=1e-03  train 41.9s  |E|mean=0.197  |E|max=0.646  geo_temp=37.903  ptemp=1.0000  praw=+14.271  val 0.6497  test 0.6211 (new best)  eval 4.9s
epoch 28/50  link=0.0081  lr=1e-03  train 41.9s  |E|mean=0.199  |E|max=0.641  geo_temp=38.426  ptemp=1.0000  praw=+14.471  val 0.6502  test 0.6231 (new best)  eval 4.9s
epoch 29/50  link=0.0079  lr=1e-03  train 41.9s  |E|mean=0.200  |E|max=0.635  geo_temp=38.926  ptemp=1.0000  praw=+14.642  val 0.6507  test 0.6234 (new best)  eval 4.9s
epoch 30/50  link=0.0078  lr=1e-03  train 41.9s  |E|mean=0.201  |E|max=0.632  geo_temp=39.314  ptemp=1.0000  praw=+14.783  val 0.6518  test 0.6235 (new best)  eval 4.9s
epoch 31/50  link=0.0075  lr=1e-03  train 41.9s  |E|mean=0.203  |E|max=0.633  geo_temp=39.685  ptemp=1.0000  praw=+14.912  val 0.6526  test 0.6250 (new best)  eval 4.9s
epoch 32/50  link=0.0075  lr=1e-03  train 41.9s  |E|mean=0.204  |E|max=0.630  geo_temp=39.916  ptemp=1.0000  praw=+15.036  val 0.6531  test 0.6260 (new best)  eval 4.9s
epoch 33/50  link=0.0073  lr=1e-03  train 41.9s  |E|mean=0.205  |E|max=0.624  geo_temp=40.135  ptemp=1.0000  praw=+15.125  val 0.6546  test 0.6261 (new best)  eval 4.9s
epoch 34/50  link=0.0069  lr=1e-03  train 41.9s  |E|mean=0.207  |E|max=0.624  geo_temp=40.441  ptemp=1.0000  praw=+15.210  val 0.6553  test 0.6264 (new best)  eval 4.9s
epoch 35/50  link=0.0068  lr=1e-03  train 41.9s  |E|mean=0.208  |E|max=0.615  geo_temp=40.709  ptemp=1.0000  praw=+15.295  val 0.6556  test 0.6279 (new best)  eval 4.9s
epoch 36/50  link=0.0067  lr=1e-03  train 41.9s  |E|mean=0.209  |E|max=0.616  geo_temp=40.943  ptemp=1.0000  praw=+15.374  val 0.6565  test 0.6292 (new best)  eval 4.9s
epoch 37/50  link=0.0063  lr=1e-03  train 41.9s  |E|mean=0.210  |E|max=0.615  geo_temp=41.238  ptemp=1.0000  praw=+15.452  val 0.6572  test 0.6293 (new best)  eval 4.9s
epoch 38/50  link=0.0064  lr=1e-03  train 41.9s  |E|mean=0.212  |E|max=0.615  geo_temp=41.396  ptemp=1.0000  praw=+15.531  val 0.6573  test 0.6310 (new best)  eval 4.9s
epoch 39/50  link=0.0060  lr=1e-03  train 41.9s  |E|mean=0.213  |E|max=0.617  geo_temp=41.623  ptemp=1.0000  praw=+15.571  val 0.6579  test 0.6309 (new best)  eval 4.9s
epoch 40/50  link=0.0060  lr=1e-03  train 41.9s  |E|mean=0.214  |E|max=0.621  geo_temp=41.748  ptemp=1.0000  praw=+15.611  val 0.6588  test 0.6307 (new best)  eval 4.9s
epoch 41/50  link=0.0058  lr=1e-03  train 41.9s  |E|mean=0.215  |E|max=0.621  geo_temp=41.929  ptemp=1.0000  praw=+15.651  val 0.6596  test 0.6311 (new best)  eval 4.9s
epoch 42/50  link=0.0058  lr=1e-03  train 41.9s  |E|mean=0.216  |E|max=0.622  geo_temp=42.044  ptemp=1.0000  praw=+15.690  val 0.6601  test 0.6321 (new best)  eval 4.9s
epoch 43/50  link=0.0057  lr=1e-03  train 41.9s  |E|mean=0.217  |E|max=0.623  geo_temp=42.097  ptemp=1.0000  praw=+15.729  val 0.6611  test 0.6323 (new best)  eval 4.9s
epoch 44/50  link=0.0056  lr=1e-03  train 41.9s  |E|mean=0.219  |E|max=0.623  geo_temp=42.188  ptemp=1.0000  praw=+15.767  val 0.6615  test 0.6336 (new best)  eval 4.9s
epoch 45/50  link=0.0055  lr=1e-03  train 43.2s  |E|mean=0.220  |E|max=0.616  geo_temp=42.256  ptemp=1.0000  praw=+15.806  val 0.6621  test 0.6335 (new best)  eval 4.9s
epoch 46/50  link=0.0054  lr=1e-03  train 46.9s  |E|mean=0.221  |E|max=0.617  geo_temp=42.311  ptemp=1.0000  praw=+15.843  val 0.6621  patience 1/3  eval 4.9s
epoch 47/50  link=0.0053  lr=1e-03  train 46.9s  |E|mean=0.222  |E|max=0.617  geo_temp=42.386  ptemp=1.0000  praw=+15.883  val 0.6631  test 0.6348 (new best)  eval 4.9s
epoch 48/50  link=0.0051  lr=1e-03  train 46.6s  |E|mean=0.223  |E|max=0.617  geo_temp=42.489  ptemp=1.0000  praw=+15.919  val 0.6636  test 0.6346 (new best)  eval 4.9s
epoch 49/50  link=0.0049  lr=1e-03  train 46.5s  |E|mean=0.224  |E|max=0.612  geo_temp=42.629  ptemp=1.0000  praw=+15.952  val 0.6641  test 0.6344 (new best)  eval 4.9s
epoch 50/50  link=0.0050  lr=1e-03  train 46.6s  |E|mean=0.225  |E|max=0.612  geo_temp=42.686  ptemp=1.0000  praw=+15.987  val 0.6651  test 0.6352 (new best)  eval 4.9s
  restored best weights from epoch 50 (val 0.6651, test 0.6352)

=== Final results ===
  dataset:           GoogleLocal
  seed:              42
  stopped_at_epoch:  50
  best_val_mrr:      0.6651
  best_test_mrr:     0.6352
