# K-sweep cell: dataset=GoogleLocal d_emb=64 k_train=100 patience=3 NO pop-bias
# branch=master commit=257af981
# started=2026-08-26 11:38:39
# sequential sweep: GoogleLocal (all K) then YouTube (all K); nothing else on the GPU
# cmd: /its/home/ms2420/tempest-embeddinng/venv/bin/python -u scripts/train_link_property_prediction.py --data-suite tgb-seq \
#        --dataset GoogleLocal --d-emb 64 --k-train 100 --num-epochs 50 \
#        --early-stop-patience 3 --use-gpu --use-gpu-tempest --is-bipartite

=== tempest-embedding training ===
dataset: GoogleLocal
device:  cuda
seed:    42
loaded (tgb-seq) in 0.6s
  num_nodes:     473,581
  neg_pool:      267,336 unique destinations (bipartite)
  t_min:         662601600
  t_max:         1377798281
  T_train:       715196681
  median_inter_arrival: 28.0
  mean_inter_arrival:   430.8
  train edges:   1,802,833
  val edges:     67,588
  test edges:    43,546

=== Config ===
  num_nodes: 473581
  dst_pool: <ndarray shape=(267336,) dtype=int32>
  t_train: 715196681.0
  mean_node_inter_arrival: 93936278.12115154
  d_emb: 64
  use_pop_bias: False
  K_train: 100
  num_walks_per_node: 5
  max_walk_len: 5
  walk_bias: ExponentialWeight
  start_bias: ExponentialWeight
  t2nv_p: 4.0
  t2nv_q: 0.25
  lr: 0.001
  num_epochs: 50
  early_stop_patience: 3
  seed: 42
  use_gpu: True
  use_gpu_tempest: True

=== Parameter counts ===
  model.E:           30,309,184
  head params:                2
  TOTAL trainable:   30,309,186

=== Training ===
  Ingested full graph into Tempest: 1,913,967 edges (once; per-query cutoff enforces causality)
epoch 1/50  link=4.5988  lr=1e-03  train 187.2s  |E|mean=0.075  |E|max=0.388  geo_temp=1.369  ptemp=0.5952  praw=+0.385  val 0.1565  test 0.1432 (new best)  eval 5.5s
epoch 2/50  link=4.4835  lr=1e-03  train 185.5s  |E|mean=0.102  |E|max=0.409  geo_temp=2.670  ptemp=0.8338  praw=+1.613  val 0.2587  test 0.2382 (new best)  eval 5.1s
epoch 3/50  link=4.2912  lr=1e-03  train 184.5s  |E|mean=0.128  |E|max=0.407  geo_temp=4.341  ptemp=0.9396  praw=+2.745  val 0.3252  test 0.3034 (new best)  eval 5.0s
epoch 4/50  link=3.9562  lr=1e-03  train 184.3s  |E|mean=0.151  |E|max=0.444  geo_temp=6.256  ptemp=0.9765  praw=+3.728  val 0.3737  test 0.3509 (new best)  eval 5.0s
epoch 5/50  link=3.4830  lr=1e-03  train 184.5s  |E|mean=0.171  |E|max=0.540  geo_temp=8.210  ptemp=0.9904  praw=+4.639  val 0.4209  test 0.3959 (new best)  eval 5.1s
epoch 6/50  link=2.9396  lr=1e-03  train 184.8s  |E|mean=0.188  |E|max=0.607  geo_temp=10.087  ptemp=0.9959  praw=+5.491  val 0.4695  test 0.4415 (new best)  eval 5.1s
epoch 7/50  link=2.4191  lr=1e-03  train 185.0s  |E|mean=0.203  |E|max=0.637  geo_temp=11.849  ptemp=0.9982  praw=+6.299  val 0.5134  test 0.4820 (new best)  eval 5.0s
epoch 8/50  link=1.9683  lr=1e-03  train 184.9s  |E|mean=0.215  |E|max=0.651  geo_temp=13.518  ptemp=0.9992  praw=+7.116  val 0.5499  test 0.5170 (new best)  eval 5.1s
epoch 9/50  link=1.5923  lr=1e-03  train 184.8s  |E|mean=0.226  |E|max=0.646  geo_temp=15.119  ptemp=0.9997  praw=+7.967  val 0.5765  test 0.5437 (new best)  eval 5.1s
epoch 10/50  link=1.2840  lr=1e-03  train 184.8s  |E|mean=0.236  |E|max=0.643  geo_temp=16.670  ptemp=0.9999  praw=+8.829  val 0.5960  test 0.5633 (new best)  eval 5.1s
epoch 11/50  link=1.0342  lr=1e-03  train 184.7s  |E|mean=0.244  |E|max=0.676  geo_temp=18.181  ptemp=0.9999  praw=+9.673  val 0.6092  test 0.5756 (new best)  eval 5.1s
epoch 12/50  link=0.8343  lr=1e-03  train 184.8s  |E|mean=0.251  |E|max=0.685  geo_temp=19.662  ptemp=1.0000  praw=+10.487  val 0.6188  test 0.5851 (new best)  eval 5.1s
epoch 13/50  link=0.6734  lr=1e-03  train 184.8s  |E|mean=0.258  |E|max=0.689  geo_temp=21.122  ptemp=1.0000  praw=+11.266  val 0.6258  test 0.5927 (new best)  eval 5.1s
epoch 14/50  link=0.5471  lr=1e-03  train 184.8s  |E|mean=0.264  |E|max=0.694  geo_temp=22.568  ptemp=1.0000  praw=+12.013  val 0.6299  test 0.5966 (new best)  eval 5.1s
epoch 15/50  link=0.4466  lr=1e-03  train 184.9s  |E|mean=0.270  |E|max=0.703  geo_temp=24.004  ptemp=1.0000  praw=+12.733  val 0.6326  test 0.5990 (new best)  eval 5.1s
epoch 16/50  link=0.3680  lr=1e-03  train 185.1s  |E|mean=0.275  |E|max=0.698  geo_temp=25.434  ptemp=1.0000  praw=+13.429  val 0.6339  test 0.6010 (new best)  eval 5.1s
epoch 17/50  link=0.3056  lr=1e-03  train 183.1s  |E|mean=0.280  |E|max=0.694  geo_temp=26.865  ptemp=1.0000  praw=+14.104  val 0.6348  test 0.6009 (new best)  eval 4.9s
epoch 18/50  link=0.2571  lr=1e-03  train 182.0s  |E|mean=0.285  |E|max=0.687  geo_temp=28.299  ptemp=1.0000  praw=+14.758  val 0.6347  patience 1/3  eval 4.9s
epoch 19/50  link=0.2189  lr=1e-03  train 181.2s  |E|mean=0.289  |E|max=0.696  geo_temp=29.739  ptemp=1.0000  praw=+15.389  val 0.6341  patience 2/3  eval 4.9s
epoch 20/50  link=0.1894  lr=1e-03  train 181.3s  |E|mean=0.293  |E|max=0.708  geo_temp=31.184  ptemp=1.0000  praw=+15.938  val 0.6341  patience 3/3  eval 4.9s
  restored best weights from epoch 17 (val 0.6348, test 0.6009)

=== Final results ===
  dataset:           GoogleLocal
  seed:              42
  stopped_at_epoch:  17
  best_val_mrr:      0.6348
  best_test_mrr:     0.6009
