# K-sweep cell: dataset=GoogleLocal d_emb=64 k_train=10 patience=3 NO pop-bias
# branch=master commit=257af981
# started=2026-08-26 10:12:43
# sequential sweep: GoogleLocal (all K) then YouTube (all K); nothing else on the GPU
# cmd: /its/home/ms2420/tempest-embeddinng/venv/bin/python -u scripts/train_link_property_prediction.py --data-suite tgb-seq \
#        --dataset GoogleLocal --d-emb 64 --k-train 10 --num-epochs 50 \
#        --early-stop-patience 3 --use-gpu --use-gpu-tempest --is-bipartite

=== tempest-embedding training ===
dataset: GoogleLocal
device:  cuda
seed:    42
loaded (tgb-seq) in 0.6s
  num_nodes:     473,581
  neg_pool:      267,336 unique destinations (bipartite)
  t_min:         662601600
  t_max:         1377798281
  T_train:       715196681
  median_inter_arrival: 28.0
  mean_inter_arrival:   430.8
  train edges:   1,802,833
  val edges:     67,588
  test edges:    43,546

=== Config ===
  num_nodes: 473581
  dst_pool: <ndarray shape=(267336,) dtype=int32>
  t_train: 715196681.0
  mean_node_inter_arrival: 93936278.12115154
  d_emb: 64
  use_pop_bias: False
  K_train: 10
  num_walks_per_node: 5
  max_walk_len: 5
  walk_bias: ExponentialWeight
  start_bias: ExponentialWeight
  t2nv_p: 4.0
  t2nv_q: 0.25
  lr: 0.001
  num_epochs: 50
  early_stop_patience: 3
  seed: 42
  use_gpu: True
  use_gpu_tempest: True

=== Parameter counts ===
  model.E:           30,309,184
  head params:                2
  TOTAL trainable:   30,309,186

=== Training ===
  Ingested full graph into Tempest: 1,913,967 edges (once; per-query cutoff enforces causality)
epoch 1/50  link=2.3820  lr=1e-03  train 54.5s  |E|mean=0.039  |E|max=0.187  geo_temp=2.594  ptemp=0.3463  praw=-0.635  val 0.3671  test 0.3397 (new best)  eval 5.4s
epoch 2/50  link=2.1718  lr=1e-03  train 51.9s  |E|mean=0.076  |E|max=0.416  geo_temp=5.059  ptemp=0.5335  praw=+0.134  val 0.4635  test 0.4392 (new best)  eval 5.1s
epoch 3/50  link=1.7394  lr=1e-03  train 52.3s  |E|mean=0.106  |E|max=0.545  geo_temp=7.229  ptemp=0.7017  praw=+0.856  val 0.5106  test 0.4869 (new best)  eval 5.1s
epoch 4/50  link=1.2709  lr=1e-03  train 52.4s  |E|mean=0.130  |E|max=0.621  geo_temp=9.118  ptemp=0.8177  praw=+1.501  val 0.5488  test 0.5212 (new best)  eval 5.1s
epoch 5/50  link=0.8934  lr=1e-03  train 52.5s  |E|mean=0.149  |E|max=0.659  geo_temp=10.795  ptemp=0.8991  praw=+2.188  val 0.5779  test 0.5505 (new best)  eval 5.1s
epoch 6/50  link=0.6268  lr=1e-03  train 52.5s  |E|mean=0.165  |E|max=0.686  geo_temp=12.331  ptemp=0.9521  praw=+2.989  val 0.6018  test 0.5730 (new best)  eval 5.1s
epoch 7/50  link=0.4466  lr=1e-03  train 52.4s  |E|mean=0.177  |E|max=0.708  geo_temp=13.782  ptemp=0.9794  praw=+3.863  val 0.6202  test 0.5908 (new best)  eval 5.1s
epoch 8/50  link=0.3251  lr=1e-03  train 52.5s  |E|mean=0.188  |E|max=0.710  geo_temp=15.183  ptemp=0.9912  praw=+4.722  val 0.6324  test 0.6027 (new best)  eval 5.1s
epoch 9/50  link=0.2421  lr=1e-03  train 49.2s  |E|mean=0.198  |E|max=0.715  geo_temp=16.559  ptemp=0.9961  praw=+5.532  val 0.6422  test 0.6125 (new best)  eval 5.1s
epoch 10/50  link=0.1848  lr=1e-03  train 52.5s  |E|mean=0.206  |E|max=0.707  geo_temp=17.924  ptemp=0.9982  praw=+6.291  val 0.6494  test 0.6189 (new best)  eval 5.1s
epoch 11/50  link=0.1447  lr=1e-03  train 50.1s  |E|mean=0.213  |E|max=0.707  geo_temp=19.293  ptemp=0.9991  praw=+7.010  val 0.6545  test 0.6239 (new best)  eval 5.1s
epoch 12/50  link=0.1151  lr=1e-03  train 49.3s  |E|mean=0.219  |E|max=0.707  geo_temp=20.673  ptemp=0.9995  praw=+7.703  val 0.6580  test 0.6289 (new best)  eval 5.1s
epoch 13/50  link=0.0947  lr=1e-03  train 49.6s  |E|mean=0.224  |E|max=0.704  geo_temp=22.062  ptemp=0.9998  praw=+8.384  val 0.6608  test 0.6318 (new best)  eval 5.1s
epoch 14/50  link=0.0783  lr=1e-03  train 52.5s  |E|mean=0.229  |E|max=0.698  geo_temp=23.468  ptemp=0.9999  praw=+9.054  val 0.6633  test 0.6341 (new best)  eval 5.0s
epoch 15/50  link=0.0668  lr=1e-03  train 52.6s  |E|mean=0.234  |E|max=0.697  geo_temp=24.888  ptemp=0.9999  praw=+9.725  val 0.6640  test 0.6351 (new best)  eval 5.1s
epoch 16/50  link=0.0573  lr=1e-03  train 52.6s  |E|mean=0.238  |E|max=0.696  geo_temp=26.323  ptemp=1.0000  praw=+10.388  val 0.6654  test 0.6372 (new best)  eval 5.1s
epoch 17/50  link=0.0507  lr=1e-03  train 52.6s  |E|mean=0.241  |E|max=0.693  geo_temp=27.754  ptemp=1.0000  praw=+11.059  val 0.6662  test 0.6373 (new best)  eval 5.1s
epoch 18/50  link=0.0446  lr=1e-03  train 51.1s  |E|mean=0.244  |E|max=0.689  geo_temp=29.200  ptemp=1.0000  praw=+11.723  val 0.6673  test 0.6378 (new best)  eval 5.1s
epoch 19/50  link=0.0401  lr=1e-03  train 52.0s  |E|mean=0.247  |E|max=0.686  geo_temp=30.645  ptemp=1.0000  praw=+12.379  val 0.6678  test 0.6388 (new best)  eval 5.1s
epoch 20/50  link=0.0360  lr=1e-03  train 52.3s  |E|mean=0.249  |E|max=0.681  geo_temp=32.085  ptemp=1.0000  praw=+13.036  val 0.6684  test 0.6383 (new best)  eval 5.1s
epoch 21/50  link=0.0333  lr=1e-03  train 52.3s  |E|mean=0.251  |E|max=0.672  geo_temp=33.487  ptemp=1.0000  praw=+13.665  val 0.6689  test 0.6393 (new best)  eval 5.1s
epoch 22/50  link=0.0307  lr=1e-03  train 52.3s  |E|mean=0.254  |E|max=0.672  geo_temp=34.873  ptemp=1.0000  praw=+14.259  val 0.6687  patience 1/3  eval 5.1s
epoch 23/50  link=0.0285  lr=1e-03  train 52.3s  |E|mean=0.256  |E|max=0.670  geo_temp=36.213  ptemp=1.0000  praw=+14.773  val 0.6686  patience 2/3  eval 5.1s
epoch 24/50  link=0.0268  lr=1e-03  train 52.3s  |E|mean=0.257  |E|max=0.670  geo_temp=37.485  ptemp=1.0000  praw=+15.212  val 0.6686  patience 3/3  eval 5.1s
  restored best weights from epoch 21 (val 0.6689, test 0.6393)

=== Final results ===
  dataset:           GoogleLocal
  seed:              42
  stopped_at_epoch:  21
  best_val_mrr:      0.6689
  best_test_mrr:     0.6393
