# K-sweep cell: dataset=GoogleLocal d_emb=64 k_train=20 patience=3 NO pop-bias
# branch=master commit=257af981
# started=2026-08-26 10:36:46
# sequential sweep: GoogleLocal (all K) then YouTube (all K); nothing else on the GPU
# cmd: /its/home/ms2420/tempest-embeddinng/venv/bin/python -u scripts/train_link_property_prediction.py --data-suite tgb-seq \
#        --dataset GoogleLocal --d-emb 64 --k-train 20 --num-epochs 50 \
#        --early-stop-patience 3 --use-gpu --use-gpu-tempest --is-bipartite

=== tempest-embedding training ===
dataset: GoogleLocal
device:  cuda
seed:    42
loaded (tgb-seq) in 0.6s
  num_nodes:     473,581
  neg_pool:      267,336 unique destinations (bipartite)
  t_min:         662601600
  t_max:         1377798281
  T_train:       715196681
  median_inter_arrival: 28.0
  mean_inter_arrival:   430.8
  train edges:   1,802,833
  val edges:     67,588
  test edges:    43,546

=== Config ===
  num_nodes: 473581
  dst_pool: <ndarray shape=(267336,) dtype=int32>
  t_train: 715196681.0
  mean_node_inter_arrival: 93936278.12115154
  d_emb: 64
  use_pop_bias: False
  K_train: 20
  num_walks_per_node: 5
  max_walk_len: 5
  walk_bias: ExponentialWeight
  start_bias: ExponentialWeight
  t2nv_p: 4.0
  t2nv_q: 0.25
  lr: 0.001
  num_epochs: 50
  early_stop_patience: 3
  seed: 42
  use_gpu: True
  use_gpu_tempest: True

=== Parameter counts ===
  model.E:           30,309,184
  head params:                2
  TOTAL trainable:   30,309,186

=== Training ===
  Ingested full graph into Tempest: 1,913,967 edges (once; per-query cutoff enforces causality)
epoch 1/50  link=3.0300  lr=1e-03  train 63.8s  |E|mean=0.047  |E|max=0.234  geo_temp=2.070  ptemp=0.5941  praw=+0.381  val 0.2697  test 0.2482 (new best)  eval 5.4s
epoch 2/50  link=2.8710  lr=1e-03  train 62.2s  |E|mean=0.080  |E|max=0.324  geo_temp=4.178  ptemp=0.8522  praw=+1.752  val 0.3768  test 0.3541 (new best)  eval 5.1s
epoch 3/50  link=2.5294  lr=1e-03  train 61.9s  |E|mean=0.109  |E|max=0.433  geo_temp=6.320  ptemp=0.9431  praw=+2.808  val 0.4326  test 0.4088 (new best)  eval 5.0s
epoch 4/50  link=2.0630  lr=1e-03  train 61.9s  |E|mean=0.132  |E|max=0.507  geo_temp=8.319  ptemp=0.9751  praw=+3.667  val 0.4810  test 0.4553 (new best)  eval 5.1s
epoch 5/50  link=1.5852  lr=1e-03  train 61.8s  |E|mean=0.152  |E|max=0.562  geo_temp=10.146  ptemp=0.9882  praw=+4.430  val 0.5262  test 0.4977 (new best)  eval 5.0s
epoch 6/50  link=1.1829  lr=1e-03  train 61.9s  |E|mean=0.168  |E|max=0.611  geo_temp=11.822  ptemp=0.9945  praw=+5.202  val 0.5636  test 0.5347 (new best)  eval 5.1s
epoch 7/50  link=0.8758  lr=1e-03  train 61.9s  |E|mean=0.182  |E|max=0.641  geo_temp=13.391  ptemp=0.9976  praw=+6.038  val 0.5931  test 0.5635 (new best)  eval 5.0s
epoch 8/50  link=0.6497  lr=1e-03  train 61.9s  |E|mean=0.194  |E|max=0.665  geo_temp=14.888  ptemp=0.9990  praw=+6.897  val 0.6136  test 0.5829 (new best)  eval 5.1s
epoch 9/50  link=0.4855  lr=1e-03  train 61.8s  |E|mean=0.204  |E|max=0.679  geo_temp=16.337  ptemp=0.9996  praw=+7.731  val 0.6280  test 0.5971 (new best)  eval 5.1s
epoch 10/50  link=0.3664  lr=1e-03  train 61.9s  |E|mean=0.213  |E|max=0.686  geo_temp=17.755  ptemp=0.9998  praw=+8.520  val 0.6374  test 0.6070 (new best)  eval 5.1s
epoch 11/50  link=0.2809  lr=1e-03  train 59.2s  |E|mean=0.221  |E|max=0.693  geo_temp=19.155  ptemp=0.9999  praw=+9.264  val 0.6438  test 0.6139 (new best)  eval 5.1s
epoch 12/50  link=0.2187  lr=1e-03  train 61.8s  |E|mean=0.228  |E|max=0.694  geo_temp=20.546  ptemp=1.0000  praw=+9.975  val 0.6497  test 0.6189 (new best)  eval 5.1s
epoch 13/50  link=0.1732  lr=1e-03  train 61.9s  |E|mean=0.234  |E|max=0.694  geo_temp=21.938  ptemp=1.0000  praw=+10.659  val 0.6534  test 0.6222 (new best)  eval 5.1s
epoch 14/50  link=0.1396  lr=1e-03  train 61.9s  |E|mean=0.240  |E|max=0.693  geo_temp=23.338  ptemp=1.0000  praw=+11.325  val 0.6555  test 0.6243 (new best)  eval 5.0s
epoch 15/50  link=0.1143  lr=1e-03  train 59.7s  |E|mean=0.245  |E|max=0.692  geo_temp=24.748  ptemp=1.0000  praw=+11.984  val 0.6572  test 0.6257 (new best)  eval 5.1s
epoch 16/50  link=0.0957  lr=1e-03  train 59.3s  |E|mean=0.249  |E|max=0.691  geo_temp=26.166  ptemp=1.0000  praw=+12.635  val 0.6576  test 0.6262 (new best)  eval 5.1s
epoch 17/50  link=0.0816  lr=1e-03  train 59.1s  |E|mean=0.253  |E|max=0.684  geo_temp=27.601  ptemp=1.0000  praw=+13.284  val 0.6586  test 0.6272 (new best)  eval 4.9s
epoch 18/50  link=0.0703  lr=1e-03  train 59.1s  |E|mean=0.257  |E|max=0.677  geo_temp=29.044  ptemp=1.0000  praw=+13.912  val 0.6592  test 0.6274 (new best)  eval 4.9s
epoch 19/50  link=0.0617  lr=1e-03  train 59.3s  |E|mean=0.260  |E|max=0.677  geo_temp=30.499  ptemp=1.0000  praw=+14.519  val 0.6591  patience 1/3  eval 4.9s
epoch 20/50  link=0.0549  lr=1e-03  train 59.3s  |E|mean=0.263  |E|max=0.677  geo_temp=31.952  ptemp=1.0000  praw=+15.082  val 0.6588  patience 2/3  eval 4.9s
epoch 21/50  link=0.0488  lr=1e-03  train 59.3s  |E|mean=0.266  |E|max=0.675  geo_temp=33.409  ptemp=1.0000  praw=+15.579  val 0.6596  test 0.6272 (new best)  eval 4.9s
epoch 22/50  link=0.0446  lr=1e-03  train 59.3s  |E|mean=0.269  |E|max=0.674  geo_temp=34.849  ptemp=1.0000  praw=+15.932  val 0.6590  patience 1/3  eval 4.9s
epoch 23/50  link=0.0409  lr=1e-03  train 59.5s  |E|mean=0.271  |E|max=0.674  geo_temp=36.270  ptemp=1.0000  praw=+16.333  val 0.6584  patience 2/3  eval 4.9s
epoch 24/50  link=0.0381  lr=1e-03  train 61.8s  |E|mean=0.273  |E|max=0.674  geo_temp=37.646  ptemp=1.0000  praw=+16.637  val 0.6582  patience 3/3  eval 4.9s
  restored best weights from epoch 21 (val 0.6596, test 0.6272)

=== Final results ===
  dataset:           GoogleLocal
  seed:              42
  stopped_at_epoch:  21
  best_val_mrr:      0.6596
  best_test_mrr:     0.6272
