# K-sweep cell: dataset=GoogleLocal d_emb=64 k_train=3 patience=3 NO pop-bias
# branch=master commit=257af981
# started=2026-08-26 09:06:05
# sequential sweep: GoogleLocal (all K) then YouTube (all K); nothing else on the GPU
# cmd: /its/home/ms2420/tempest-embeddinng/venv/bin/python -u scripts/train_link_property_prediction.py --data-suite tgb-seq \
#        --dataset GoogleLocal --d-emb 64 --k-train 3 --num-epochs 50 \
#        --early-stop-patience 3 --use-gpu --use-gpu-tempest --is-bipartite

=== tempest-embedding training ===
dataset: GoogleLocal
device:  cuda
seed:    42
loaded (tgb-seq) in 0.6s
  num_nodes:     473,581
  neg_pool:      267,336 unique destinations (bipartite)
  t_min:         662601600
  t_max:         1377798281
  T_train:       715196681
  median_inter_arrival: 28.0
  mean_inter_arrival:   430.8
  train edges:   1,802,833
  val edges:     67,588
  test edges:    43,546

=== Config ===
  num_nodes: 473581
  dst_pool: <ndarray shape=(267336,) dtype=int32>
  t_train: 715196681.0
  mean_node_inter_arrival: 93936278.12115154
  d_emb: 64
  use_pop_bias: False
  K_train: 3
  num_walks_per_node: 5
  max_walk_len: 5
  walk_bias: ExponentialWeight
  start_bias: ExponentialWeight
  t2nv_p: 4.0
  t2nv_q: 0.25
  lr: 0.001
  num_epochs: 50
  early_stop_patience: 3
  seed: 42
  use_gpu: True
  use_gpu_tempest: True

=== Parameter counts ===
  model.E:           30,309,184
  head params:                2
  TOTAL trainable:   30,309,186

=== Training ===
  Ingested full graph into Tempest: 1,913,967 edges (once; per-query cutoff enforces causality)
epoch 1/50  link=1.3634  lr=1e-03  train 49.0s  |E|mean=0.032  |E|max=0.207  geo_temp=3.405  ptemp=0.0775  praw=-2.477  val 0.4693  test 0.4321 (new best)  eval 5.5s
epoch 2/50  link=1.1121  lr=1e-03  train 48.5s  |E|mean=0.068  |E|max=0.406  geo_temp=5.982  ptemp=0.1194  praw=-1.998  val 0.5073  test 0.4718 (new best)  eval 5.0s
epoch 3/50  link=0.7524  lr=1e-03  train 48.3s  |E|mean=0.097  |E|max=0.539  geo_temp=7.964  ptemp=0.2739  praw=-0.975  val 0.5416  test 0.5093 (new best)  eval 5.0s
epoch 4/50  link=0.4844  lr=1e-03  train 48.2s  |E|mean=0.119  |E|max=0.571  geo_temp=9.621  ptemp=0.4700  praw=-0.120  val 0.5705  test 0.5422 (new best)  eval 5.1s
epoch 5/50  link=0.3177  lr=1e-03  train 48.2s  |E|mean=0.137  |E|max=0.611  geo_temp=11.102  ptemp=0.6722  praw=+0.718  val 0.5915  test 0.5637 (new best)  eval 5.1s
epoch 6/50  link=0.2164  lr=1e-03  train 48.2s  |E|mean=0.151  |E|max=0.643  geo_temp=12.491  ptemp=0.8277  praw=+1.569  val 0.6055  test 0.5780 (new best)  eval 5.1s
epoch 7/50  link=0.1548  lr=1e-03  train 48.2s  |E|mean=0.162  |E|max=0.671  geo_temp=13.837  ptemp=0.9182  praw=+2.418  val 0.6162  test 0.5886 (new best)  eval 5.1s
epoch 8/50  link=0.1152  lr=1e-03  train 43.3s  |E|mean=0.171  |E|max=0.697  geo_temp=15.174  ptemp=0.9626  praw=+3.247  val 0.6255  test 0.5976 (new best)  eval 5.1s
epoch 9/50  link=0.0892  lr=1e-03  train 43.4s  |E|mean=0.178  |E|max=0.717  geo_temp=16.516  ptemp=0.9825  praw=+4.030  val 0.6326  test 0.6044 (new best)  eval 5.1s
epoch 10/50  link=0.0711  lr=1e-03  train 43.3s  |E|mean=0.185  |E|max=0.719  geo_temp=17.879  ptemp=0.9917  praw=+4.780  val 0.6391  test 0.6106 (new best)  eval 5.1s
epoch 11/50  link=0.0585  lr=1e-03  train 43.3s  |E|mean=0.191  |E|max=0.719  geo_temp=19.261  ptemp=0.9960  praw=+5.506  val 0.6443  test 0.6153 (new best)  eval 5.1s
epoch 12/50  link=0.0489  lr=1e-03  train 43.3s  |E|mean=0.196  |E|max=0.717  geo_temp=20.660  ptemp=0.9980  praw=+6.206  val 0.6474  test 0.6187 (new best)  eval 5.1s
epoch 13/50  link=0.0419  lr=1e-03  train 43.3s  |E|mean=0.200  |E|max=0.711  geo_temp=22.078  ptemp=0.9990  praw=+6.899  val 0.6502  test 0.6221 (new best)  eval 5.1s
epoch 14/50  link=0.0360  lr=1e-03  train 43.5s  |E|mean=0.204  |E|max=0.704  geo_temp=23.508  ptemp=0.9995  praw=+7.574  val 0.6529  test 0.6246 (new best)  eval 5.1s
epoch 15/50  link=0.0324  lr=1e-03  train 43.3s  |E|mean=0.207  |E|max=0.703  geo_temp=24.928  ptemp=0.9997  praw=+8.262  val 0.6557  test 0.6277 (new best)  eval 5.1s
epoch 16/50  link=0.0288  lr=1e-03  train 43.3s  |E|mean=0.210  |E|max=0.702  geo_temp=26.362  ptemp=0.9999  praw=+8.936  val 0.6575  test 0.6300 (new best)  eval 5.1s
epoch 17/50  link=0.0262  lr=1e-03  train 43.6s  |E|mean=0.213  |E|max=0.695  geo_temp=27.769  ptemp=0.9999  praw=+9.613  val 0.6590  test 0.6315 (new best)  eval 5.2s
epoch 18/50  link=0.0240  lr=1e-03  train 43.3s  |E|mean=0.215  |E|max=0.695  geo_temp=29.170  ptemp=1.0000  praw=+10.292  val 0.6612  test 0.6316 (new best)  eval 5.1s
epoch 19/50  link=0.0221  lr=1e-03  train 43.3s  |E|mean=0.217  |E|max=0.687  geo_temp=30.526  ptemp=1.0000  praw=+10.974  val 0.6622  test 0.6329 (new best)  eval 5.1s
epoch 20/50  link=0.0205  lr=1e-03  train 43.3s  |E|mean=0.219  |E|max=0.686  geo_temp=31.846  ptemp=1.0000  praw=+11.636  val 0.6628  test 0.6345 (new best)  eval 5.1s
epoch 21/50  link=0.0193  lr=1e-03  train 43.3s  |E|mean=0.221  |E|max=0.680  geo_temp=33.099  ptemp=1.0000  praw=+12.296  val 0.6640  test 0.6357 (new best)  eval 5.1s
epoch 22/50  link=0.0182  lr=1e-03  train 43.3s  |E|mean=0.223  |E|max=0.679  geo_temp=34.247  ptemp=1.0000  praw=+12.912  val 0.6646  test 0.6366 (new best)  eval 5.1s
epoch 23/50  link=0.0173  lr=1e-03  train 43.3s  |E|mean=0.224  |E|max=0.676  geo_temp=35.298  ptemp=1.0000  praw=+13.487  val 0.6656  test 0.6372 (new best)  eval 5.1s
epoch 24/50  link=0.0163  lr=1e-03  train 43.3s  |E|mean=0.226  |E|max=0.671  geo_temp=36.264  ptemp=1.0000  praw=+13.978  val 0.6662  test 0.6379 (new best)  eval 5.1s
epoch 25/50  link=0.0154  lr=1e-03  train 43.3s  |E|mean=0.227  |E|max=0.665  geo_temp=37.186  ptemp=1.0000  praw=+14.401  val 0.6666  test 0.6385 (new best)  eval 5.1s
epoch 26/50  link=0.0150  lr=1e-03  train 43.3s  |E|mean=0.229  |E|max=0.658  geo_temp=37.947  ptemp=1.0000  praw=+14.743  val 0.6675  test 0.6399 (new best)  eval 5.1s
epoch 27/50  link=0.0144  lr=1e-03  train 43.3s  |E|mean=0.230  |E|max=0.657  geo_temp=38.629  ptemp=1.0000  praw=+15.031  val 0.6675  patience 1/3  eval 5.1s
epoch 28/50  link=0.0138  lr=1e-03  train 43.3s  |E|mean=0.232  |E|max=0.653  geo_temp=39.249  ptemp=1.0000  praw=+15.233  val 0.6680  test 0.6403 (new best)  eval 5.1s
epoch 29/50  link=0.0133  lr=1e-03  train 43.3s  |E|mean=0.233  |E|max=0.653  geo_temp=39.843  ptemp=1.0000  praw=+15.435  val 0.6682  test 0.6409 (new best)  eval 5.1s
epoch 30/50  link=0.0128  lr=1e-03  train 46.6s  |E|mean=0.234  |E|max=0.655  geo_temp=40.387  ptemp=1.0000  praw=+15.590  val 0.6690  test 0.6417 (new best)  eval 5.1s
epoch 31/50  link=0.0123  lr=1e-03  train 42.4s  |E|mean=0.235  |E|max=0.647  geo_temp=40.857  ptemp=1.0000  praw=+15.693  val 0.6695  test 0.6420 (new best)  eval 5.2s
epoch 32/50  link=0.0121  lr=1e-03  train 42.4s  |E|mean=0.237  |E|max=0.648  geo_temp=41.216  ptemp=1.0000  praw=+15.796  val 0.6701  test 0.6422 (new best)  eval 5.1s
epoch 33/50  link=0.0118  lr=1e-03  train 42.4s  |E|mean=0.238  |E|max=0.648  geo_temp=41.527  ptemp=1.0000  praw=+15.898  val 0.6703  test 0.6436 (new best)  eval 5.1s
epoch 34/50  link=0.0112  lr=1e-03  train 42.4s  |E|mean=0.239  |E|max=0.637  geo_temp=41.923  ptemp=1.0000  praw=+15.995  val 0.6704  test 0.6440 (new best)  eval 5.1s
epoch 35/50  link=0.0110  lr=1e-03  train 42.4s  |E|mean=0.240  |E|max=0.637  geo_temp=42.203  ptemp=1.0000  praw=+16.091  val 0.6712  test 0.6438 (new best)  eval 5.1s
epoch 36/50  link=0.0108  lr=1e-03  train 42.4s  |E|mean=0.241  |E|max=0.637  geo_temp=42.464  ptemp=1.0000  praw=+16.190  val 0.6710  patience 1/3  eval 5.1s
epoch 37/50  link=0.0104  lr=1e-03  train 42.4s  |E|mean=0.243  |E|max=0.638  geo_temp=42.710  ptemp=1.0000  praw=+16.284  val 0.6720  test 0.6448 (new best)  eval 5.1s
epoch 38/50  link=0.0101  lr=1e-03  train 42.4s  |E|mean=0.244  |E|max=0.638  geo_temp=42.977  ptemp=1.0000  praw=+16.375  val 0.6717  patience 1/3  eval 5.1s
epoch 39/50  link=0.0098  lr=1e-03  train 42.4s  |E|mean=0.245  |E|max=0.638  geo_temp=43.245  ptemp=1.0000  praw=+16.466  val 0.6722  test 0.6448 (new best)  eval 5.1s
epoch 40/50  link=0.0096  lr=1e-03  train 42.4s  |E|mean=0.246  |E|max=0.638  geo_temp=43.467  ptemp=1.0000  praw=+16.556  val 0.6717  patience 1/3  eval 5.1s
epoch 41/50  link=0.0094  lr=1e-03  train 42.4s  |E|mean=0.247  |E|max=0.638  geo_temp=43.674  ptemp=1.0000  praw=+16.636  val 0.6718  patience 2/3  eval 5.1s
epoch 42/50  link=0.0091  lr=1e-03  train 42.4s  |E|mean=0.248  |E|max=0.638  geo_temp=43.882  ptemp=1.0000  praw=+16.636  val 0.6719  patience 3/3  eval 5.1s
  restored best weights from epoch 39 (val 0.6722, test 0.6448)

=== Final results ===
  dataset:           GoogleLocal
  seed:              42
  stopped_at_epoch:  39
  best_val_mrr:      0.6722
  best_test_mrr:     0.6448
