# K-sweep cell: dataset=GoogleLocal d_emb=64 k_train=5 patience=3 NO pop-bias
# branch=master commit=257af981
# started=2026-08-26 09:42:32
# sequential sweep: GoogleLocal (all K) then YouTube (all K); nothing else on the GPU
# cmd: /its/home/ms2420/tempest-embeddinng/venv/bin/python -u scripts/train_link_property_prediction.py --data-suite tgb-seq \
#        --dataset GoogleLocal --d-emb 64 --k-train 5 --num-epochs 50 \
#        --early-stop-patience 3 --use-gpu --use-gpu-tempest --is-bipartite

=== tempest-embedding training ===
dataset: GoogleLocal
device:  cuda
seed:    42
loaded (tgb-seq) in 0.6s
  num_nodes:     473,581
  neg_pool:      267,336 unique destinations (bipartite)
  t_min:         662601600
  t_max:         1377798281
  T_train:       715196681
  median_inter_arrival: 28.0
  mean_inter_arrival:   430.8
  train edges:   1,802,833
  val edges:     67,588
  test edges:    43,546

=== Config ===
  num_nodes: 473581
  dst_pool: <ndarray shape=(267336,) dtype=int32>
  t_train: 715196681.0
  mean_node_inter_arrival: 93936278.12115154
  d_emb: 64
  use_pop_bias: False
  K_train: 5
  num_walks_per_node: 5
  max_walk_len: 5
  walk_bias: ExponentialWeight
  start_bias: ExponentialWeight
  t2nv_p: 4.0
  t2nv_q: 0.25
  lr: 0.001
  num_epochs: 50
  early_stop_patience: 3
  seed: 42
  use_gpu: True
  use_gpu_tempest: True

=== Parameter counts ===
  model.E:           30,309,184
  head params:                2
  TOTAL trainable:   30,309,186

=== Training ===
  Ingested full graph into Tempest: 1,913,967 edges (once; per-query cutoff enforces causality)
epoch 1/50  link=1.7701  lr=1e-03  train 51.6s  |E|mean=0.035  |E|max=0.206  geo_temp=3.186  ptemp=0.0966  praw=-2.235  val 0.4503  test 0.4153 (new best)  eval 5.4s
epoch 2/50  link=1.5013  lr=1e-03  train 48.1s  |E|mean=0.073  |E|max=0.454  geo_temp=5.782  ptemp=0.1490  praw=-1.742  val 0.5032  test 0.4705 (new best)  eval 5.0s
epoch 3/50  link=1.0633  lr=1e-03  train 45.2s  |E|mean=0.104  |E|max=0.562  geo_temp=7.835  ptemp=0.3009  praw=-0.843  val 0.5406  test 0.5114 (new best)  eval 5.1s
epoch 4/50  link=0.7022  lr=1e-03  train 45.2s  |E|mean=0.128  |E|max=0.623  geo_temp=9.556  ptemp=0.4866  praw=-0.054  val 0.5719  test 0.5449 (new best)  eval 5.0s
epoch 5/50  link=0.4653  lr=1e-03  train 45.2s  |E|mean=0.146  |E|max=0.659  geo_temp=11.080  ptemp=0.6781  praw=+0.745  val 0.5946  test 0.5681 (new best)  eval 5.0s
epoch 6/50  link=0.3185  lr=1e-03  train 49.6s  |E|mean=0.161  |E|max=0.688  geo_temp=12.495  ptemp=0.8290  praw=+1.579  val 0.6103  test 0.5833 (new best)  eval 5.0s
epoch 7/50  link=0.2265  lr=1e-03  train 46.0s  |E|mean=0.172  |E|max=0.705  geo_temp=13.857  ptemp=0.9193  praw=+2.433  val 0.6225  test 0.5953 (new best)  eval 5.0s
epoch 8/50  link=0.1675  lr=1e-03  train 45.2s  |E|mean=0.182  |E|max=0.714  geo_temp=15.196  ptemp=0.9635  praw=+3.274  val 0.6317  test 0.6053 (new best)  eval 5.0s
epoch 9/50  link=0.1281  lr=1e-03  train 45.2s  |E|mean=0.190  |E|max=0.723  geo_temp=16.538  ptemp=0.9833  praw=+4.076  val 0.6402  test 0.6120 (new best)  eval 5.0s
epoch 10/50  link=0.1012  lr=1e-03  train 49.7s  |E|mean=0.197  |E|max=0.720  geo_temp=17.892  ptemp=0.9921  praw=+4.836  val 0.6460  test 0.6187 (new best)  eval 5.1s
epoch 11/50  link=0.0818  lr=1e-03  train 49.6s  |E|mean=0.203  |E|max=0.722  geo_temp=19.265  ptemp=0.9961  praw=+5.556  val 0.6515  test 0.6230 (new best)  eval 5.0s
epoch 12/50  link=0.0676  lr=1e-03  train 49.7s  |E|mean=0.209  |E|max=0.719  geo_temp=20.661  ptemp=0.9981  praw=+6.267  val 0.6557  test 0.6275 (new best)  eval 5.1s
epoch 13/50  link=0.0574  lr=1e-03  train 48.1s  |E|mean=0.213  |E|max=0.714  geo_temp=22.064  ptemp=0.9991  praw=+6.961  val 0.6590  test 0.6305 (new best)  eval 5.0s
epoch 14/50  link=0.0496  lr=1e-03  train 44.8s  |E|mean=0.217  |E|max=0.710  geo_temp=23.485  ptemp=0.9995  praw=+7.645  val 0.6611  test 0.6329 (new best)  eval 5.0s
epoch 15/50  link=0.0432  lr=1e-03  train 45.2s  |E|mean=0.221  |E|max=0.711  geo_temp=24.911  ptemp=0.9998  praw=+8.323  val 0.6625  test 0.6342 (new best)  eval 5.0s
epoch 16/50  link=0.0384  lr=1e-03  train 45.2s  |E|mean=0.224  |E|max=0.704  geo_temp=26.341  ptemp=0.9999  praw=+9.003  val 0.6643  test 0.6360 (new best)  eval 5.1s
epoch 17/50  link=0.0345  lr=1e-03  train 45.2s  |E|mean=0.227  |E|max=0.703  geo_temp=27.772  ptemp=0.9999  praw=+9.685  val 0.6661  test 0.6368 (new best)  eval 5.0s
epoch 18/50  link=0.0313  lr=1e-03  train 45.2s  |E|mean=0.229  |E|max=0.703  geo_temp=29.185  ptemp=1.0000  praw=+10.366  val 0.6669  test 0.6389 (new best)  eval 5.0s
epoch 19/50  link=0.0286  lr=1e-03  train 45.2s  |E|mean=0.231  |E|max=0.703  geo_temp=30.588  ptemp=1.0000  praw=+11.044  val 0.6681  test 0.6396 (new best)  eval 5.0s
epoch 20/50  link=0.0265  lr=1e-03  train 45.2s  |E|mean=0.234  |E|max=0.702  geo_temp=31.940  ptemp=1.0000  praw=+11.720  val 0.6697  test 0.6405 (new best)  eval 5.0s
epoch 21/50  link=0.0248  lr=1e-03  train 45.2s  |E|mean=0.235  |E|max=0.699  geo_temp=33.242  ptemp=1.0000  praw=+12.383  val 0.6693  patience 1/3  eval 5.0s
epoch 22/50  link=0.0229  lr=1e-03  train 45.2s  |E|mean=0.237  |E|max=0.695  geo_temp=34.521  ptemp=1.0000  praw=+13.020  val 0.6703  test 0.6413 (new best)  eval 5.0s
epoch 23/50  link=0.0217  lr=1e-03  train 48.2s  |E|mean=0.239  |E|max=0.688  geo_temp=35.699  ptemp=1.0000  praw=+13.619  val 0.6706  test 0.6425 (new best)  eval 5.1s
epoch 24/50  link=0.0207  lr=1e-03  train 49.6s  |E|mean=0.240  |E|max=0.687  geo_temp=36.751  ptemp=1.0000  praw=+14.155  val 0.6714  test 0.6427 (new best)  eval 5.0s
epoch 25/50  link=0.0195  lr=1e-03  train 49.6s  |E|mean=0.242  |E|max=0.687  geo_temp=37.745  ptemp=1.0000  praw=+14.608  val 0.6716  test 0.6435 (new best)  eval 5.1s
epoch 26/50  link=0.0183  lr=1e-03  train 49.6s  |E|mean=0.243  |E|max=0.680  geo_temp=38.659  ptemp=1.0000  praw=+14.992  val 0.6716  patience 1/3  eval 5.0s
epoch 27/50  link=0.0180  lr=1e-03  train 49.6s  |E|mean=0.245  |E|max=0.674  geo_temp=39.432  ptemp=1.0000  praw=+15.277  val 0.6721  test 0.6438 (new best)  eval 5.1s
epoch 28/50  link=0.0169  lr=1e-03  train 49.7s  |E|mean=0.246  |E|max=0.675  geo_temp=40.170  ptemp=1.0000  praw=+15.546  val 0.6727  test 0.6438 (new best)  eval 5.1s
epoch 29/50  link=0.0162  lr=1e-03  train 44.8s  |E|mean=0.247  |E|max=0.669  geo_temp=40.841  ptemp=1.0000  praw=+15.692  val 0.6732  test 0.6445 (new best)  eval 5.0s
epoch 30/50  link=0.0157  lr=1e-03  train 45.2s  |E|mean=0.249  |E|max=0.669  geo_temp=41.386  ptemp=1.0000  praw=+15.839  val 0.6734  test 0.6448 (new best)  eval 5.1s
epoch 31/50  link=0.0151  lr=1e-03  train 45.2s  |E|mean=0.250  |E|max=0.664  geo_temp=41.911  ptemp=1.0000  praw=+15.985  val 0.6727  patience 1/3  eval 5.0s
epoch 32/50  link=0.0146  lr=1e-03  train 45.2s  |E|mean=0.251  |E|max=0.659  geo_temp=42.361  ptemp=1.0000  praw=+16.129  val 0.6730  patience 2/3  eval 5.0s
epoch 33/50  link=0.0139  lr=1e-03  train 45.2s  |E|mean=0.252  |E|max=0.651  geo_temp=42.823  ptemp=1.0000  praw=+16.270  val 0.6730  patience 3/3  eval 5.0s
  restored best weights from epoch 30 (val 0.6734, test 0.6448)

=== Final results ===
  dataset:           GoogleLocal
  seed:              42
  stopped_at_epoch:  30
  best_val_mrr:      0.6734
  best_test_mrr:     0.6448
