# K-sweep cell: dataset=GoogleLocal d_emb=64 k_train=50 patience=3 NO pop-bias
# branch=master commit=257af981
# started=2026-08-26 11:04:16
# sequential sweep: GoogleLocal (all K) then YouTube (all K); nothing else on the GPU
# cmd: /its/home/ms2420/tempest-embeddinng/venv/bin/python -u scripts/train_link_property_prediction.py --data-suite tgb-seq \
#        --dataset GoogleLocal --d-emb 64 --k-train 50 --num-epochs 50 \
#        --early-stop-patience 3 --use-gpu --use-gpu-tempest --is-bipartite

=== tempest-embedding training ===
dataset: GoogleLocal
device:  cuda
seed:    42
loaded (tgb-seq) in 0.6s
  num_nodes:     473,581
  neg_pool:      267,336 unique destinations (bipartite)
  t_min:         662601600
  t_max:         1377798281
  T_train:       715196681
  median_inter_arrival: 28.0
  mean_inter_arrival:   430.8
  train edges:   1,802,833
  val edges:     67,588
  test edges:    43,546

=== Config ===
  num_nodes: 473581
  dst_pool: <ndarray shape=(267336,) dtype=int32>
  t_train: 715196681.0
  mean_node_inter_arrival: 93936278.12115154
  d_emb: 64
  use_pop_bias: False
  K_train: 50
  num_walks_per_node: 5
  max_walk_len: 5
  walk_bias: ExponentialWeight
  start_bias: ExponentialWeight
  t2nv_p: 4.0
  t2nv_q: 0.25
  lr: 0.001
  num_epochs: 50
  early_stop_patience: 3
  seed: 42
  use_gpu: True
  use_gpu_tempest: True

=== Parameter counts ===
  model.E:           30,309,184
  head params:                2
  TOTAL trainable:   30,309,186

=== Training ===
  Ingested full graph into Tempest: 1,913,967 edges (once; per-query cutoff enforces causality)
epoch 1/50  link=3.9165  lr=1e-03  train 88.1s  |E|mean=0.062  |E|max=0.326  geo_temp=1.618  ptemp=0.6137  praw=+0.463  val 0.1890  test 0.1733 (new best)  eval 5.4s
epoch 2/50  link=3.7884  lr=1e-03  train 86.6s  |E|mean=0.091  |E|max=0.347  geo_temp=3.231  ptemp=0.8614  praw=+1.827  val 0.3032  test 0.2805 (new best)  eval 5.0s
epoch 3/50  link=3.5414  lr=1e-03  train 86.2s  |E|mean=0.118  |E|max=0.360  geo_temp=5.158  ptemp=0.9518  praw=+2.983  val 0.3661  test 0.3434 (new best)  eval 5.0s
epoch 4/50  link=3.1392  lr=1e-03  train 86.2s  |E|mean=0.142  |E|max=0.467  geo_temp=7.163  ptemp=0.9812  praw=+3.956  val 0.4146  test 0.3914 (new best)  eval 5.0s
epoch 5/50  link=2.6316  lr=1e-03  train 86.1s  |E|mean=0.162  |E|max=0.547  geo_temp=9.098  ptemp=0.9921  praw=+4.827  val 0.4638  test 0.4378 (new best)  eval 5.0s
epoch 6/50  link=2.1156  lr=1e-03  train 86.1s  |E|mean=0.179  |E|max=0.591  geo_temp=10.904  ptemp=0.9964  praw=+5.623  val 0.5097  test 0.4814 (new best)  eval 5.0s
epoch 7/50  link=1.6666  lr=1e-03  train 86.0s  |E|mean=0.193  |E|max=0.606  geo_temp=12.591  ptemp=0.9984  praw=+6.415  val 0.5505  test 0.5199 (new best)  eval 5.1s
epoch 8/50  link=1.3027  lr=1e-03  train 86.1s  |E|mean=0.205  |E|max=0.614  geo_temp=14.192  ptemp=0.9993  praw=+7.248  val 0.5801  test 0.5488 (new best)  eval 5.0s
epoch 9/50  link=1.0158  lr=1e-03  train 86.1s  |E|mean=0.216  |E|max=0.644  geo_temp=15.732  ptemp=0.9997  praw=+8.105  val 0.6021  test 0.5698 (new best)  eval 5.0s
epoch 10/50  link=0.7936  lr=1e-03  train 86.2s  |E|mean=0.225  |E|max=0.663  geo_temp=17.224  ptemp=0.9999  praw=+8.947  val 0.6169  test 0.5854 (new best)  eval 5.0s
epoch 11/50  link=0.6209  lr=1e-03  train 86.2s  |E|mean=0.234  |E|max=0.683  geo_temp=18.685  ptemp=0.9999  praw=+9.753  val 0.6270  test 0.5954 (new best)  eval 5.0s
epoch 12/50  link=0.4879  lr=1e-03  train 86.0s  |E|mean=0.241  |E|max=0.699  geo_temp=20.126  ptemp=1.0000  praw=+10.523  val 0.6349  test 0.6019 (new best)  eval 5.0s
epoch 13/50  link=0.3870  lr=1e-03  train 86.1s  |E|mean=0.248  |E|max=0.707  geo_temp=21.551  ptemp=1.0000  praw=+11.256  val 0.6398  test 0.6073 (new best)  eval 5.0s
epoch 14/50  link=0.3096  lr=1e-03  train 86.1s  |E|mean=0.254  |E|max=0.700  geo_temp=22.970  ptemp=1.0000  praw=+11.961  val 0.6429  test 0.6104 (new best)  eval 5.0s
epoch 15/50  link=0.2506  lr=1e-03  train 86.1s  |E|mean=0.260  |E|max=0.699  geo_temp=24.387  ptemp=1.0000  praw=+12.643  val 0.6437  test 0.6121 (new best)  eval 5.0s
epoch 16/50  link=0.2061  lr=1e-03  train 86.0s  |E|mean=0.265  |E|max=0.698  geo_temp=25.807  ptemp=1.0000  praw=+13.310  val 0.6453  test 0.6126 (new best)  eval 5.0s
epoch 17/50  link=0.1717  lr=1e-03  train 84.7s  |E|mean=0.270  |E|max=0.697  geo_temp=27.237  ptemp=1.0000  praw=+13.964  val 0.6453  test 0.6135 (new best)  eval 4.9s
epoch 18/50  link=0.1441  lr=1e-03  train 84.8s  |E|mean=0.274  |E|max=0.701  geo_temp=28.681  ptemp=1.0000  praw=+14.596  val 0.6452  patience 1/3  eval 4.9s
epoch 19/50  link=0.1236  lr=1e-03  train 84.9s  |E|mean=0.278  |E|max=0.712  geo_temp=30.130  ptemp=1.0000  praw=+15.194  val 0.6455  test 0.6126 (new best)  eval 4.9s
epoch 20/50  link=0.1077  lr=1e-03  train 84.8s  |E|mean=0.281  |E|max=0.716  geo_temp=31.589  ptemp=1.0000  praw=+15.730  val 0.6449  patience 1/3  eval 4.9s
epoch 21/50  link=0.0943  lr=1e-03  train 84.9s  |E|mean=0.284  |E|max=0.722  geo_temp=33.061  ptemp=1.0000  praw=+16.275  val 0.6448  patience 2/3  eval 4.9s
epoch 22/50  link=0.0838  lr=1e-03  train 84.7s  |E|mean=0.287  |E|max=0.724  geo_temp=34.528  ptemp=1.0000  praw=+16.639  val 0.6441  patience 3/3  eval 4.9s
  restored best weights from epoch 19 (val 0.6455, test 0.6126)

=== Final results ===
  dataset:           GoogleLocal
  seed:              42
  stopped_at_epoch:  19
  best_val_mrr:      0.6455
  best_test_mrr:     0.6126
