# d-sweep cell: dataset=ML-20M d_emb=16
# branch=master commit=3bfe0624
# started=2026-08-24 07:20:54
# cmd: /its/home/ms2420/tempest-embeddinng/venv/bin/python -u scripts/train_link_property_prediction.py --data-suite tgb-seq \
#        --dataset ML-20M --d-emb 16 --num-epochs 50 --early-stop-patience 3 \
#        --use-gpu --use-gpu-tempest --is-bipartite

=== tempest-embedding training ===
dataset: ML-20M
device:  cuda
seed:    42
loaded (tgb-seq) in 2.7s
  num_nodes:     110,432
  neg_pool:      9,646 unique destinations (bipartite)
  t_min:         789652004
  t_max:         1197076829
  T_train:       407424825
  median_inter_arrival: 10.0
  mean_inter_arrival:   42.9
  train edges:   14,000,091
  val edges:     364,943
  test edges:    129,291

=== Config ===
  num_nodes: 110432
  dst_pool: <ndarray shape=(9646,) dtype=int32>
  t_train: 407424825.0
  mean_node_inter_arrival: 1606858.5143330498
  d_emb: 16
  K_train: 5
  num_walks_per_node: 5
  max_walk_len: 5
  walk_bias: ExponentialWeight
  start_bias: ExponentialWeight
  t2nv_p: 4.0
  t2nv_q: 0.25
  lr: 0.001
  num_epochs: 50
  early_stop_patience: 3
  seed: 42
  use_gpu: True
  use_gpu_tempest: True

=== Parameter counts ===
  model.E:            1,766,912
  head params:                2
  TOTAL trainable:    1,766,914

=== Training ===
  Ingested full graph into Tempest: 14,494,325 edges (once; per-query cutoff enforces causality)
epoch 1/50  link=0.8411  lr=1e-03  train 211.0s  |E|mean=0.076  |E|max=0.886  temp=3.759  ptemp=0.5909  praw=+0.368  val 0.2044  test 0.1970 (new best)  eval 25.9s
epoch 2/50  link=0.6615  lr=1e-03  train 176.8s  |E|mean=0.092  |E|max=0.893  temp=5.273  ptemp=0.4132  praw=-0.351  val 0.2153  test 0.2038 (new best)  eval 25.7s
epoch 3/50  link=0.6357  lr=1e-03  train 176.6s  |E|mean=0.106  |E|max=0.894  temp=5.920  ptemp=0.3740  praw=-0.515  val 0.2201  test 0.2073 (new best)  eval 24.2s
epoch 4/50  link=0.6201  lr=1e-03  train 216.9s  |E|mean=0.119  |E|max=0.902  temp=6.244  ptemp=0.3634  praw=-0.560  val 0.2242  test 0.2090 (new best)  eval 23.3s
epoch 5/50  link=0.6077  lr=1e-03  train 217.0s  |E|mean=0.132  |E|max=0.905  temp=6.407  ptemp=0.3646  praw=-0.555  val 0.2278  test 0.2106 (new best)  eval 24.2s
epoch 6/50  link=0.5972  lr=1e-03  train 216.7s  |E|mean=0.144  |E|max=0.909  temp=6.507  ptemp=0.3675  praw=-0.543  val 0.2295  test 0.2119 (new best)  eval 23.5s
epoch 7/50  link=0.5878  lr=1e-03  train 217.3s  |E|mean=0.156  |E|max=0.907  temp=6.588  ptemp=0.3702  praw=-0.531  val 0.2315  test 0.2125 (new best)  eval 24.1s
epoch 8/50  link=0.5796  lr=1e-03  train 217.0s  |E|mean=0.167  |E|max=0.907  temp=6.640  ptemp=0.3758  praw=-0.507  val 0.2324  test 0.2131 (new best)  eval 23.2s
epoch 9/50  link=0.5722  lr=1e-03  train 216.6s  |E|mean=0.178  |E|max=0.908  temp=6.662  ptemp=0.3864  praw=-0.462  val 0.2335  test 0.2146 (new best)  eval 24.0s
epoch 10/50  link=0.5652  lr=1e-03  train 216.5s  |E|mean=0.189  |E|max=0.901  temp=6.679  ptemp=0.3957  praw=-0.423  val 0.2345  test 0.2155 (new best)  eval 23.3s
epoch 11/50  link=0.5588  lr=1e-03  train 176.6s  |E|mean=0.199  |E|max=0.898  temp=6.684  ptemp=0.4036  praw=-0.391  val 0.2357  test 0.2153 (new best)  eval 22.6s
epoch 12/50  link=0.5529  lr=1e-03  train 216.7s  |E|mean=0.209  |E|max=0.901  temp=6.701  ptemp=0.4134  praw=-0.350  val 0.2362  test 0.2160 (new best)  eval 22.4s
epoch 13/50  link=0.5476  lr=1e-03  train 160.7s  |E|mean=0.218  |E|max=0.897  temp=6.703  ptemp=0.4235  praw=-0.309  val 0.2364  test 0.2161 (new best)  eval 23.3s
epoch 14/50  link=0.5430  lr=1e-03  train 170.6s  |E|mean=0.228  |E|max=0.897  temp=6.665  ptemp=0.4374  praw=-0.252  val 0.2375  test 0.2166 (new best)  eval 22.4s
epoch 15/50  link=0.5384  lr=1e-03  train 159.1s  |E|mean=0.237  |E|max=0.894  temp=6.648  ptemp=0.4501  praw=-0.200  val 0.2377  test 0.2163 (new best)  eval 22.5s
epoch 16/50  link=0.5341  lr=1e-03  train 175.9s  |E|mean=0.246  |E|max=0.894  temp=6.614  ptemp=0.4637  praw=-0.146  val 0.2375  patience 1/3  eval 23.3s
epoch 17/50  link=0.5302  lr=1e-03  train 167.8s  |E|mean=0.255  |E|max=0.893  temp=6.579  ptemp=0.4784  praw=-0.086  val 0.2379  test 0.2166 (new best)  eval 23.2s
epoch 18/50  link=0.5268  lr=1e-03  train 166.8s  |E|mean=0.263  |E|max=0.893  temp=6.526  ptemp=0.4954  praw=-0.019  val 0.2380  test 0.2170 (new best)  eval 22.5s
epoch 19/50  link=0.5236  lr=1e-03  train 177.6s  |E|mean=0.271  |E|max=0.893  temp=6.478  ptemp=0.5111  praw=+0.045  val 0.2385  test 0.2163 (new best)  eval 24.3s
epoch 20/50  link=0.5206  lr=1e-03  train 164.3s  |E|mean=0.279  |E|max=0.897  temp=6.432  ptemp=0.5269  praw=+0.108  val 0.2379  patience 1/3  eval 23.5s
epoch 21/50  link=0.5178  lr=1e-03  train 164.5s  |E|mean=0.287  |E|max=0.896  temp=6.397  ptemp=0.5385  praw=+0.154  val 0.2390  test 0.2161 (new best)  eval 23.5s
epoch 22/50  link=0.5151  lr=1e-03  train 169.6s  |E|mean=0.295  |E|max=0.900  temp=6.343  ptemp=0.5564  praw=+0.226  val 0.2382  patience 1/3  eval 24.3s
epoch 23/50  link=0.5128  lr=1e-03  train 177.5s  |E|mean=0.303  |E|max=0.910  temp=6.269  ptemp=0.5757  praw=+0.305  val 0.2385  patience 2/3  eval 24.2s
epoch 24/50  link=0.5107  lr=1e-03  train 203.7s  |E|mean=0.310  |E|max=0.907  temp=6.186  ptemp=0.5994  praw=+0.403  val 0.2379  patience 3/3  eval 24.3s
  restored best weights from epoch 21 (val 0.2390, test 0.2161)

=== Final results ===
  dataset:           ML-20M
  seed:              42
  stopped_at_epoch:  21
  best_val_mrr:      0.2390
  best_test_mrr:     0.2161
