# d-sweep cell: dataset=ML-20M d_emb=256
# branch=master commit=fd632ac2  (corrected: pulled mid-sweep; --use-pop-bias defaults off, default path byte-identical)
# started=2026-08-24 12:38:16
# cmd: /its/home/ms2420/tempest-embeddinng/venv/bin/python -u scripts/train_link_property_prediction.py --data-suite tgb-seq \
#        --dataset ML-20M --d-emb 256 --num-epochs 50 --early-stop-patience 3 \
#        --use-gpu --use-gpu-tempest --is-bipartite

=== tempest-embedding training ===
dataset: ML-20M
device:  cuda
seed:    42
loaded (tgb-seq) in 2.6s
  num_nodes:     110,432
  neg_pool:      9,646 unique destinations (bipartite)
  t_min:         789652004
  t_max:         1197076829
  T_train:       407424825
  median_inter_arrival: 10.0
  mean_inter_arrival:   42.9
  train edges:   14,000,091
  val edges:     364,943
  test edges:    129,291

=== Config ===
  num_nodes: 110432
  dst_pool: <ndarray shape=(9646,) dtype=int32>
  t_train: 407424825.0
  mean_node_inter_arrival: 1606858.5143330498
  d_emb: 256
  use_pop_bias: False
  K_train: 5
  num_walks_per_node: 5
  max_walk_len: 5
  walk_bias: ExponentialWeight
  start_bias: ExponentialWeight
  t2nv_p: 4.0
  t2nv_q: 0.25
  lr: 0.001
  num_epochs: 50
  early_stop_patience: 3
  seed: 42
  use_gpu: True
  use_gpu_tempest: True

=== Parameter counts ===
  model.E:           28,270,592
  head params:                2
  TOTAL trainable:   28,270,594

=== Training ===
  Ingested full graph into Tempest: 14,494,325 edges (once; per-query cutoff enforces causality)
epoch 1/50  link=0.8290  lr=1e-03  train 419.7s  |E|mean=0.076  |E|max=0.848  temp=4.803  ptemp=0.4360  praw=-0.257  val 0.2101  test 0.1999 (new best)  eval 37.4s
epoch 2/50  link=0.6248  lr=1e-03  train 408.1s  |E|mean=0.092  |E|max=0.863  temp=9.213  ptemp=0.1870  praw=-1.470  val 0.2295  test 0.2121 (new best)  eval 37.0s
epoch 3/50  link=0.5886  lr=1e-03  train 399.6s  |E|mean=0.106  |E|max=0.877  temp=11.435  ptemp=0.1391  praw=-1.823  val 0.2429  test 0.2168 (new best)  eval 36.2s
epoch 4/50  link=0.5709  lr=1e-03  train 415.6s  |E|mean=0.118  |E|max=0.877  temp=12.497  ptemp=0.1266  praw=-1.931  val 0.2501  test 0.2194 (new best)  eval 36.2s
epoch 5/50  link=0.5573  lr=1e-03  train 399.4s  |E|mean=0.130  |E|max=0.872  temp=13.134  ptemp=0.1247  praw=-1.948  val 0.2543  test 0.2212 (new best)  eval 36.2s
epoch 6/50  link=0.5461  lr=1e-03  train 407.0s  |E|mean=0.140  |E|max=0.869  temp=13.594  ptemp=0.1253  praw=-1.943  val 0.2577  test 0.2222 (new best)  eval 36.1s
epoch 7/50  link=0.5363  lr=1e-03  train 399.1s  |E|mean=0.150  |E|max=0.864  temp=13.930  ptemp=0.1287  praw=-1.912  val 0.2589  test 0.2234 (new best)  eval 36.2s
epoch 8/50  link=0.5279  lr=1e-03  train 399.2s  |E|mean=0.160  |E|max=0.857  temp=14.223  ptemp=0.1335  praw=-1.871  val 0.2611  test 0.2236 (new best)  eval 36.1s
epoch 9/50  link=0.5201  lr=1e-03  train 399.2s  |E|mean=0.169  |E|max=0.852  temp=14.469  ptemp=0.1394  praw=-1.820  val 0.2614  test 0.2239 (new best)  eval 36.2s
epoch 10/50  link=0.5128  lr=1e-03  train 399.1s  |E|mean=0.177  |E|max=0.844  temp=14.701  ptemp=0.1466  praw=-1.761  val 0.2628  test 0.2249 (new best)  eval 36.0s
epoch 11/50  link=0.5059  lr=1e-03  train 399.2s  |E|mean=0.185  |E|max=0.834  temp=14.915  ptemp=0.1535  praw=-1.708  val 0.2634  test 0.2247 (new best)  eval 34.5s
epoch 12/50  link=0.4996  lr=1e-03  train 415.9s  |E|mean=0.192  |E|max=0.822  temp=15.116  ptemp=0.1619  praw=-1.644  val 0.2643  test 0.2245 (new best)  eval 34.5s
epoch 13/50  link=0.4940  lr=1e-03  train 411.6s  |E|mean=0.199  |E|max=0.809  temp=15.279  ptemp=0.1719  praw=-1.572  val 0.2639  patience 1/3  eval 34.6s
epoch 14/50  link=0.4886  lr=1e-03  train 406.5s  |E|mean=0.206  |E|max=0.806  temp=15.454  ptemp=0.1820  praw=-1.503  val 0.2636  patience 2/3  eval 34.5s
epoch 15/50  link=0.4833  lr=1e-03  train 407.9s  |E|mean=0.212  |E|max=0.807  temp=15.582  ptemp=0.1957  praw=-1.413  val 0.2636  patience 3/3  eval 34.5s
  restored best weights from epoch 12 (val 0.2643, test 0.2245)

=== Final results ===
  dataset:           ML-20M
  seed:              42
  stopped_at_epoch:  12
  best_val_mrr:      0.2643
  best_test_mrr:     0.2245
