# d-sweep cell: dataset=ML-20M d_emb=32
# branch=master commit=3bfe0624
# started=2026-08-24 08:48:40
# cmd: /its/home/ms2420/tempest-embeddinng/venv/bin/python -u scripts/train_link_property_prediction.py --data-suite tgb-seq \
#        --dataset ML-20M --d-emb 32 --num-epochs 50 --early-stop-patience 3 \
#        --use-gpu --use-gpu-tempest --is-bipartite

=== tempest-embedding training ===
dataset: ML-20M
device:  cuda
seed:    42
loaded (tgb-seq) in 2.7s
  num_nodes:     110,432
  neg_pool:      9,646 unique destinations (bipartite)
  t_min:         789652004
  t_max:         1197076829
  T_train:       407424825
  median_inter_arrival: 10.0
  mean_inter_arrival:   42.9
  train edges:   14,000,091
  val edges:     364,943
  test edges:    129,291

=== Config ===
  num_nodes: 110432
  dst_pool: <ndarray shape=(9646,) dtype=int32>
  t_train: 407424825.0
  mean_node_inter_arrival: 1606858.5143330498
  d_emb: 32
  K_train: 5
  num_walks_per_node: 5
  max_walk_len: 5
  walk_bias: ExponentialWeight
  start_bias: ExponentialWeight
  t2nv_p: 4.0
  t2nv_q: 0.25
  lr: 0.001
  num_epochs: 50
  early_stop_patience: 3
  seed: 42
  use_gpu: True
  use_gpu_tempest: True

=== Parameter counts ===
  model.E:            3,533,824
  head params:                2
  TOTAL trainable:    3,533,826

=== Training ===
  Ingested full graph into Tempest: 14,494,325 edges (once; per-query cutoff enforces causality)
epoch 1/50  link=0.8358  lr=1e-03  train 193.3s  |E|mean=0.076  |E|max=0.868  temp=4.219  ptemp=0.5135  praw=+0.054  val 0.2065  test 0.1981 (new best)  eval 26.9s
epoch 2/50  link=0.6451  lr=1e-03  train 188.1s  |E|mean=0.091  |E|max=0.876  temp=7.039  ptemp=0.2761  praw=-0.964  val 0.2211  test 0.2076 (new best)  eval 26.7s
epoch 3/50  link=0.6126  lr=1e-03  train 215.1s  |E|mean=0.105  |E|max=0.884  temp=8.395  ptemp=0.2288  praw=-1.215  val 0.2299  test 0.2124 (new best)  eval 25.5s
epoch 4/50  link=0.5945  lr=1e-03  train 226.7s  |E|mean=0.118  |E|max=0.886  temp=9.049  ptemp=0.2159  praw=-1.290  val 0.2363  test 0.2152 (new best)  eval 23.3s
epoch 5/50  link=0.5803  lr=1e-03  train 209.0s  |E|mean=0.130  |E|max=0.886  temp=9.406  ptemp=0.2147  praw=-1.297  val 0.2405  test 0.2169 (new best)  eval 25.7s
epoch 6/50  link=0.5686  lr=1e-03  train 194.2s  |E|mean=0.141  |E|max=0.884  temp=9.631  ptemp=0.2184  praw=-1.275  val 0.2432  test 0.2182 (new best)  eval 24.2s
epoch 7/50  link=0.5582  lr=1e-03  train 195.1s  |E|mean=0.152  |E|max=0.882  temp=9.789  ptemp=0.2234  praw=-1.246  val 0.2447  test 0.2193 (new best)  eval 21.0s
epoch 8/50  link=0.5491  lr=1e-03  train 187.3s  |E|mean=0.162  |E|max=0.877  temp=9.910  ptemp=0.2306  praw=-1.205  val 0.2468  test 0.2201 (new best)  eval 26.0s
epoch 9/50  link=0.5408  lr=1e-03  train 187.7s  |E|mean=0.172  |E|max=0.870  temp=10.023  ptemp=0.2387  praw=-1.160  val 0.2482  test 0.2206 (new best)  eval 24.2s
epoch 10/50  link=0.5332  lr=1e-03  train 187.8s  |E|mean=0.181  |E|max=0.863  temp=10.103  ptemp=0.2478  praw=-1.110  val 0.2491  test 0.2211 (new best)  eval 20.9s
epoch 11/50  link=0.5261  lr=1e-03  train 187.6s  |E|mean=0.190  |E|max=0.855  temp=10.187  ptemp=0.2571  praw=-1.061  val 0.2499  test 0.2215 (new best)  eval 24.0s
epoch 12/50  link=0.5196  lr=1e-03  train 225.5s  |E|mean=0.199  |E|max=0.846  temp=10.241  ptemp=0.2689  praw=-1.000  val 0.2515  test 0.2225 (new best)  eval 23.4s
epoch 13/50  link=0.5138  lr=1e-03  train 226.7s  |E|mean=0.207  |E|max=0.834  temp=10.291  ptemp=0.2801  praw=-0.944  val 0.2515  test 0.2211 (new best)  eval 24.1s
epoch 14/50  link=0.5087  lr=1e-03  train 226.3s  |E|mean=0.214  |E|max=0.837  temp=10.299  ptemp=0.2941  praw=-0.876  val 0.2519  test 0.2217 (new best)  eval 23.5s
epoch 15/50  link=0.5037  lr=1e-03  train 225.9s  |E|mean=0.222  |E|max=0.841  temp=10.284  ptemp=0.3110  praw=-0.795  val 0.2524  test 0.2224 (new best)  eval 24.0s
epoch 16/50  link=0.4992  lr=1e-03  train 215.6s  |E|mean=0.229  |E|max=0.849  temp=10.239  ptemp=0.3296  praw=-0.710  val 0.2519  patience 1/3  eval 23.3s
epoch 17/50  link=0.4947  lr=1e-03  train 226.0s  |E|mean=0.236  |E|max=0.858  temp=10.188  ptemp=0.3498  praw=-0.620  val 0.2519  patience 2/3  eval 23.2s
epoch 18/50  link=0.4909  lr=1e-03  train 205.7s  |E|mean=0.242  |E|max=0.864  temp=10.109  ptemp=0.3741  praw=-0.515  val 0.2519  patience 3/3  eval 23.3s
  restored best weights from epoch 15 (val 0.2524, test 0.2224)

=== Final results ===
  dataset:           ML-20M
  seed:              42
  stopped_at_epoch:  15
  best_val_mrr:      0.2524
  best_test_mrr:     0.2224
