# d-sweep cell: dataset=ML-20M d_emb=64
# branch=master commit=3bfe0624
# started=2026-08-24 10:00:11
# cmd: /its/home/ms2420/tempest-embeddinng/venv/bin/python -u scripts/train_link_property_prediction.py --data-suite tgb-seq \
#        --dataset ML-20M --d-emb 64 --num-epochs 50 --early-stop-patience 3 \
#        --use-gpu --use-gpu-tempest --is-bipartite

=== tempest-embedding training ===
dataset: ML-20M
device:  cuda
seed:    42
loaded (tgb-seq) in 2.6s
  num_nodes:     110,432
  neg_pool:      9,646 unique destinations (bipartite)
  t_min:         789652004
  t_max:         1197076829
  T_train:       407424825
  median_inter_arrival: 10.0
  mean_inter_arrival:   42.9
  train edges:   14,000,091
  val edges:     364,943
  test edges:    129,291

=== Config ===
  num_nodes: 110432
  dst_pool: <ndarray shape=(9646,) dtype=int32>
  t_train: 407424825.0
  mean_node_inter_arrival: 1606858.5143330498
  d_emb: 64
  K_train: 5
  num_walks_per_node: 5
  max_walk_len: 5
  walk_bias: ExponentialWeight
  start_bias: ExponentialWeight
  t2nv_p: 4.0
  t2nv_q: 0.25
  lr: 0.001
  num_epochs: 50
  early_stop_patience: 3
  seed: 42
  use_gpu: True
  use_gpu_tempest: True

=== Parameter counts ===
  model.E:            7,067,648
  head params:                2
  TOTAL trainable:    7,067,650

=== Training ===
  Ingested full graph into Tempest: 14,494,325 edges (once; per-query cutoff enforces causality)
epoch 1/50  link=0.8321  lr=1e-03  train 241.8s  |E|mean=0.076  |E|max=0.857  temp=4.535  ptemp=0.4706  praw=-0.118  val 0.2088  test 0.1986 (new best)  eval 28.9s
epoch 2/50  link=0.6346  lr=1e-03  train 209.1s  |E|mean=0.092  |E|max=0.866  temp=8.168  ptemp=0.2245  praw=-1.240  val 0.2255  test 0.2093 (new best)  eval 28.3s
epoch 3/50  link=0.5995  lr=1e-03  train 208.9s  |E|mean=0.105  |E|max=0.880  temp=9.974  ptemp=0.1762  praw=-1.543  val 0.2370  test 0.2145 (new best)  eval 24.9s
epoch 4/50  link=0.5811  lr=1e-03  train 208.7s  |E|mean=0.118  |E|max=0.881  temp=10.801  ptemp=0.1645  praw=-1.625  val 0.2439  test 0.2173 (new best)  eval 16.6s
epoch 5/50  link=0.5672  lr=1e-03  train 208.4s  |E|mean=0.130  |E|max=0.876  temp=11.241  ptemp=0.1640  praw=-1.629  val 0.2479  test 0.2192 (new best)  eval 27.5s
epoch 6/50  link=0.5555  lr=1e-03  train 217.4s  |E|mean=0.141  |E|max=0.870  temp=11.558  ptemp=0.1661  praw=-1.613  val 0.2511  test 0.2209 (new best)  eval 22.1s
epoch 7/50  link=0.5454  lr=1e-03  train 210.8s  |E|mean=0.151  |E|max=0.865  temp=11.789  ptemp=0.1706  praw=-1.582  val 0.2534  test 0.2217 (new best)  eval 27.4s
epoch 8/50  link=0.5363  lr=1e-03  train 245.2s  |E|mean=0.161  |E|max=0.858  temp=11.983  ptemp=0.1764  praw=-1.541  val 0.2546  test 0.2223 (new best)  eval 22.1s
epoch 9/50  link=0.5284  lr=1e-03  train 240.6s  |E|mean=0.170  |E|max=0.852  temp=12.136  ptemp=0.1848  praw=-1.484  val 0.2560  test 0.2228 (new best)  eval 27.5s
epoch 10/50  link=0.5206  lr=1e-03  train 244.6s  |E|mean=0.179  |E|max=0.844  temp=12.287  ptemp=0.1932  praw=-1.429  val 0.2567  test 0.2238 (new best)  eval 22.1s
epoch 11/50  link=0.5137  lr=1e-03  train 209.0s  |E|mean=0.187  |E|max=0.835  temp=12.413  ptemp=0.2021  praw=-1.373  val 0.2581  test 0.2238 (new best)  eval 25.8s
epoch 12/50  link=0.5074  lr=1e-03  train 203.2s  |E|mean=0.194  |E|max=0.824  temp=12.534  ptemp=0.2124  praw=-1.310  val 0.2582  test 0.2236 (new best)  eval 16.6s
epoch 13/50  link=0.5015  lr=1e-03  train 205.3s  |E|mean=0.202  |E|max=0.809  temp=12.632  ptemp=0.2246  praw=-1.239  val 0.2582  test 0.2241 (new best)  eval 25.8s
epoch 14/50  link=0.4962  lr=1e-03  train 203.6s  |E|mean=0.209  |E|max=0.809  temp=12.697  ptemp=0.2374  praw=-1.167  val 0.2586  test 0.2234 (new best)  eval 16.6s
epoch 15/50  link=0.4910  lr=1e-03  train 202.7s  |E|mean=0.215  |E|max=0.819  temp=12.739  ptemp=0.2531  praw=-1.082  val 0.2583  patience 1/3  eval 25.8s
epoch 16/50  link=0.4862  lr=1e-03  train 204.5s  |E|mean=0.222  |E|max=0.824  temp=12.755  ptemp=0.2716  praw=-0.986  val 0.2580  patience 2/3  eval 25.8s
epoch 17/50  link=0.4814  lr=1e-03  train 203.7s  |E|mean=0.228  |E|max=0.828  temp=12.749  ptemp=0.2931  praw=-0.881  val 0.2579  patience 3/3  eval 25.9s
  restored best weights from epoch 14 (val 0.2586, test 0.2234)

=== Final results ===
  dataset:           ML-20M
  seed:              42
  stopped_at_epoch:  14
  best_val_mrr:      0.2586
  best_test_mrr:     0.2234
