# d-sweep cell: dataset=ML-20M d_emb=8
# branch=master commit=3bfe0624
# started=2026-08-24 06:58:51
# cmd: /its/home/ms2420/tempest-embeddinng/venv/bin/python -u scripts/train_link_property_prediction.py --data-suite tgb-seq \
#        --dataset ML-20M --d-emb 8 --num-epochs 50 --early-stop-patience 3 \
#        --use-gpu --use-gpu-tempest --is-bipartite

=== tempest-embedding training ===
dataset: ML-20M
device:  cuda
seed:    42
loaded (tgb-seq) in 2.7s
  num_nodes:     110,432
  neg_pool:      9,646 unique destinations (bipartite)
  t_min:         789652004
  t_max:         1197076829
  T_train:       407424825
  median_inter_arrival: 10.0
  mean_inter_arrival:   42.9
  train edges:   14,000,091
  val edges:     364,943
  test edges:    129,291

=== Config ===
  num_nodes: 110432
  dst_pool: <ndarray shape=(9646,) dtype=int32>
  t_train: 407424825.0
  mean_node_inter_arrival: 1606858.5143330498
  d_emb: 8
  K_train: 5
  num_walks_per_node: 5
  max_walk_len: 5
  walk_bias: ExponentialWeight
  start_bias: ExponentialWeight
  t2nv_p: 4.0
  t2nv_q: 0.25
  lr: 0.001
  num_epochs: 50
  early_stop_patience: 3
  seed: 42
  use_gpu: True
  use_gpu_tempest: True

=== Parameter counts ===
  model.E:              883,456
  head params:                2
  TOTAL trainable:      883,458

=== Training ===
  Ingested full graph into Tempest: 14,494,325 edges (once; per-query cutoff enforces causality)
epoch 1/50  link=0.8518  lr=1e-03  train 215.1s  |E|mean=0.077  |E|max=0.911  temp=3.107  ptemp=0.7208  praw=+0.948  val 0.1988  test 0.1939 (new best)  eval 25.8s
epoch 2/50  link=0.6890  lr=1e-03  train 197.1s  |E|mean=0.093  |E|max=0.950  temp=3.147  ptemp=0.7510  praw=+1.104  val 0.2066  test 0.1983 (new best)  eval 25.4s
epoch 3/50  link=0.6765  lr=1e-03  train 173.2s  |E|mean=0.108  |E|max=0.964  temp=2.991  ptemp=0.8232  praw=+1.538  val 0.2073  test 0.2000 (new best)  eval 25.0s
epoch 4/50  link=0.6715  lr=1e-03  train 178.4s  |E|mean=0.123  |E|max=0.973  temp=2.832  ptemp=0.8761  praw=+1.956  val 0.2062  patience 1/3  eval 24.9s
epoch 5/50  link=0.6682  lr=1e-03  train 192.9s  |E|mean=0.138  |E|max=0.979  temp=2.707  ptemp=0.9117  praw=+2.335  val 0.2048  patience 2/3  eval 25.0s
epoch 6/50  link=0.6668  lr=1e-03  train 180.9s  |E|mean=0.152  |E|max=0.984  temp=2.600  ptemp=0.9329  praw=+2.631  val 0.2035  patience 3/3  eval 24.9s
  restored best weights from epoch 3 (val 0.2073, test 0.2000)

=== Final results ===
  dataset:           ML-20M
  seed:              42
  stopped_at_epoch:  3
  best_val_mrr:      0.2073
  best_test_mrr:     0.2000
