# master run: dataset=GoogleLocal d_emb=32 k_train=1 patience=3 NO pop-bias
# branch=master commit=257af981
# worktree=/its/home/ms2420/tempest-wt-masterbr
# started=2026-08-25 19:30:46
# note: k_train=5 counterpart is run_1.log (stopped by user at ep2)
# cmd: python -u scripts/train_link_property_prediction.py --data-suite tgb-seq \
#        --dataset GoogleLocal --d-emb 32 --k-train 1 --num-epochs 50 \
#        --early-stop-patience 3 --use-gpu --use-gpu-tempest --is-bipartite

=== tempest-embedding training ===
dataset: GoogleLocal
device:  cuda
seed:    42
loaded (tgb-seq) in 0.6s
  num_nodes:     473,581
  neg_pool:      267,336 unique destinations (bipartite)
  t_min:         662601600
  t_max:         1377798281
  T_train:       715196681
  median_inter_arrival: 28.0
  mean_inter_arrival:   430.8
  train edges:   1,802,833
  val edges:     67,588
  test edges:    43,546

=== Config ===
  num_nodes: 473581
  dst_pool: <ndarray shape=(267336,) dtype=int32>
  t_train: 715196681.0
  mean_node_inter_arrival: 93936278.12115154
  d_emb: 32
  use_pop_bias: False
  K_train: 1
  num_walks_per_node: 5
  max_walk_len: 5
  walk_bias: ExponentialWeight
  start_bias: ExponentialWeight
  t2nv_p: 4.0
  t2nv_q: 0.25
  lr: 0.001
  num_epochs: 50
  early_stop_patience: 3
  seed: 42
  use_gpu: True
  use_gpu_tempest: True

=== Parameter counts ===
  model.E:           15,154,592
  head params:                2
  TOTAL trainable:   15,154,594

=== Training ===
  Ingested full graph into Tempest: 1,913,967 edges (once; per-query cutoff enforces causality)
epoch 1/50  link=0.6765  lr=1e-03  train 38.1s  |E|mean=0.026  |E|max=0.201  geo_temp=3.660  ptemp=0.0743  praw=-2.523  val 0.4580  test 0.4213 (new best)  eval 5.2s
epoch 2/50  link=0.5332  lr=1e-03  train 36.3s  |E|mean=0.054  |E|max=0.350  geo_temp=6.155  ptemp=0.0973  praw=-2.227  val 0.4938  test 0.4585 (new best)  eval 4.7s
epoch 3/50  link=0.3548  lr=1e-03  train 36.1s  |E|mean=0.077  |E|max=0.446  geo_temp=8.063  ptemp=0.2503  praw=-1.097  val 0.5238  test 0.4890 (new best)  eval 4.7s
epoch 4/50  link=0.2298  lr=1e-03  train 35.9s  |E|mean=0.096  |E|max=0.537  geo_temp=9.684  ptemp=0.4490  praw=-0.205  val 0.5490  test 0.5170 (new best)  eval 4.8s
epoch 5/50  link=0.1531  lr=1e-03  train 36.0s  |E|mean=0.111  |E|max=0.584  geo_temp=11.159  ptemp=0.6530  praw=+0.632  val 0.5672  test 0.5356 (new best)  eval 4.8s
epoch 6/50  link=0.1064  lr=1e-03  train 36.0s  |E|mean=0.123  |E|max=0.613  geo_temp=12.558  ptemp=0.8121  praw=+1.463  val 0.5777  test 0.5482 (new best)  eval 4.8s
epoch 7/50  link=0.0777  lr=1e-03  train 35.9s  |E|mean=0.132  |E|max=0.645  geo_temp=13.923  ptemp=0.9076  praw=+2.285  val 0.5867  test 0.5563 (new best)  eval 4.8s
epoch 8/50  link=0.0592  lr=1e-03  train 35.5s  |E|mean=0.140  |E|max=0.670  geo_temp=15.284  ptemp=0.9557  praw=+3.072  val 0.5946  test 0.5635 (new best)  eval 4.8s
epoch 9/50  link=0.0469  lr=1e-03  train 30.9s  |E|mean=0.147  |E|max=0.685  geo_temp=16.656  ptemp=0.9787  praw=+3.828  val 0.5995  test 0.5705 (new best)  eval 4.8s
epoch 10/50  link=0.0381  lr=1e-03  train 30.9s  |E|mean=0.153  |E|max=0.688  geo_temp=18.049  ptemp=0.9897  praw=+4.566  val 0.6051  test 0.5763 (new best)  eval 4.8s
epoch 11/50  link=0.0317  lr=1e-03  train 30.5s  |E|mean=0.158  |E|max=0.691  geo_temp=19.459  ptemp=0.9949  praw=+5.272  val 0.6099  test 0.5803 (new best)  eval 4.8s
epoch 12/50  link=0.0273  lr=1e-03  train 31.0s  |E|mean=0.162  |E|max=0.685  geo_temp=20.889  ptemp=0.9974  praw=+5.967  val 0.6137  test 0.5839 (new best)  eval 4.8s
epoch 13/50  link=0.0236  lr=1e-03  train 32.0s  |E|mean=0.166  |E|max=0.685  geo_temp=22.326  ptemp=0.9987  praw=+6.655  val 0.6175  test 0.5874 (new best)  eval 4.8s
epoch 14/50  link=0.0209  lr=1e-03  train 35.9s  |E|mean=0.169  |E|max=0.685  geo_temp=23.765  ptemp=0.9993  praw=+7.328  val 0.6197  test 0.5901 (new best)  eval 4.8s
epoch 15/50  link=0.0186  lr=1e-03  train 36.0s  |E|mean=0.172  |E|max=0.685  geo_temp=25.204  ptemp=0.9997  praw=+7.976  val 0.6223  test 0.5924 (new best)  eval 4.8s
epoch 16/50  link=0.0171  lr=1e-03  train 35.7s  |E|mean=0.175  |E|max=0.686  geo_temp=26.625  ptemp=0.9998  praw=+8.640  val 0.6254  test 0.5947 (new best)  eval 4.8s
epoch 17/50  link=0.0158  lr=1e-03  train 35.8s  |E|mean=0.177  |E|max=0.684  geo_temp=28.029  ptemp=0.9999  praw=+9.315  val 0.6273  test 0.5969 (new best)  eval 4.6s
epoch 18/50  link=0.0146  lr=1e-03  train 35.7s  |E|mean=0.180  |E|max=0.676  geo_temp=29.399  ptemp=1.0000  praw=+9.974  val 0.6294  test 0.5983 (new best)  eval 4.6s
epoch 19/50  link=0.0136  lr=1e-03  train 35.4s  |E|mean=0.182  |E|max=0.676  geo_temp=30.728  ptemp=1.0000  praw=+10.620  val 0.6306  test 0.5998 (new best)  eval 4.6s
epoch 20/50  link=0.0128  lr=1e-03  train 35.8s  |E|mean=0.184  |E|max=0.676  geo_temp=32.000  ptemp=1.0000  praw=+11.259  val 0.6334  test 0.6025 (new best)  eval 4.6s
epoch 21/50  link=0.0119  lr=1e-03  train 35.7s  |E|mean=0.185  |E|max=0.676  geo_temp=33.201  ptemp=1.0000  praw=+11.849  val 0.6347  test 0.6029 (new best)  eval 4.6s
epoch 22/50  link=0.0116  lr=1e-03  train 35.6s  |E|mean=0.187  |E|max=0.672  geo_temp=34.246  ptemp=1.0000  praw=+12.418  val 0.6358  test 0.6049 (new best)  eval 4.6s
epoch 23/50  link=0.0110  lr=1e-03  train 35.7s  |E|mean=0.189  |E|max=0.663  geo_temp=35.226  ptemp=1.0000  praw=+12.918  val 0.6372  test 0.6062 (new best)  eval 4.6s
epoch 24/50  link=0.0107  lr=1e-03  train 35.7s  |E|mean=0.190  |E|max=0.661  geo_temp=36.030  ptemp=1.0000  praw=+13.366  val 0.6383  test 0.6071 (new best)  eval 4.6s
epoch 25/50  link=0.0102  lr=1e-03  train 35.7s  |E|mean=0.192  |E|max=0.661  geo_temp=36.755  ptemp=1.0000  praw=+13.745  val 0.6393  test 0.6084 (new best)  eval 4.6s
epoch 26/50  link=0.0100  lr=1e-03  train 35.9s  |E|mean=0.193  |E|max=0.656  geo_temp=37.347  ptemp=1.0000  praw=+14.055  val 0.6400  test 0.6090 (new best)  eval 4.6s
epoch 27/50  link=0.0097  lr=1e-03  train 35.9s  |E|mean=0.195  |E|max=0.655  geo_temp=37.886  ptemp=1.0000  praw=+14.298  val 0.6404  test 0.6112 (new best)  eval 4.6s
epoch 28/50  link=0.0093  lr=1e-03  train 35.8s  |E|mean=0.196  |E|max=0.652  geo_temp=38.381  ptemp=1.0000  praw=+14.500  val 0.6406  test 0.6114 (new best)  eval 4.6s
epoch 29/50  link=0.0090  lr=1e-03  train 32.7s  |E|mean=0.197  |E|max=0.644  geo_temp=38.861  ptemp=1.0000  praw=+14.681  val 0.6414  test 0.6122 (new best)  eval 4.6s
epoch 30/50  link=0.0089  lr=1e-03  train 30.9s  |E|mean=0.199  |E|max=0.636  geo_temp=39.229  ptemp=1.0000  praw=+14.817  val 0.6425  test 0.6131 (new best)  eval 4.6s
epoch 31/50  link=0.0085  lr=1e-03  train 30.9s  |E|mean=0.200  |E|max=0.637  geo_temp=39.609  ptemp=1.0000  praw=+14.953  val 0.6432  test 0.6142 (new best)  eval 4.6s
epoch 32/50  link=0.0085  lr=1e-03  train 30.9s  |E|mean=0.201  |E|max=0.641  geo_temp=39.852  ptemp=1.0000  praw=+15.069  val 0.6439  test 0.6147 (new best)  eval 4.6s
epoch 33/50  link=0.0083  lr=1e-03  train 30.8s  |E|mean=0.203  |E|max=0.632  geo_temp=40.045  ptemp=1.0000  praw=+15.165  val 0.6449  test 0.6153 (new best)  eval 4.6s
epoch 34/50  link=0.0078  lr=1e-03  train 30.9s  |E|mean=0.204  |E|max=0.632  geo_temp=40.353  ptemp=1.0000  praw=+15.253  val 0.6456  test 0.6162 (new best)  eval 4.6s
epoch 35/50  link=0.0077  lr=1e-03  train 30.9s  |E|mean=0.205  |E|max=0.632  geo_temp=40.638  ptemp=1.0000  praw=+15.342  val 0.6457  test 0.6176 (new best)  eval 4.6s
epoch 36/50  link=0.0076  lr=1e-03  train 30.9s  |E|mean=0.206  |E|max=0.631  geo_temp=40.844  ptemp=1.0000  praw=+15.426  val 0.6468  test 0.6186 (new best)  eval 4.6s
epoch 37/50  link=0.0073  lr=1e-03  train 30.9s  |E|mean=0.208  |E|max=0.631  geo_temp=41.053  ptemp=1.0000  praw=+15.510  val 0.6476  test 0.6192 (new best)  eval 4.6s
epoch 38/50  link=0.0073  lr=1e-03  train 30.9s  |E|mean=0.209  |E|max=0.630  geo_temp=41.217  ptemp=1.0000  praw=+15.566  val 0.6478  test 0.6195 (new best)  eval 4.6s
epoch 39/50  link=0.0069  lr=1e-03  train 30.8s  |E|mean=0.210  |E|max=0.627  geo_temp=41.467  ptemp=1.0000  praw=+15.607  val 0.6483  test 0.6198 (new best)  eval 4.6s
epoch 40/50  link=0.0070  lr=1e-03  train 30.6s  |E|mean=0.211  |E|max=0.623  geo_temp=41.556  ptemp=1.0000  praw=+15.649  val 0.6490  test 0.6198 (new best)  eval 4.6s
epoch 41/50  link=0.0066  lr=1e-03  train 30.8s  |E|mean=0.212  |E|max=0.624  geo_temp=41.766  ptemp=1.0000  praw=+15.692  val 0.6496  test 0.6209 (new best)  eval 4.6s
epoch 42/50  link=0.0066  lr=1e-03  train 30.9s  |E|mean=0.213  |E|max=0.624  geo_temp=41.881  ptemp=1.0000  praw=+15.734  val 0.6499  test 0.6212 (new best)  eval 4.6s
epoch 43/50  link=0.0066  lr=1e-03  train 30.9s  |E|mean=0.215  |E|max=0.619  geo_temp=41.923  ptemp=1.0000  praw=+15.774  val 0.6500  test 0.6205 (new best)  eval 4.6s
epoch 44/50  link=0.0065  lr=1e-03  train 30.9s  |E|mean=0.216  |E|max=0.619  geo_temp=42.005  ptemp=1.0000  praw=+15.814  val 0.6508  test 0.6218 (new best)  eval 4.6s
epoch 45/50  link=0.0064  lr=1e-03  train 30.9s  |E|mean=0.217  |E|max=0.615  geo_temp=42.043  ptemp=1.0000  praw=+15.854  val 0.6514  test 0.6223 (new best)  eval 4.6s
epoch 46/50  link=0.0063  lr=1e-03  train 30.9s  |E|mean=0.218  |E|max=0.616  geo_temp=42.037  ptemp=1.0000  praw=+15.893  val 0.6520  test 0.6224 (new best)  eval 4.6s
epoch 47/50  link=0.0062  lr=1e-03  train 30.9s  |E|mean=0.219  |E|max=0.614  geo_temp=42.112  ptemp=1.0000  praw=+15.936  val 0.6519  patience 1/3  eval 4.6s
epoch 48/50  link=0.0060  lr=1e-03  train 29.8s  |E|mean=0.220  |E|max=0.613  geo_temp=42.214  ptemp=1.0000  praw=+15.974  val 0.6526  test 0.6233 (new best)  eval 4.7s
epoch 49/50  link=0.0058  lr=1e-03  train 31.0s  |E|mean=0.221  |E|max=0.605  geo_temp=42.279  ptemp=1.0000  praw=+16.010  val 0.6529  test 0.6234 (new best)  eval 4.6s
epoch 50/50  link=0.0059  lr=1e-03  train 31.1s  |E|mean=0.223  |E|max=0.606  geo_temp=42.295  ptemp=1.0000  praw=+16.046  val 0.6541  test 0.6234 (new best)  eval 4.7s
  restored best weights from epoch 50 (val 0.6541, test 0.6234)

=== Final results ===
  dataset:           GoogleLocal
  seed:              42
  stopped_at_epoch:  50
  best_val_mrr:      0.6541
  best_test_mrr:     0.6234
