# master run: dataset=GoogleLocal d_emb=32 k_train=5 patience=3 NO pop-bias
# branch=master commit=257af981
# worktree=/its/home/ms2420/tempest-wt-masterbr
# started=2026-08-25 19:21:07
# cmd: python -u scripts/train_link_property_prediction.py --data-suite tgb-seq \
#        --dataset GoogleLocal --d-emb 32 --k-train 5 --num-epochs 50 \
#        --early-stop-patience 3 --use-gpu --use-gpu-tempest --is-bipartite

=== tempest-embedding training ===
dataset: GoogleLocal
device:  cuda
seed:    42
loaded (tgb-seq) in 0.6s
  num_nodes:     473,581
  neg_pool:      267,336 unique destinations (bipartite)
  t_min:         662601600
  t_max:         1377798281
  T_train:       715196681
  median_inter_arrival: 28.0
  mean_inter_arrival:   430.8
  train edges:   1,802,833
  val edges:     67,588
  test edges:    43,546

=== Config ===
  num_nodes: 473581
  dst_pool: <ndarray shape=(267336,) dtype=int32>
  t_train: 715196681.0
  mean_node_inter_arrival: 93936278.12115154
  d_emb: 32
  use_pop_bias: False
  K_train: 5
  num_walks_per_node: 5
  max_walk_len: 5
  walk_bias: ExponentialWeight
  start_bias: ExponentialWeight
  t2nv_p: 4.0
  t2nv_q: 0.25
  lr: 0.001
  num_epochs: 50
  early_stop_patience: 3
  seed: 42
  use_gpu: True
  use_gpu_tempest: True

=== Parameter counts ===
  model.E:           15,154,592
  head params:                2
  TOTAL trainable:   15,154,594

=== Training ===
  Ingested full graph into Tempest: 1,913,967 edges (once; per-query cutoff enforces causality)
epoch 1/50  link=1.7678  lr=1e-03  train 40.9s  |E|mean=0.035  |E|max=0.211  geo_temp=3.279  ptemp=0.0816  praw=-2.421  val 0.4341  test 0.4007 (new best)  eval 5.1s
epoch 2/50  link=1.4842  lr=1e-03  train 39.2s  |E|mean=0.073  |E|max=0.437  geo_temp=5.858  ptemp=0.1241  praw=-1.954  val 0.4889  test 0.4535 (new best)  eval 4.7s
epoch 3/50  link=1.0464  lr=1e-03  train 39.0s  |E|mean=0.104  |E|max=0.545  geo_temp=7.885  ptemp=0.2684  praw=-1.003  val 0.5250  test 0.4953 (new best)  eval 4.8s
epoch 4/50  link=0.6958  lr=1e-03  train 39.0s  |E|mean=0.128  |E|max=0.604  geo_temp=9.587  ptemp=0.4506  praw=-0.198  val 0.5576  test 0.5281 (new best)  eval 4.8s
epoch 5/50  link=0.4677  lr=1e-03  train 39.0s  |E|mean=0.146  |E|max=0.645  geo_temp=11.100  ptemp=0.6447  praw=+0.596  val 0.5815  test 0.5529 (new best)  eval 4.8s
epoch 6/50  link=0.3258  lr=1e-03  train 33.7s  |E|mean=0.160  |E|max=0.679  geo_temp=12.513  ptemp=0.8053  praw=+1.420  val 0.5983  test 0.5700 (new best)  eval 4.8s
epoch 7/50  link=0.2360  lr=1e-03  train 33.6s  |E|mean=0.171  |E|max=0.703  geo_temp=13.877  ptemp=0.9062  praw=+2.268  val 0.6112  test 0.5821 (new best)  eval 4.7s
epoch 8/50  link=0.1775  lr=1e-03  train 33.7s  |E|mean=0.181  |E|max=0.709  geo_temp=15.223  ptemp=0.9575  praw=+3.114  val 0.6218  test 0.5924 (new best)  eval 4.8s
epoch 9/50  link=0.1379  lr=1e-03  train 33.8s  |E|mean=0.189  |E|max=0.721  geo_temp=16.577  ptemp=0.9808  praw=+3.931  val 0.6304  test 0.6003 (new best)  eval 4.8s
epoch 10/50  link=0.1104  lr=1e-03  train 33.8s  |E|mean=0.195  |E|max=0.719  geo_temp=17.946  ptemp=0.9911  praw=+4.708  val 0.6368  test 0.6067 (new best)  eval 4.8s
epoch 11/50  link=0.0902  lr=1e-03  train 33.8s  |E|mean=0.201  |E|max=0.717  geo_temp=19.336  ptemp=0.9957  praw=+5.440  val 0.6413  test 0.6114 (new best)  eval 4.8s
epoch 12/50  link=0.0754  lr=1e-03  train 33.8s  |E|mean=0.206  |E|max=0.711  geo_temp=20.747  ptemp=0.9979  praw=+6.165  val 0.6455  test 0.6155 (new best)  eval 4.8s
# STOPPED by user after epoch 12 (2026-08-25 19:30:46), NOT converged - relaunched with k_train=1
# best at kill: val 0.6455 / test 0.6155 @ ep12, still improving every epoch (patience never fired)
