# sweep cell: dataset=GoogleLocal experiment=complete_runs cell=d64_k5 tag=run_2 (archived as experiment_logs/complete_runs/d64_k5/googlelocal/2.log)
#   d_emb=64 k_train=5 lr=1e-3 patience=5 seed=42 POP-BIAS=ON
#   edges=1.91M bipartite=yes  (flag: '--is-bipartite')
# branch=master commit=df0d6f8
# head (from model.py): Centroid-to-centroid head on the Poincaré ball: s(u,v) = geo_temp * (-d_H(P_u, P_v)) [+ pop_bias[v]].  The distance term is scaled by a learned geo_temp (init 1.0). When the popularity channel is on, 
# started=2026-09-02 20:37:50
# cmd: /mnt/nfs2/inf/ms2420/tempest-embeddinng/venv/bin/python -u scripts/train_link_property_prediction.py --data-suite tgb-seq \
#        --dataset GoogleLocal --d-emb 64 --k-train 5 --lr 1e-3 --use-pop-bias \
#        --num-epochs 50 --early-stop-patience 5 --seed 42 \
#        --use-gpu --use-gpu-tempest --is-bipartite

=== tempest-embedding training ===
dataset: GoogleLocal
device:  cuda
seed:    42
loaded (tgb-seq) in 1.9s
  num_nodes:     473,581
  neg_pool:      267,336 unique destinations (bipartite)
  train edges:   1,802,833
  val edges:     67,588
  test edges:    43,546

=== Config ===
  num_nodes: 473581
  dst_pool: <ndarray shape=(267336,) dtype=int32>
  d_emb: 64
  use_pop_bias: True
  hidden_dim: 32
  K_train: 5
  num_walks_per_node: 5
  max_walk_len: 5
  walk_bias: ExponentialWeight
  start_bias: ExponentialWeight
  t2nv_p: 4.0
  t2nv_q: 0.25
  lr: 0.001
  num_epochs: 50
  early_stop_patience: 5
  seed: 42
  use_gpu: True
  use_gpu_tempest: True

=== Parameter counts ===
  model.E:           30,309,184
  head params:          473,743
  TOTAL trainable:   30,782,927

=== Training ===
  Ingested full graph into Tempest: 1,913,967 edges (once; per-query cutoff enforces causality)
epoch 1/50  link=1.7207  lr=1e-03  train 70.4s  |E|mean=0.032  |E|max=0.371  geo_temp=3.468  val 0.3212  test 0.2876 (new best)  eval 6.0s
epoch 2/50  link=1.3445  lr=1e-03  train 67.5s  |E|mean=0.056  |E|max=0.439  geo_temp=5.737  val 0.3926  test 0.3561 (new best)  eval 5.7s
epoch 3/50  link=1.0046  lr=1e-03  train 67.0s  |E|mean=0.077  |E|max=0.443  geo_temp=7.548  val 0.4416  test 0.4026 (new best)  eval 5.7s
epoch 4/50  link=0.7469  lr=1e-03  train 67.4s  |E|mean=0.095  |E|max=0.437  geo_temp=9.205  val 0.4868  test 0.4471 (new best)  eval 5.7s
epoch 5/50  link=0.5532  lr=1e-03  train 66.8s  |E|mean=0.111  |E|max=0.425  geo_temp=10.772  val 0.5255  test 0.4867 (new best)  eval 5.7s
epoch 6/50  link=0.4122  lr=1e-03  train 66.6s  |E|mean=0.125  |E|max=0.413  geo_temp=12.279  val 0.5567  test 0.5161 (new best)  eval 5.8s
epoch 7/50  link=0.3108  lr=1e-03  train 66.6s  |E|mean=0.137  |E|max=0.400  geo_temp=13.746  val 0.5749  test 0.5348 (new best)  eval 5.6s
epoch 8/50  link=0.2374  lr=1e-03  train 66.7s  |E|mean=0.148  |E|max=0.389  geo_temp=15.190  val 0.5978  test 0.5590 (new best)  eval 5.7s
epoch 9/50  link=0.1844  lr=1e-03  train 66.9s  |E|mean=0.157  |E|max=0.380  geo_temp=16.625  val 0.6189  test 0.5858 (new best)  eval 5.6s
epoch 10/50  link=0.1445  lr=1e-03  train 66.8s  |E|mean=0.165  |E|max=0.378  geo_temp=18.058  val 0.6280  test 0.5960 (new best)  eval 5.6s
epoch 11/50  link=0.1141  lr=1e-03  train 66.6s  |E|mean=0.172  |E|max=0.377  geo_temp=19.501  val 0.6384  test 0.6061 (new best)  eval 5.7s
epoch 12/50  link=0.0907  lr=1e-03  train 66.8s  |E|mean=0.178  |E|max=0.380  geo_temp=20.956  val 0.6475  test 0.6151 (new best)  eval 5.6s
epoch 13/50  link=0.0738  lr=1e-03  train 66.8s  |E|mean=0.183  |E|max=0.388  geo_temp=22.410  val 0.6544  test 0.6233 (new best)  eval 5.6s
epoch 14/50  link=0.0602  lr=1e-03  train 67.1s  |E|mean=0.188  |E|max=0.394  geo_temp=23.874  val 0.6591  test 0.6293 (new best)  eval 5.6s
epoch 15/50  link=0.0500  lr=1e-03  train 66.9s  |E|mean=0.192  |E|max=0.403  geo_temp=25.336  val 0.6603  test 0.6302 (new best)  eval 5.7s
epoch 16/50  link=0.0424  lr=1e-03  train 67.2s  |E|mean=0.195  |E|max=0.403  geo_temp=26.796  val 0.6653  test 0.6380 (new best)  eval 5.7s
epoch 17/50  link=0.0366  lr=1e-03  train 67.0s  |E|mean=0.199  |E|max=0.403  geo_temp=28.253  val 0.6697  test 0.6409 (new best)  eval 5.7s
epoch 18/50  link=0.0320  lr=1e-03  train 67.3s  |E|mean=0.201  |E|max=0.409  geo_temp=29.709  val 0.6731  test 0.6444 (new best)  eval 5.6s
epoch 19/50  link=0.0286  lr=1e-03  train 66.9s  |E|mean=0.204  |E|max=0.412  geo_temp=31.154  val 0.6732  test 0.6450 (new best)  eval 5.5s
epoch 20/50  link=0.0257  lr=1e-03  train 67.1s  |E|mean=0.207  |E|max=0.416  geo_temp=32.589  val 0.6750  test 0.6454 (new best)  eval 5.7s
epoch 21/50  link=0.0236  lr=1e-03  train 66.9s  |E|mean=0.209  |E|max=0.416  geo_temp=33.991  val 0.6787  test 0.6505 (new best)  eval 5.6s
epoch 22/50  link=0.0212  lr=1e-03  train 66.6s  |E|mean=0.211  |E|max=0.417  geo_temp=35.398  val 0.6776  patience 1/5  eval 5.7s
epoch 23/50  link=0.0198  lr=1e-03  train 66.8s  |E|mean=0.213  |E|max=0.417  geo_temp=36.759  val 0.6785  patience 2/5  eval 5.6s
epoch 24/50  link=0.0185  lr=1e-03  train 67.0s  |E|mean=0.215  |E|max=0.417  geo_temp=38.026  val 0.6797  test 0.6520 (new best)  eval 5.5s
epoch 25/50  link=0.0174  lr=1e-03  train 66.7s  |E|mean=0.217  |E|max=0.426  geo_temp=39.245  val 0.6789  patience 1/5  eval 5.6s
epoch 26/50  link=0.0161  lr=1e-03  train 67.1s  |E|mean=0.218  |E|max=0.426  geo_temp=40.411  val 0.6839  test 0.6571 (new best)  eval 6.1s
epoch 27/50  link=0.0156  lr=1e-03  train 67.1s  |E|mean=0.220  |E|max=0.426  geo_temp=41.427  val 0.6829  patience 1/5  eval 5.7s
epoch 28/50  link=0.0145  lr=1e-03  train 67.5s  |E|mean=0.221  |E|max=0.426  geo_temp=42.454  val 0.6779  patience 2/5  eval 5.6s
epoch 29/50  link=0.0140  lr=1e-03  train 67.1s  |E|mean=0.223  |E|max=0.431  geo_temp=43.367  val 0.6802  patience 3/5  eval 6.0s
epoch 30/50  link=0.0134  lr=1e-03  train 67.0s  |E|mean=0.224  |E|max=0.434  geo_temp=44.165  val 0.6805  patience 4/5  eval 5.6s
epoch 31/50  link=0.0128  lr=1e-03  train 66.9s  |E|mean=0.226  |E|max=0.432  geo_temp=44.926  val 0.6833  patience 5/5  eval 5.8s
  restored best weights from epoch 26 (val 0.6839, test 0.6571)

=== Final results ===
  dataset:           GoogleLocal
  seed:              42
  stopped_at_epoch:  26
  best_val_mrr:      0.6839
  best_test_mrr:     0.6571
=== rc=0 finished=2026-09-02 21:17:10 ===
