# dataset=WikiLink experiment=lorentz_projx_shave cell=d64_k5_wpn5_mwl5_lr1e-3 tag=run_1_seed3
#   intrinsic Lorentz manifold, midpoint (sum w)^2 floor, NO projx radius clamp,
#   NO grad clip, NO weight decay, rewritten transp (radial/tangential split).
#   projx SHAVES a detached radius tail (3e2260e, relative-only since 7436020):
#   fence = p50 + 2*(p99.9 - p50), rows past it rescaled to the p99.9 radius,
#   applied by geoopt every stabilize=10 steps. Identity on a healthy cloud.
#   OPTIMISER: one dense RiemannianAdam over all params (sparse reverted, 65ca114).
#   Head: geo_temp * (-d_H). No popularity channel.
#   d_emb=64 k_train=5 num_walks_per_node=5 max_walk_len=5 (both EXPLICIT) lr=1e-3
#   patience=5 num_epochs=100 hidden=32 seed=3
#   edges=34.2M bipartite=no  (flag: 'none')
# branch=master commit=dd954fe
#   lorentz.py md5=c63ad280c4b966af0c50c2a58bc298c8
#   model.py   md5=c6d22976e93632a1c69cc79e99a3f942
#   trainer.py md5=35d7386bd55c7acb3e0f29e62aa0d2b8
#   (shared NFS tree: another session may check out a different branch mid-run,
#    so these pin the code that was actually imported)
# r_mean/r_max are HYPERBOLIC RADIUS, not the ambient |E| of pre-wiring logs
# host=artemis-a40-13.local  SLURM_JOB_ID=11346381  archive target experiment_logs/geometries/lorentz/wikilink/1.log
# started=2026-09-13 08:06:18
# cmd: venv/bin/python -u scripts/train_link_property_prediction.py --data-suite tgb-seq \
#        --dataset WikiLink --d-emb 64 --k-train 5 --num-walks-per-node 5 --max-walk-len 5 \
#        --lr 1e-3 --num-epochs 100 --early-stop-patience 5 --seed 3 \
#        --use-gpu --use-gpu-tempest 

=== tempest-embedding training ===
dataset: WikiLink
device:  cuda
seed:    3
loaded (tgb-seq) in 27.7s
  num_nodes:     1,361,973
  neg_pool:      1,361,972 unique nodes (non-bipartite)
  train edges:   27,635,253
  val edges:     3,455,476
  test edges:    3,073,045

=== Config ===
  num_nodes: 1361973
  dst_pool: <ndarray shape=(1361972,) dtype=int32>
  d_emb: 64
  hidden_dim: 32
  K_train: 5
  num_walks_per_node: 5
  max_walk_len: 5
  walk_bias: ExponentialWeight
  start_bias: ExponentialWeight
  t2nv_p: 4.0
  t2nv_q: 0.25
  lr: 0.001
  num_epochs: 100
  early_stop_patience: 5
  seed: 3
  use_gpu: True
  use_gpu_tempest: True

=== Parameter counts ===
  model.E:           87,166,272
  head params:              162
  TOTAL trainable:   87,166,434

=== Training ===
  Ingested full graph into Tempest: 34,163,774 edges (once; per-query cutoff enforces causality)
epoch 1/100  link=1.2135  lr=1e-03  train 2767.0s  r_mean=0.487  r_max=1.241  geo_temp=14.365  val 0.4504  test 0.4438 (new best)  eval 255.3s
epoch 2/100  link=0.5257  lr=1e-03  train 2765.5s  r_mean=0.732  r_max=1.566  geo_temp=16.161  val 0.5927  test 0.5830 (new best)  eval 256.6s
epoch 3/100  link=0.3378  lr=1e-03  train 2777.8s  r_mean=0.928  r_max=1.811  geo_temp=13.790  val 0.6265  test 0.6176 (new best)  eval 257.0s
epoch 4/100  link=0.2643  lr=1e-03  train 2787.9s  r_mean=1.115  r_max=2.069  geo_temp=12.130  val 0.6424  test 0.6337 (new best)  eval 248.5s
epoch 5/100  link=0.2239  lr=1e-03  train 2775.8s  r_mean=1.299  r_max=2.378  geo_temp=10.821  val 0.6518  test 0.6436 (new best)  eval 244.4s
epoch 6/100  link=0.1992  lr=1e-03  train 2777.6s  r_mean=1.480  r_max=2.668  geo_temp=9.804  val 0.6585  test 0.6500 (new best)  eval 246.2s
epoch 7/100  link=0.1838  lr=1e-03  train 2777.1s  r_mean=1.660  r_max=3.007  geo_temp=8.986  val 0.6620  test 0.6537 (new best)  eval 249.4s
epoch 8/100  link=0.1740  lr=1e-03  train 2765.5s  r_mean=1.839  r_max=3.432  geo_temp=8.354  val 0.6648  test 0.6564 (new best)  eval 252.5s
epoch 9/100  link=0.1676  lr=1e-03  train 2766.9s  r_mean=2.019  r_max=3.624  geo_temp=7.857  val 0.6665  test 0.6580 (new best)  eval 253.2s
epoch 10/100  link=0.1639  lr=1e-03  train 2766.6s  r_mean=2.199  r_max=3.956  geo_temp=7.474  val 0.6678  test 0.6591 (new best)  eval 253.6s
epoch 11/100  link=0.1616  lr=1e-03  train 2765.7s  r_mean=2.380  r_max=4.253  geo_temp=7.179  val 0.6687  test 0.6599 (new best)  eval 247.6s
epoch 12/100  link=0.1604  lr=1e-03  train 2762.0s  r_mean=2.561  r_max=4.475  geo_temp=6.953  val 0.6689  test 0.6600 (new best)  eval 243.5s
epoch 13/100  link=0.1602  lr=1e-03  train 2763.5s  r_mean=2.742  r_max=4.651  geo_temp=6.776  val 0.6688  patience 1/5  eval 246.6s
epoch 14/100  link=0.1605  lr=1e-03  train 2764.4s  r_mean=2.924  r_max=4.898  geo_temp=6.633  val 0.6694  test 0.6602 (new best)  eval 243.5s
epoch 15/100  link=0.1611  lr=1e-03  train 2761.0s  r_mean=3.107  r_max=5.100  geo_temp=6.525  val 0.6692  patience 1/5  eval 245.4s
epoch 16/100  link=0.1620  lr=1e-03  train 2762.8s  r_mean=3.290  r_max=5.417  geo_temp=6.443  val 0.6693  patience 2/5  eval 247.6s
epoch 17/100  link=0.1629  lr=1e-03  train 2763.4s  r_mean=3.473  r_max=5.608  geo_temp=6.369  val 0.6693  patience 3/5  eval 247.8s
epoch 18/100  link=0.1642  lr=1e-03  train 2764.3s  r_mean=3.656  r_max=5.859  geo_temp=6.313  val 0.6690  patience 4/5  eval 247.7s
epoch 19/100  link=0.1653  lr=1e-03  train 2762.3s  r_mean=3.840  r_max=6.043  geo_temp=6.259  val 0.6692  patience 5/5  eval 243.5s
  restored best weights from epoch 14 (val 0.6694, test 0.6602)

=== Final results ===
  dataset:           WikiLink
  seed:              3
  stopped_at_epoch:  14
  best_val_mrr:      0.6694
  best_test_mrr:     0.6602
=== rc=0 finished=2026-09-14 00:51:11 ===
