# K-sweep cell: dataset=YouTube d_emb=64 k_train=1 patience=3 NO pop-bias
# branch=master commit=257af981
# started=2026-08-25 20:34:35
# sequential sweep: GoogleLocal (all K) then YouTube (all K); nothing else on the GPU
# cmd: /its/home/ms2420/tempest-embeddinng/venv/bin/python -u scripts/train_link_property_prediction.py --data-suite tgb-seq \
#        --dataset YouTube --d-emb 64 --k-train 1 --num-epochs 50 \
#        --early-stop-patience 3 --use-gpu --use-gpu-tempest 

=== tempest-embedding training ===
dataset: YouTube
device:  cuda
seed:    42
loaded (tgb-seq) in 0.9s
  num_nodes:     402,423
  neg_pool:      402,422 unique nodes (non-bipartite)
  t_min:         1165705200
  t_max:         1182722400
  T_train:       17017200
  median_inter_arrival: 86400.0
  mean_inter_arrival:   97800.0
  train edges:   2,730,407
  val edges:     324,756
  test edges:    232,865

=== Config ===
  num_nodes: 402423
  dst_pool: <ndarray shape=(402422,) dtype=int32>
  t_train: 17017200.0
  mean_node_inter_arrival: 1254043.0160045738
  d_emb: 64
  use_pop_bias: False
  K_train: 1
  num_walks_per_node: 5
  max_walk_len: 5
  walk_bias: ExponentialWeight
  start_bias: ExponentialWeight
  t2nv_p: 4.0
  t2nv_q: 0.25
  lr: 0.001
  num_epochs: 50
  early_stop_patience: 3
  seed: 42
  use_gpu: True
  use_gpu_tempest: True

=== Parameter counts ===
  model.E:           25,755,072
  head params:                2
  TOTAL trainable:   25,755,074

=== Training ===
  Ingested full graph into Tempest: 3,288,028 edges (once; per-query cutoff enforces causality)
epoch 1/50  link=0.6493  lr=1e-03  train 67.5s  |E|mean=0.038  |E|max=0.499  geo_temp=4.506  ptemp=0.0459  praw=-3.034  val 0.1855  test 0.1656 (new best)  eval 24.9s
epoch 2/50  link=0.4943  lr=1e-03  train 65.8s  |E|mean=0.068  |E|max=0.523  geo_temp=7.271  ptemp=0.2356  praw=-1.177  val 0.2450  test 0.2175 (new best)  eval 24.4s
epoch 3/50  link=0.3656  lr=1e-03  train 65.4s  |E|mean=0.091  |E|max=0.460  geo_temp=9.802  ptemp=0.7435  praw=+1.064  val 0.3107  test 0.2721 (new best)  eval 24.7s
epoch 4/50  link=0.2746  lr=1e-03  train 65.3s  |E|mean=0.106  |E|max=0.404  geo_temp=12.162  ptemp=0.9233  praw=+2.487  val 0.3416  test 0.2981 (new best)  eval 24.5s
epoch 5/50  link=0.2193  lr=1e-03  train 64.7s  |E|mean=0.118  |E|max=0.357  geo_temp=14.447  ptemp=0.9762  praw=+3.714  val 0.3668  test 0.3186 (new best)  eval 24.7s
epoch 6/50  link=0.1825  lr=1e-03  train 57.9s  |E|mean=0.127  |E|max=0.352  geo_temp=16.694  ptemp=0.9924  praw=+4.869  val 0.3872  test 0.3369 (new best)  eval 24.4s
epoch 7/50  link=0.1554  lr=1e-03  train 57.9s  |E|mean=0.135  |E|max=0.349  geo_temp=18.919  ptemp=0.9975  praw=+5.983  val 0.4042  test 0.3520 (new best)  eval 24.6s
epoch 8/50  link=0.1349  lr=1e-03  train 55.9s  |E|mean=0.141  |E|max=0.343  geo_temp=21.121  ptemp=0.9992  praw=+7.079  val 0.4197  test 0.3650 (new best)  eval 24.4s
epoch 9/50  link=0.1190  lr=1e-03  train 57.9s  |E|mean=0.146  |E|max=0.347  geo_temp=23.289  ptemp=0.9997  praw=+8.155  val 0.4331  test 0.3776 (new best)  eval 24.7s
epoch 10/50  link=0.1058  lr=1e-03  train 58.0s  |E|mean=0.151  |E|max=0.349  geo_temp=25.416  ptemp=0.9999  praw=+9.229  val 0.4456  test 0.3886 (new best)  eval 23.7s
epoch 11/50  link=0.0954  lr=1e-03  train 57.9s  |E|mean=0.155  |E|max=0.357  geo_temp=27.481  ptemp=1.0000  praw=+10.286  val 0.4572  test 0.3982 (new best)  eval 23.9s
epoch 12/50  link=0.0870  lr=1e-03  train 57.9s  |E|mean=0.159  |E|max=0.371  geo_temp=29.452  ptemp=1.0000  praw=+11.339  val 0.4684  test 0.4080 (new best)  eval 23.7s
epoch 13/50  link=0.0792  lr=1e-03  train 65.0s  |E|mean=0.162  |E|max=0.388  geo_temp=31.349  ptemp=1.0000  praw=+12.371  val 0.4773  test 0.4156 (new best)  eval 23.8s
epoch 14/50  link=0.0729  lr=1e-03  train 56.5s  |E|mean=0.165  |E|max=0.390  geo_temp=33.119  ptemp=1.0000  praw=+13.358  val 0.4873  test 0.4250 (new best)  eval 23.8s
epoch 15/50  link=0.0676  lr=1e-03  train 57.9s  |E|mean=0.168  |E|max=0.411  geo_temp=34.710  ptemp=1.0000  praw=+14.271  val 0.4948  test 0.4311 (new best)  eval 23.8s
epoch 16/50  link=0.0631  lr=1e-03  train 62.3s  |E|mean=0.171  |E|max=0.423  geo_temp=36.157  ptemp=1.0000  praw=+15.039  val 0.5028  test 0.4386 (new best)  eval 23.7s
epoch 17/50  link=0.0591  lr=1e-03  train 64.9s  |E|mean=0.174  |E|max=0.435  geo_temp=37.440  ptemp=1.0000  praw=+15.608  val 0.5082  test 0.4426 (new best)  eval 23.9s
epoch 18/50  link=0.0555  lr=1e-03  train 65.2s  |E|mean=0.176  |E|max=0.437  geo_temp=38.614  ptemp=1.0000  praw=+16.008  val 0.5150  test 0.4486 (new best)  eval 23.6s
epoch 19/50  link=0.0525  lr=1e-03  train 57.9s  |E|mean=0.178  |E|max=0.449  geo_temp=39.628  ptemp=1.0000  praw=+16.431  val 0.5216  test 0.4561 (new best)  eval 23.8s
epoch 20/50  link=0.0494  lr=1e-03  train 65.5s  |E|mean=0.181  |E|max=0.450  geo_temp=40.577  ptemp=1.0000  praw=+16.638  val 0.5271  test 0.4604 (new best)  eval 23.9s
epoch 21/50  link=0.0472  lr=1e-03  train 65.6s  |E|mean=0.183  |E|max=0.451  geo_temp=41.371  ptemp=1.0000  praw=+16.638  val 0.5331  test 0.4663 (new best)  eval 23.9s
epoch 22/50  link=0.0451  lr=1e-03  train 65.6s  |E|mean=0.185  |E|max=0.469  geo_temp=42.069  ptemp=1.0000  praw=+16.638  val 0.5377  test 0.4700 (new best)  eval 23.8s
epoch 23/50  link=0.0430  lr=1e-03  train 65.6s  |E|mean=0.187  |E|max=0.472  geo_temp=42.708  ptemp=1.0000  praw=+16.638  val 0.5413  test 0.4738 (new best)  eval 24.0s
epoch 24/50  link=0.0413  lr=1e-03  train 65.5s  |E|mean=0.189  |E|max=0.483  geo_temp=43.258  ptemp=1.0000  praw=+16.638  val 0.5435  test 0.4775 (new best)  eval 23.7s
epoch 25/50  link=0.0394  lr=1e-03  train 65.5s  |E|mean=0.192  |E|max=0.503  geo_temp=43.801  ptemp=1.0000  praw=+16.638  val 0.5482  test 0.4794 (new best)  eval 23.9s
epoch 26/50  link=0.0381  lr=1e-03  train 57.8s  |E|mean=0.194  |E|max=0.506  geo_temp=44.261  ptemp=1.0000  praw=+16.638  val 0.5541  test 0.4823 (new best)  eval 23.7s
epoch 27/50  link=0.0367  lr=1e-03  train 57.9s  |E|mean=0.196  |E|max=0.516  geo_temp=44.687  ptemp=1.0000  praw=+16.638  val 0.5581  test 0.4847 (new best)  eval 23.8s
epoch 28/50  link=0.0351  lr=1e-03  train 59.9s  |E|mean=0.198  |E|max=0.525  geo_temp=45.105  ptemp=1.0000  praw=+16.638  val 0.5618  test 0.4878 (new best)  eval 23.7s
epoch 29/50  link=0.0341  lr=1e-03  train 57.8s  |E|mean=0.200  |E|max=0.539  geo_temp=45.435  ptemp=1.0000  praw=+16.638  val 0.5647  test 0.4909 (new best)  eval 23.9s
epoch 30/50  link=0.0329  lr=1e-03  train 57.9s  |E|mean=0.202  |E|max=0.538  geo_temp=45.740  ptemp=1.0000  praw=+16.638  val 0.5665  test 0.4948 (new best)  eval 23.8s
epoch 31/50  link=0.0322  lr=1e-03  train 57.8s  |E|mean=0.203  |E|max=0.542  geo_temp=45.965  ptemp=1.0000  praw=+16.638  val 0.5692  test 0.4966 (new best)  eval 23.8s
epoch 32/50  link=0.0312  lr=1e-03  train 57.8s  |E|mean=0.205  |E|max=0.549  geo_temp=46.164  ptemp=1.0000  praw=+16.638  val 0.5710  test 0.4985 (new best)  eval 23.6s
epoch 33/50  link=0.0301  lr=1e-03  train 65.7s  |E|mean=0.207  |E|max=0.559  geo_temp=46.410  ptemp=1.0000  praw=+16.638  val 0.5740  test 0.4991 (new best)  eval 24.0s
epoch 34/50  link=0.0296  lr=1e-03  train 65.7s  |E|mean=0.209  |E|max=0.560  geo_temp=46.524  ptemp=1.0000  praw=+16.638  val 0.5772  test 0.5029 (new best)  eval 23.6s
epoch 35/50  link=0.0285  lr=1e-03  train 65.7s  |E|mean=0.211  |E|max=0.565  geo_temp=46.727  ptemp=1.0000  praw=+16.638  val 0.5790  test 0.5055 (new best)  eval 23.8s
epoch 36/50  link=0.0280  lr=1e-03  train 65.7s  |E|mean=0.213  |E|max=0.565  geo_temp=46.831  ptemp=1.0000  praw=+16.638  val 0.5820  test 0.5073 (new best)  eval 23.7s
epoch 37/50  link=0.0270  lr=1e-03  train 61.0s  |E|mean=0.215  |E|max=0.568  geo_temp=46.989  ptemp=1.0000  praw=+16.638  val 0.5838  test 0.5089 (new best)  eval 23.9s
epoch 38/50  link=0.0268  lr=1e-03  train 57.9s  |E|mean=0.217  |E|max=0.576  geo_temp=47.036  ptemp=1.0000  praw=+16.638  val 0.5851  test 0.5086 (new best)  eval 23.7s
epoch 39/50  link=0.0260  lr=1e-03  train 57.9s  |E|mean=0.218  |E|max=0.586  geo_temp=47.097  ptemp=1.0000  praw=+16.638  val 0.5871  test 0.5120 (new best)  eval 23.8s
epoch 40/50  link=0.0256  lr=1e-03  train 57.9s  |E|mean=0.220  |E|max=0.598  geo_temp=47.109  ptemp=1.0000  praw=+16.638  val 0.5899  test 0.5131 (new best)  eval 23.6s
epoch 41/50  link=0.0251  lr=1e-03  train 57.9s  |E|mean=0.222  |E|max=0.605  geo_temp=47.123  ptemp=1.0000  praw=+16.638  val 0.5907  test 0.5162 (new best)  eval 23.9s
epoch 42/50  link=0.0245  lr=1e-03  train 60.3s  |E|mean=0.224  |E|max=0.605  geo_temp=47.160  ptemp=1.0000  praw=+16.638  val 0.5915  test 0.5162 (new best)  eval 23.7s
epoch 43/50  link=0.0239  lr=1e-03  train 57.9s  |E|mean=0.225  |E|max=0.606  geo_temp=47.178  ptemp=1.0000  praw=+16.638  val 0.5933  test 0.5177 (new best)  eval 23.8s
epoch 44/50  link=0.0236  lr=1e-03  train 57.9s  |E|mean=0.227  |E|max=0.615  geo_temp=47.140  ptemp=1.0000  praw=+16.638  val 0.5952  test 0.5190 (new best)  eval 23.8s
epoch 45/50  link=0.0232  lr=1e-03  train 57.9s  |E|mean=0.229  |E|max=0.623  geo_temp=47.096  ptemp=1.0000  praw=+16.638  val 0.5948  patience 1/3  eval 23.7s
epoch 46/50  link=0.0228  lr=1e-03  train 57.9s  |E|mean=0.231  |E|max=0.624  geo_temp=47.065  ptemp=1.0000  praw=+16.638  val 0.5974  test 0.5196 (new best)  eval 23.7s
epoch 47/50  link=0.0224  lr=1e-03  train 57.9s  |E|mean=0.232  |E|max=0.634  geo_temp=47.012  ptemp=1.0000  praw=+16.638  val 0.5992  test 0.5211 (new best)  eval 22.0s
epoch 48/50  link=0.0220  lr=1e-03  train 57.9s  |E|mean=0.234  |E|max=0.636  geo_temp=46.958  ptemp=1.0000  praw=+16.638  val 0.6000  test 0.5217 (new best)  eval 22.1s
epoch 49/50  link=0.0216  lr=1e-03  train 57.9s  |E|mean=0.236  |E|max=0.636  geo_temp=46.926  ptemp=1.0000  praw=+16.638  val 0.6017  test 0.5235 (new best)  eval 22.0s
epoch 50/50  link=0.0216  lr=1e-03  train 57.9s  |E|mean=0.238  |E|max=0.643  geo_temp=46.802  ptemp=1.0000  praw=+16.638  val 0.6029  test 0.5241 (new best)  eval 22.1s
  restored best weights from epoch 50 (val 0.6029, test 0.5241)

=== Final results ===
  dataset:           YouTube
  seed:              42
  stopped_at_epoch:  50
  best_val_mrr:      0.6029
  best_test_mrr:     0.5241
