# K-sweep cell: dataset=YouTube d_emb=64 k_train=100 patience=3 NO pop-bias
# branch=master commit=257af981
# started=2026-08-26 04:43:05
# sequential sweep: GoogleLocal (all K) then YouTube (all K); nothing else on the GPU
# cmd: /its/home/ms2420/tempest-embeddinng/venv/bin/python -u scripts/train_link_property_prediction.py --data-suite tgb-seq \
#        --dataset YouTube --d-emb 64 --k-train 100 --num-epochs 50 \
#        --early-stop-patience 3 --use-gpu --use-gpu-tempest 

=== tempest-embedding training ===
dataset: YouTube
device:  cuda
seed:    42
loaded (tgb-seq) in 0.9s
  num_nodes:     402,423
  neg_pool:      402,422 unique nodes (non-bipartite)
  t_min:         1165705200
  t_max:         1182722400
  T_train:       17017200
  median_inter_arrival: 86400.0
  mean_inter_arrival:   97800.0
  train edges:   2,730,407
  val edges:     324,756
  test edges:    232,865

=== Config ===
  num_nodes: 402423
  dst_pool: <ndarray shape=(402422,) dtype=int32>
  t_train: 17017200.0
  mean_node_inter_arrival: 1254043.0160045738
  d_emb: 64
  use_pop_bias: False
  K_train: 100
  num_walks_per_node: 5
  max_walk_len: 5
  walk_bias: ExponentialWeight
  start_bias: ExponentialWeight
  t2nv_p: 4.0
  t2nv_q: 0.25
  lr: 0.001
  num_epochs: 50
  early_stop_patience: 3
  seed: 42
  use_gpu: True
  use_gpu_tempest: True

=== Parameter counts ===
  model.E:           25,755,072
  head params:                2
  TOTAL trainable:   25,755,074

=== Training ===
  Ingested full graph into Tempest: 3,288,028 edges (once; per-query cutoff enforces causality)
epoch 1/50  link=4.6147  lr=1e-03  train 278.3s  |E|mean=0.188  |E|max=0.481  geo_temp=0.896  ptemp=0.3989  praw=-0.410  val 0.0931  test 0.0838 (new best)  eval 24.5s
epoch 2/50  link=4.4162  lr=1e-03  train 279.4s  |E|mean=0.250  |E|max=0.663  geo_temp=2.331  ptemp=0.7680  praw=+1.197  val 0.2047  test 0.1765 (new best)  eval 24.3s
epoch 3/50  link=4.0215  lr=1e-03  train 277.5s  |E|mean=0.302  |E|max=0.715  geo_temp=4.239  ptemp=0.9351  praw=+2.668  val 0.2986  test 0.2624 (new best)  eval 24.3s
epoch 4/50  link=3.5557  lr=1e-03  train 277.9s  |E|mean=0.333  |E|max=0.758  geo_temp=6.058  ptemp=0.9831  praw=+4.061  val 0.3912  test 0.3454 (new best)  eval 24.4s
epoch 5/50  link=3.1477  lr=1e-03  train 277.6s  |E|mean=0.353  |E|max=0.811  geo_temp=7.769  ptemp=0.9955  praw=+5.403  val 0.4726  test 0.4163 (new best)  eval 24.5s
epoch 6/50  link=2.7989  lr=1e-03  train 277.5s  |E|mean=0.367  |E|max=0.824  geo_temp=9.420  ptemp=0.9988  praw=+6.703  val 0.5389  test 0.4725 (new best)  eval 24.4s
epoch 7/50  link=2.5025  lr=1e-03  train 278.3s  |E|mean=0.377  |E|max=0.811  geo_temp=11.028  ptemp=0.9997  praw=+7.968  val 0.5853  test 0.5137 (new best)  eval 24.4s
epoch 8/50  link=2.2550  lr=1e-03  train 277.8s  |E|mean=0.386  |E|max=0.787  geo_temp=12.550  ptemp=0.9999  praw=+9.196  val 0.6147  test 0.5414 (new best)  eval 24.4s
epoch 9/50  link=2.0556  lr=1e-03  train 277.7s  |E|mean=0.394  |E|max=0.787  geo_temp=13.924  ptemp=1.0000  praw=+10.387  val 0.6334  test 0.5586 (new best)  eval 24.4s
epoch 10/50  link=1.8985  lr=1e-03  train 276.9s  |E|mean=0.400  |E|max=0.795  geo_temp=15.104  ptemp=1.0000  praw=+11.546  val 0.6459  test 0.5707 (new best)  eval 23.8s
epoch 11/50  link=1.7757  lr=1e-03  train 273.2s  |E|mean=0.406  |E|max=0.804  geo_temp=16.069  ptemp=1.0000  praw=+12.680  val 0.6536  test 0.5782 (new best)  eval 23.8s
epoch 12/50  link=1.6769  lr=1e-03  train 274.3s  |E|mean=0.410  |E|max=0.827  geo_temp=16.837  ptemp=1.0000  praw=+13.795  val 0.6594  test 0.5845 (new best)  eval 23.8s
epoch 13/50  link=1.5960  lr=1e-03  train 274.8s  |E|mean=0.415  |E|max=0.868  geo_temp=17.442  ptemp=1.0000  praw=+14.884  val 0.6637  test 0.5885 (new best)  eval 23.9s
epoch 14/50  link=1.5263  lr=1e-03  train 273.1s  |E|mean=0.419  |E|max=0.889  geo_temp=17.922  ptemp=1.0000  praw=+15.912  val 0.6672  test 0.5916 (new best)  eval 23.7s
epoch 15/50  link=1.4662  lr=1e-03  train 273.3s  |E|mean=0.423  |E|max=0.924  geo_temp=18.305  ptemp=1.0000  praw=+16.644  val 0.6705  test 0.5955 (new best)  eval 23.7s
epoch 16/50  link=1.4127  lr=1e-03  train 274.2s  |E|mean=0.427  |E|max=0.950  geo_temp=18.617  ptemp=1.0000  praw=+16.644  val 0.6727  test 0.5966 (new best)  eval 23.8s
epoch 17/50  link=1.3644  lr=1e-03  train 273.7s  |E|mean=0.430  |E|max=0.965  geo_temp=18.876  ptemp=1.0000  praw=+16.644  val 0.6749  test 0.5990 (new best)  eval 23.8s
epoch 18/50  link=1.3210  lr=1e-03  train 273.7s  |E|mean=0.433  |E|max=0.974  geo_temp=19.091  ptemp=1.0000  praw=+16.644  val 0.6771  test 0.6015 (new best)  eval 23.7s
epoch 19/50  link=1.2812  lr=1e-03  train 274.2s  |E|mean=0.437  |E|max=0.980  geo_temp=19.275  ptemp=1.0000  praw=+16.644  val 0.6790  test 0.6027 (new best)  eval 23.8s
epoch 20/50  link=1.2445  lr=1e-03  train 273.2s  |E|mean=0.440  |E|max=0.983  geo_temp=19.430  ptemp=1.0000  praw=+16.644  val 0.6804  test 0.6040 (new best)  eval 23.8s
epoch 21/50  link=1.2103  lr=1e-03  train 273.8s  |E|mean=0.443  |E|max=0.986  geo_temp=19.567  ptemp=1.0000  praw=+16.644  val 0.6817  test 0.6051 (new best)  eval 23.9s
epoch 22/50  link=1.1798  lr=1e-03  train 274.2s  |E|mean=0.446  |E|max=0.989  geo_temp=19.683  ptemp=1.0000  praw=+16.644  val 0.6826  test 0.6063 (new best)  eval 23.9s
epoch 23/50  link=1.1506  lr=1e-03  train 273.0s  |E|mean=0.449  |E|max=0.990  geo_temp=19.787  ptemp=1.0000  praw=+16.644  val 0.6837  test 0.6070 (new best)  eval 23.8s
epoch 24/50  link=1.1235  lr=1e-03  train 274.4s  |E|mean=0.451  |E|max=0.992  geo_temp=19.878  ptemp=1.0000  praw=+16.644  val 0.6846  test 0.6077 (new best)  eval 23.9s
epoch 25/50  link=1.0983  lr=1e-03  train 275.2s  |E|mean=0.454  |E|max=0.992  geo_temp=19.960  ptemp=1.0000  praw=+16.644  val 0.6855  test 0.6093 (new best)  eval 23.9s
epoch 26/50  link=1.0745  lr=1e-03  train 274.6s  |E|mean=0.457  |E|max=0.994  geo_temp=20.034  ptemp=1.0000  praw=+16.644  val 0.6859  test 0.6095 (new best)  eval 23.9s
epoch 27/50  link=1.0528  lr=1e-03  train 275.1s  |E|mean=0.459  |E|max=0.994  geo_temp=20.097  ptemp=1.0000  praw=+16.644  val 0.6870  test 0.6101 (new best)  eval 23.9s
epoch 28/50  link=1.0319  lr=1e-03  train 274.3s  |E|mean=0.462  |E|max=0.995  geo_temp=20.155  ptemp=1.0000  praw=+16.644  val 0.6879  test 0.6107 (new best)  eval 23.9s
epoch 29/50  link=1.0122  lr=1e-03  train 274.9s  |E|mean=0.464  |E|max=0.996  geo_temp=20.210  ptemp=1.0000  praw=+16.644  val 0.6885  test 0.6120 (new best)  eval 23.9s
epoch 30/50  link=0.9936  lr=1e-03  train 274.6s  |E|mean=0.466  |E|max=0.996  geo_temp=20.259  ptemp=1.0000  praw=+16.644  val 0.6886  test 0.6115 (new best)  eval 23.8s
epoch 31/50  link=0.9760  lr=1e-03  train 275.0s  |E|mean=0.469  |E|max=0.996  geo_temp=20.306  ptemp=1.0000  praw=+16.644  val 0.6892  test 0.6119 (new best)  eval 23.8s
epoch 32/50  link=0.9600  lr=1e-03  train 274.6s  |E|mean=0.471  |E|max=0.996  geo_temp=20.346  ptemp=1.0000  praw=+16.644  val 0.6902  test 0.6117 (new best)  eval 23.9s
epoch 33/50  link=0.9445  lr=1e-03  train 274.6s  |E|mean=0.473  |E|max=0.996  geo_temp=20.384  ptemp=1.0000  praw=+16.644  val 0.6898  patience 1/3  eval 23.9s
epoch 34/50  link=0.9301  lr=1e-03  train 274.6s  |E|mean=0.475  |E|max=0.996  geo_temp=20.416  ptemp=1.0000  praw=+16.644  val 0.6903  test 0.6124 (new best)  eval 23.9s
epoch 35/50  link=0.9153  lr=1e-03  train 274.5s  |E|mean=0.477  |E|max=0.996  geo_temp=20.450  ptemp=1.0000  praw=+16.644  val 0.6909  test 0.6132 (new best)  eval 23.7s
epoch 36/50  link=0.9024  lr=1e-03  train 273.3s  |E|mean=0.479  |E|max=0.996  geo_temp=20.478  ptemp=1.0000  praw=+16.644  val 0.6906  patience 1/3  eval 23.7s
epoch 37/50  link=0.8898  lr=1e-03  train 273.5s  |E|mean=0.481  |E|max=0.996  geo_temp=20.504  ptemp=1.0000  praw=+16.644  val 0.6910  test 0.6127 (new best)  eval 23.8s
epoch 38/50  link=0.8775  lr=1e-03  train 273.9s  |E|mean=0.483  |E|max=0.996  geo_temp=20.530  ptemp=1.0000  praw=+16.644  val 0.6913  test 0.6140 (new best)  eval 23.8s
epoch 39/50  link=0.8663  lr=1e-03  train 274.2s  |E|mean=0.485  |E|max=0.996  geo_temp=20.552  ptemp=1.0000  praw=+16.644  val 0.6919  test 0.6137 (new best)  eval 23.9s
epoch 40/50  link=0.8558  lr=1e-03  train 274.4s  |E|mean=0.486  |E|max=0.996  geo_temp=20.572  ptemp=1.0000  praw=+16.644  val 0.6915  patience 1/3  eval 23.8s
epoch 41/50  link=0.8447  lr=1e-03  train 274.6s  |E|mean=0.488  |E|max=0.996  geo_temp=20.592  ptemp=1.0000  praw=+16.644  val 0.6918  patience 2/3  eval 23.9s
epoch 42/50  link=0.8347  lr=1e-03  train 274.7s  |E|mean=0.490  |E|max=0.996  geo_temp=20.610  ptemp=1.0000  praw=+16.644  val 0.6918  patience 3/3  eval 23.8s
  restored best weights from epoch 39 (val 0.6919, test 0.6137)

=== Final results ===
  dataset:           YouTube
  seed:              42
  stopped_at_epoch:  39
  best_val_mrr:      0.6919
  best_test_mrr:     0.6137
