# K-sweep cell: dataset=YouTube d_emb=64 k_train=10 patience=3 NO pop-bias
# branch=master commit=257af981
# started=2026-08-26 00:51:35
# sequential sweep: GoogleLocal (all K) then YouTube (all K); nothing else on the GPU
# cmd: /its/home/ms2420/tempest-embeddinng/venv/bin/python -u scripts/train_link_property_prediction.py --data-suite tgb-seq \
#        --dataset YouTube --d-emb 64 --k-train 10 --num-epochs 50 \
#        --early-stop-patience 3 --use-gpu --use-gpu-tempest 

=== tempest-embedding training ===
dataset: YouTube
device:  cuda
seed:    42
loaded (tgb-seq) in 0.9s
  num_nodes:     402,423
  neg_pool:      402,422 unique nodes (non-bipartite)
  t_min:         1165705200
  t_max:         1182722400
  T_train:       17017200
  median_inter_arrival: 86400.0
  mean_inter_arrival:   97800.0
  train edges:   2,730,407
  val edges:     324,756
  test edges:    232,865

=== Config ===
  num_nodes: 402423
  dst_pool: <ndarray shape=(402422,) dtype=int32>
  t_train: 17017200.0
  mean_node_inter_arrival: 1254043.0160045738
  d_emb: 64
  use_pop_bias: False
  K_train: 10
  num_walks_per_node: 5
  max_walk_len: 5
  walk_bias: ExponentialWeight
  start_bias: ExponentialWeight
  t2nv_p: 4.0
  t2nv_q: 0.25
  lr: 0.001
  num_epochs: 50
  early_stop_patience: 3
  seed: 42
  use_gpu: True
  use_gpu_tempest: True

=== Parameter counts ===
  model.E:           25,755,072
  head params:                2
  TOTAL trainable:   25,755,074

=== Training ===
  Ingested full graph into Tempest: 3,288,028 edges (once; per-query cutoff enforces causality)
epoch 1/50  link=2.3535  lr=1e-03  train 75.3s  |E|mean=0.086  |E|max=0.604  geo_temp=3.064  ptemp=0.0732  praw=-2.538  val 0.1668  test 0.1481 (new best)  eval 24.6s
epoch 2/50  link=1.9844  lr=1e-03  train 71.8s  |E|mean=0.145  |E|max=0.668  geo_temp=5.701  ptemp=0.6081  praw=+0.439  val 0.3029  test 0.2655 (new best)  eval 24.0s
epoch 3/50  link=1.5215  lr=1e-03  train 71.7s  |E|mean=0.182  |E|max=0.665  geo_temp=8.096  ptemp=0.8969  praw=+2.164  val 0.4001  test 0.3467 (new best)  eval 24.1s
epoch 4/50  link=1.1925  lr=1e-03  train 73.1s  |E|mean=0.206  |E|max=0.647  geo_temp=10.288  ptemp=0.9722  praw=+3.553  val 0.4691  test 0.4046 (new best)  eval 24.3s
epoch 5/50  link=0.9733  lr=1e-03  train 73.0s  |E|mean=0.223  |E|max=0.604  geo_temp=12.419  ptemp=0.9921  praw=+4.839  val 0.5202  test 0.4510 (new best)  eval 24.1s
epoch 6/50  link=0.8130  lr=1e-03  train 73.1s  |E|mean=0.237  |E|max=0.559  geo_temp=14.504  ptemp=0.9977  praw=+6.061  val 0.5581  test 0.4868 (new best)  eval 24.1s
epoch 7/50  link=0.6918  lr=1e-03  train 73.4s  |E|mean=0.248  |E|max=0.513  geo_temp=16.521  ptemp=0.9993  praw=+7.229  val 0.5855  test 0.5129 (new best)  eval 24.2s
epoch 8/50  link=0.5981  lr=1e-03  train 73.2s  |E|mean=0.257  |E|max=0.524  geo_temp=18.449  ptemp=0.9998  praw=+8.359  val 0.6045  test 0.5312 (new best)  eval 24.2s
epoch 9/50  link=0.5251  lr=1e-03  train 73.2s  |E|mean=0.265  |E|max=0.549  geo_temp=20.269  ptemp=0.9999  praw=+9.460  val 0.6172  test 0.5439 (new best)  eval 24.2s
epoch 10/50  link=0.4680  lr=1e-03  train 70.4s  |E|mean=0.272  |E|max=0.584  geo_temp=21.945  ptemp=1.0000  praw=+10.538  val 0.6269  test 0.5527 (new best)  eval 23.5s
epoch 11/50  link=0.4237  lr=1e-03  train 68.6s  |E|mean=0.278  |E|max=0.623  geo_temp=23.435  ptemp=1.0000  praw=+11.600  val 0.6326  test 0.5585 (new best)  eval 23.6s
epoch 12/50  link=0.3867  lr=1e-03  train 68.6s  |E|mean=0.284  |E|max=0.652  geo_temp=24.754  ptemp=1.0000  praw=+12.649  val 0.6361  test 0.5611 (new best)  eval 23.4s
epoch 13/50  link=0.3567  lr=1e-03  train 68.6s  |E|mean=0.289  |E|max=0.683  geo_temp=25.894  ptemp=1.0000  praw=+13.683  val 0.6389  test 0.5637 (new best)  eval 23.6s
epoch 14/50  link=0.3317  lr=1e-03  train 68.6s  |E|mean=0.294  |E|max=0.710  geo_temp=26.874  ptemp=1.0000  praw=+14.698  val 0.6411  test 0.5660 (new best)  eval 23.6s
epoch 15/50  link=0.3097  lr=1e-03  train 68.5s  |E|mean=0.298  |E|max=0.720  geo_temp=27.736  ptemp=1.0000  praw=+15.646  val 0.6434  test 0.5674 (new best)  eval 23.6s
epoch 16/50  link=0.2909  lr=1e-03  train 68.3s  |E|mean=0.302  |E|max=0.744  geo_temp=28.486  ptemp=1.0000  praw=+16.641  val 0.6449  test 0.5685 (new best)  eval 23.6s
epoch 17/50  link=0.2736  lr=1e-03  train 68.3s  |E|mean=0.306  |E|max=0.755  geo_temp=29.172  ptemp=1.0000  praw=+16.641  val 0.6445  patience 1/3  eval 23.5s
epoch 18/50  link=0.2595  lr=1e-03  train 68.4s  |E|mean=0.310  |E|max=0.769  geo_temp=29.765  ptemp=1.0000  praw=+16.641  val 0.6461  test 0.5689 (new best)  eval 23.4s
epoch 19/50  link=0.2461  lr=1e-03  train 68.6s  |E|mean=0.313  |E|max=0.783  geo_temp=30.306  ptemp=1.0000  praw=+16.641  val 0.6462  test 0.5699 (new best)  eval 23.7s
epoch 20/50  link=0.2348  lr=1e-03  train 68.6s  |E|mean=0.317  |E|max=0.798  geo_temp=30.786  ptemp=1.0000  praw=+16.641  val 0.6467  test 0.5706 (new best)  eval 23.4s
epoch 21/50  link=0.2246  lr=1e-03  train 68.6s  |E|mean=0.320  |E|max=0.809  geo_temp=31.207  ptemp=1.0000  praw=+16.641  val 0.6458  patience 1/3  eval 23.7s
epoch 22/50  link=0.2147  lr=1e-03  train 68.6s  |E|mean=0.323  |E|max=0.821  geo_temp=31.600  ptemp=1.0000  praw=+16.641  val 0.6472  test 0.5697 (new best)  eval 23.7s
epoch 23/50  link=0.2067  lr=1e-03  train 68.6s  |E|mean=0.326  |E|max=0.844  geo_temp=31.941  ptemp=1.0000  praw=+16.641  val 0.6477  test 0.5696 (new best)  eval 23.4s
epoch 24/50  link=0.1983  lr=1e-03  train 68.6s  |E|mean=0.329  |E|max=0.850  geo_temp=32.266  ptemp=1.0000  praw=+16.641  val 0.6471  patience 1/3  eval 23.6s
epoch 25/50  link=0.1916  lr=1e-03  train 68.6s  |E|mean=0.332  |E|max=0.860  geo_temp=32.540  ptemp=1.0000  praw=+16.641  val 0.6485  test 0.5707 (new best)  eval 23.5s
epoch 26/50  link=0.1862  lr=1e-03  train 71.1s  |E|mean=0.334  |E|max=0.866  geo_temp=32.752  ptemp=1.0000  praw=+16.641  val 0.6482  patience 1/3  eval 23.5s
epoch 27/50  link=0.1801  lr=1e-03  train 68.6s  |E|mean=0.337  |E|max=0.872  geo_temp=32.966  ptemp=1.0000  praw=+16.641  val 0.6487  test 0.5715 (new best)  eval 23.5s
epoch 28/50  link=0.1749  lr=1e-03  train 68.6s  |E|mean=0.339  |E|max=0.880  geo_temp=33.139  ptemp=1.0000  praw=+16.641  val 0.6493  test 0.5725 (new best)  eval 23.6s
epoch 29/50  link=0.1701  lr=1e-03  train 68.6s  |E|mean=0.342  |E|max=0.886  geo_temp=33.290  ptemp=1.0000  praw=+16.641  val 0.6496  test 0.5720 (new best)  eval 23.4s
epoch 30/50  link=0.1650  lr=1e-03  train 68.6s  |E|mean=0.344  |E|max=0.891  geo_temp=33.436  ptemp=1.0000  praw=+16.641  val 0.6494  patience 1/3  eval 23.7s
epoch 31/50  link=0.1609  lr=1e-03  train 68.6s  |E|mean=0.347  |E|max=0.896  geo_temp=33.551  ptemp=1.0000  praw=+16.641  val 0.6508  test 0.5730 (new best)  eval 23.6s
epoch 32/50  link=0.1574  lr=1e-03  train 68.6s  |E|mean=0.349  |E|max=0.902  geo_temp=33.641  ptemp=1.0000  praw=+16.641  val 0.6491  patience 1/3  eval 23.3s
epoch 33/50  link=0.1535  lr=1e-03  train 68.6s  |E|mean=0.351  |E|max=0.908  geo_temp=33.719  ptemp=1.0000  praw=+16.641  val 0.6501  patience 2/3  eval 23.3s
epoch 34/50  link=0.1510  lr=1e-03  train 68.6s  |E|mean=0.353  |E|max=0.912  geo_temp=33.759  ptemp=1.0000  praw=+16.641  val 0.6503  patience 3/3  eval 23.5s
  restored best weights from epoch 31 (val 0.6508, test 0.5730)

=== Final results ===
  dataset:           YouTube
  seed:              42
  stopped_at_epoch:  31
  best_val_mrr:      0.6508
  best_test_mrr:     0.5730
