# K-sweep cell: dataset=YouTube d_emb=64 k_train=20 patience=3 NO pop-bias
# branch=master commit=257af981
# started=2026-08-26 01:52:07
# sequential sweep: GoogleLocal (all K) then YouTube (all K); nothing else on the GPU
# cmd: /its/home/ms2420/tempest-embeddinng/venv/bin/python -u scripts/train_link_property_prediction.py --data-suite tgb-seq \
#        --dataset YouTube --d-emb 64 --k-train 20 --num-epochs 50 \
#        --early-stop-patience 3 --use-gpu --use-gpu-tempest 

=== tempest-embedding training ===
dataset: YouTube
device:  cuda
seed:    42
loaded (tgb-seq) in 0.9s
  num_nodes:     402,423
  neg_pool:      402,422 unique nodes (non-bipartite)
  t_min:         1165705200
  t_max:         1182722400
  T_train:       17017200
  median_inter_arrival: 86400.0
  mean_inter_arrival:   97800.0
  train edges:   2,730,407
  val edges:     324,756
  test edges:    232,865

=== Config ===
  num_nodes: 402423
  dst_pool: <ndarray shape=(402422,) dtype=int32>
  t_train: 17017200.0
  mean_node_inter_arrival: 1254043.0160045738
  d_emb: 64
  use_pop_bias: False
  K_train: 20
  num_walks_per_node: 5
  max_walk_len: 5
  walk_bias: ExponentialWeight
  start_bias: ExponentialWeight
  t2nv_p: 4.0
  t2nv_q: 0.25
  lr: 0.001
  num_epochs: 50
  early_stop_patience: 3
  seed: 42
  use_gpu: True
  use_gpu_tempest: True

=== Parameter counts ===
  model.E:           25,755,072
  head params:                2
  TOTAL trainable:   25,755,074

=== Training ===
  Ingested full graph into Tempest: 3,288,028 edges (once; per-query cutoff enforces causality)
epoch 1/50  link=3.0179  lr=1e-03  train 85.9s  |E|mean=0.113  |E|max=0.562  geo_temp=2.267  ptemp=0.2406  praw=-1.149  val 0.1616  test 0.1435 (new best)  eval 24.7s
epoch 2/50  link=2.6643  lr=1e-03  train 84.1s  |E|mean=0.177  |E|max=0.679  geo_temp=4.746  ptemp=0.7679  praw=+1.197  val 0.2843  test 0.2509 (new best)  eval 24.3s
epoch 3/50  link=2.1578  lr=1e-03  train 83.8s  |E|mean=0.217  |E|max=0.703  geo_temp=7.046  ptemp=0.9408  praw=+2.765  val 0.3808  test 0.3332 (new best)  eval 24.4s
epoch 4/50  link=1.7639  lr=1e-03  train 83.9s  |E|mean=0.242  |E|max=0.712  geo_temp=9.132  ptemp=0.9841  praw=+4.125  val 0.4616  test 0.4005 (new best)  eval 24.3s
epoch 5/50  link=1.4789  lr=1e-03  train 83.8s  |E|mean=0.260  |E|max=0.685  geo_temp=11.139  ptemp=0.9956  praw=+5.412  val 0.5261  test 0.4562 (new best)  eval 24.3s
epoch 6/50  link=1.2589  lr=1e-03  train 83.9s  |E|mean=0.274  |E|max=0.649  geo_temp=13.103  ptemp=0.9987  praw=+6.654  val 0.5719  test 0.4983 (new best)  eval 24.5s
epoch 7/50  link=1.0858  lr=1e-03  train 83.8s  |E|mean=0.285  |E|max=0.611  geo_temp=14.991  ptemp=0.9996  praw=+7.853  val 0.6038  test 0.5289 (new best)  eval 24.3s
epoch 8/50  link=0.9505  lr=1e-03  train 83.9s  |E|mean=0.294  |E|max=0.574  geo_temp=16.758  ptemp=0.9999  praw=+9.012  val 0.6243  test 0.5493 (new best)  eval 24.4s
epoch 9/50  link=0.8456  lr=1e-03  train 83.8s  |E|mean=0.302  |E|max=0.608  geo_temp=18.368  ptemp=1.0000  praw=+10.137  val 0.6371  test 0.5625 (new best)  eval 24.3s
epoch 10/50  link=0.7645  lr=1e-03  train 84.0s  |E|mean=0.310  |E|max=0.656  geo_temp=19.783  ptemp=1.0000  praw=+11.235  val 0.6452  test 0.5703 (new best)  eval 23.9s
epoch 11/50  link=0.7013  lr=1e-03  train 87.9s  |E|mean=0.316  |E|max=0.707  geo_temp=20.975  ptemp=1.0000  praw=+12.315  val 0.6507  test 0.5747 (new best)  eval 23.9s
epoch 12/50  link=0.6491  lr=1e-03  train 88.0s  |E|mean=0.322  |E|max=0.743  geo_temp=21.968  ptemp=1.0000  praw=+13.378  val 0.6538  test 0.5783 (new best)  eval 23.9s
epoch 13/50  link=0.6066  lr=1e-03  train 84.5s  |E|mean=0.327  |E|max=0.776  geo_temp=22.788  ptemp=1.0000  praw=+14.425  val 0.6574  test 0.5803 (new best)  eval 24.0s
epoch 14/50  link=0.5710  lr=1e-03  train 83.9s  |E|mean=0.332  |E|max=0.810  geo_temp=23.460  ptemp=1.0000  praw=+15.449  val 0.6590  test 0.5829 (new best)  eval 23.7s
epoch 15/50  link=0.5386  lr=1e-03  train 87.9s  |E|mean=0.337  |E|max=0.834  geo_temp=24.048  ptemp=1.0000  praw=+16.493  val 0.6604  test 0.5841 (new best)  eval 24.0s
epoch 16/50  link=0.5111  lr=1e-03  train 87.9s  |E|mean=0.342  |E|max=0.854  geo_temp=24.546  ptemp=1.0000  praw=+16.640  val 0.6608  test 0.5850 (new best)  eval 23.8s
epoch 17/50  link=0.4864  lr=1e-03  train 88.0s  |E|mean=0.346  |E|max=0.867  geo_temp=24.980  ptemp=1.0000  praw=+16.640  val 0.6612  test 0.5852 (new best)  eval 23.9s
epoch 18/50  link=0.4643  lr=1e-03  train 88.0s  |E|mean=0.350  |E|max=0.884  geo_temp=25.361  ptemp=1.0000  praw=+16.640  val 0.6618  test 0.5850 (new best)  eval 23.8s
epoch 19/50  link=0.4447  lr=1e-03  train 87.9s  |E|mean=0.354  |E|max=0.902  geo_temp=25.698  ptemp=1.0000  praw=+16.640  val 0.6617  patience 1/3  eval 24.0s
epoch 20/50  link=0.4266  lr=1e-03  train 88.0s  |E|mean=0.358  |E|max=0.912  geo_temp=26.006  ptemp=1.0000  praw=+16.640  val 0.6623  test 0.5865 (new best)  eval 24.0s
epoch 21/50  link=0.4105  lr=1e-03  train 87.9s  |E|mean=0.362  |E|max=0.923  geo_temp=26.272  ptemp=1.0000  praw=+16.640  val 0.6626  test 0.5866 (new best)  eval 23.9s
epoch 22/50  link=0.3954  lr=1e-03  train 87.9s  |E|mean=0.365  |E|max=0.928  geo_temp=26.518  ptemp=1.0000  praw=+16.640  val 0.6629  test 0.5867 (new best)  eval 23.9s
epoch 23/50  link=0.3813  lr=1e-03  train 84.3s  |E|mean=0.368  |E|max=0.935  geo_temp=26.745  ptemp=1.0000  praw=+16.640  val 0.6632  test 0.5867 (new best)  eval 23.8s
epoch 24/50  link=0.3689  lr=1e-03  train 83.8s  |E|mean=0.372  |E|max=0.938  geo_temp=26.951  ptemp=1.0000  praw=+16.640  val 0.6627  patience 1/3  eval 23.9s
epoch 25/50  link=0.3578  lr=1e-03  train 87.5s  |E|mean=0.375  |E|max=0.947  geo_temp=27.133  ptemp=1.0000  praw=+16.640  val 0.6631  patience 2/3  eval 23.9s
epoch 26/50  link=0.3463  lr=1e-03  train 84.8s  |E|mean=0.378  |E|max=0.949  geo_temp=27.308  ptemp=1.0000  praw=+16.640  val 0.6638  test 0.5867 (new best)  eval 23.8s
epoch 27/50  link=0.3370  lr=1e-03  train 87.9s  |E|mean=0.381  |E|max=0.955  geo_temp=27.456  ptemp=1.0000  praw=+16.640  val 0.6624  patience 1/3  eval 23.9s
epoch 28/50  link=0.3278  lr=1e-03  train 88.0s  |E|mean=0.384  |E|max=0.959  geo_temp=27.589  ptemp=1.0000  praw=+16.640  val 0.6627  patience 2/3  eval 24.0s
epoch 29/50  link=0.3184  lr=1e-03  train 88.0s  |E|mean=0.386  |E|max=0.960  geo_temp=27.719  ptemp=1.0000  praw=+16.640  val 0.6630  patience 3/3  eval 24.0s
  restored best weights from epoch 26 (val 0.6638, test 0.5867)

=== Final results ===
  dataset:           YouTube
  seed:              42
  stopped_at_epoch:  26
  best_val_mrr:      0.6638
  best_test_mrr:     0.5867
