# K-sweep cell: dataset=YouTube d_emb=64 k_train=3 patience=3 NO pop-bias
# branch=master commit=257af981
# started=2026-08-25 21:59:09
# sequential sweep: GoogleLocal (all K) then YouTube (all K); nothing else on the GPU
# cmd: /its/home/ms2420/tempest-embeddinng/venv/bin/python -u scripts/train_link_property_prediction.py --data-suite tgb-seq \
#        --dataset YouTube --d-emb 64 --k-train 3 --num-epochs 50 \
#        --early-stop-patience 3 --use-gpu --use-gpu-tempest 

=== tempest-embedding training ===
dataset: YouTube
device:  cuda
seed:    42
loaded (tgb-seq) in 0.9s
  num_nodes:     402,423
  neg_pool:      402,422 unique nodes (non-bipartite)
  t_min:         1165705200
  t_max:         1182722400
  T_train:       17017200
  median_inter_arrival: 86400.0
  mean_inter_arrival:   97800.0
  train edges:   2,730,407
  val edges:     324,756
  test edges:    232,865

=== Config ===
  num_nodes: 402423
  dst_pool: <ndarray shape=(402422,) dtype=int32>
  t_train: 17017200.0
  mean_node_inter_arrival: 1254043.0160045738
  d_emb: 64
  use_pop_bias: False
  K_train: 3
  num_walks_per_node: 5
  max_walk_len: 5
  walk_bias: ExponentialWeight
  start_bias: ExponentialWeight
  t2nv_p: 4.0
  t2nv_q: 0.25
  lr: 0.001
  num_epochs: 50
  early_stop_patience: 3
  seed: 42
  use_gpu: True
  use_gpu_tempest: True

=== Parameter counts ===
  model.E:           25,755,072
  head params:                2
  TOTAL trainable:   25,755,074

=== Training ===
  Ingested full graph into Tempest: 3,288,028 edges (once; per-query cutoff enforces causality)
epoch 1/50  link=1.3267  lr=1e-03  train 69.1s  |E|mean=0.055  |E|max=0.548  geo_temp=4.122  ptemp=0.0502  praw=-2.940  val 0.1886  test 0.1664 (new best)  eval 24.5s
epoch 2/50  link=1.0344  lr=1e-03  train 67.3s  |E|mean=0.098  |E|max=0.591  geo_temp=6.934  ptemp=0.4842  praw=-0.063  val 0.3045  test 0.2670 (new best)  eval 24.3s
epoch 3/50  link=0.7471  lr=1e-03  train 62.4s  |E|mean=0.128  |E|max=0.540  geo_temp=9.450  ptemp=0.8715  praw=+1.915  val 0.3807  test 0.3278 (new best)  eval 24.4s
epoch 4/50  link=0.5597  lr=1e-03  train 59.6s  |E|mean=0.148  |E|max=0.491  geo_temp=11.775  ptemp=0.9652  praw=+3.322  val 0.4249  test 0.3667 (new best)  eval 24.3s
epoch 5/50  link=0.4448  lr=1e-03  train 59.5s  |E|mean=0.163  |E|max=0.428  geo_temp=14.035  ptemp=0.9898  praw=+4.574  val 0.4585  test 0.3973 (new best)  eval 24.6s
epoch 6/50  link=0.3649  lr=1e-03  train 59.5s  |E|mean=0.175  |E|max=0.403  geo_temp=16.266  ptemp=0.9968  praw=+5.741  val 0.4858  test 0.4216 (new best)  eval 24.6s
epoch 7/50  link=0.3065  lr=1e-03  train 67.0s  |E|mean=0.185  |E|max=0.401  geo_temp=18.469  ptemp=0.9990  praw=+6.864  val 0.5082  test 0.4420 (new best)  eval 24.4s
epoch 8/50  link=0.2622  lr=1e-03  train 67.1s  |E|mean=0.193  |E|max=0.425  geo_temp=20.638  ptemp=0.9997  praw=+7.964  val 0.5261  test 0.4602 (new best)  eval 24.3s
epoch 9/50  link=0.2273  lr=1e-03  train 67.1s  |E|mean=0.199  |E|max=0.471  geo_temp=22.779  ptemp=0.9999  praw=+9.044  val 0.5409  test 0.4730 (new best)  eval 24.5s
epoch 10/50  link=0.1997  lr=1e-03  train 67.1s  |E|mean=0.205  |E|max=0.481  geo_temp=24.863  ptemp=1.0000  praw=+10.108  val 0.5531  test 0.4842 (new best)  eval 23.8s
epoch 11/50  link=0.1773  lr=1e-03  train 67.1s  |E|mean=0.210  |E|max=0.497  geo_temp=26.882  ptemp=1.0000  praw=+11.165  val 0.5622  test 0.4914 (new best)  eval 23.9s
epoch 12/50  link=0.1591  lr=1e-03  train 66.9s  |E|mean=0.214  |E|max=0.524  geo_temp=28.814  ptemp=1.0000  praw=+12.211  val 0.5697  test 0.4982 (new best)  eval 23.7s
epoch 13/50  link=0.1439  lr=1e-03  train 66.7s  |E|mean=0.218  |E|max=0.541  geo_temp=30.637  ptemp=1.0000  praw=+13.234  val 0.5773  test 0.5047 (new best)  eval 23.8s
epoch 14/50  link=0.1318  lr=1e-03  train 66.7s  |E|mean=0.222  |E|max=0.547  geo_temp=32.291  ptemp=1.0000  praw=+14.232  val 0.5828  test 0.5091 (new best)  eval 23.8s
epoch 15/50  link=0.1215  lr=1e-03  train 66.7s  |E|mean=0.225  |E|max=0.557  geo_temp=33.773  ptemp=1.0000  praw=+15.150  val 0.5875  test 0.5119 (new best)  eval 23.9s
epoch 16/50  link=0.1132  lr=1e-03  train 66.7s  |E|mean=0.229  |E|max=0.570  geo_temp=35.065  ptemp=1.0000  praw=+15.916  val 0.5910  test 0.5163 (new best)  eval 23.9s
epoch 17/50  link=0.1057  lr=1e-03  train 66.5s  |E|mean=0.232  |E|max=0.591  geo_temp=36.198  ptemp=1.0000  praw=+16.642  val 0.5957  test 0.5209 (new best)  eval 23.8s
epoch 18/50  link=0.0991  lr=1e-03  train 66.8s  |E|mean=0.234  |E|max=0.605  geo_temp=37.225  ptemp=1.0000  praw=+16.642  val 0.5980  test 0.5226 (new best)  eval 23.8s
epoch 19/50  link=0.0937  lr=1e-03  train 67.0s  |E|mean=0.237  |E|max=0.619  geo_temp=38.089  ptemp=1.0000  praw=+16.642  val 0.6007  test 0.5253 (new best)  eval 23.9s
epoch 20/50  link=0.0887  lr=1e-03  train 64.1s  |E|mean=0.240  |E|max=0.628  geo_temp=38.860  ptemp=1.0000  praw=+16.642  val 0.6038  test 0.5291 (new best)  eval 23.8s
epoch 21/50  link=0.0843  lr=1e-03  train 59.4s  |E|mean=0.242  |E|max=0.640  geo_temp=39.527  ptemp=1.0000  praw=+16.642  val 0.6053  test 0.5298 (new best)  eval 24.0s
epoch 22/50  link=0.0809  lr=1e-03  train 59.5s  |E|mean=0.245  |E|max=0.652  geo_temp=40.094  ptemp=1.0000  praw=+16.642  val 0.6079  test 0.5326 (new best)  eval 23.8s
epoch 23/50  link=0.0776  lr=1e-03  train 62.0s  |E|mean=0.247  |E|max=0.660  geo_temp=40.590  ptemp=1.0000  praw=+16.642  val 0.6089  test 0.5344 (new best)  eval 24.0s
epoch 24/50  link=0.0746  lr=1e-03  train 59.4s  |E|mean=0.249  |E|max=0.662  geo_temp=41.003  ptemp=1.0000  praw=+16.642  val 0.6128  test 0.5349 (new best)  eval 23.8s
epoch 25/50  link=0.0718  lr=1e-03  train 59.4s  |E|mean=0.252  |E|max=0.670  geo_temp=41.369  ptemp=1.0000  praw=+16.642  val 0.6138  test 0.5353 (new best)  eval 23.9s
epoch 26/50  link=0.0693  lr=1e-03  train 59.5s  |E|mean=0.254  |E|max=0.679  geo_temp=41.703  ptemp=1.0000  praw=+16.642  val 0.6156  test 0.5365 (new best)  eval 23.9s
epoch 27/50  link=0.0668  lr=1e-03  train 59.4s  |E|mean=0.256  |E|max=0.694  geo_temp=41.989  ptemp=1.0000  praw=+16.642  val 0.6167  test 0.5381 (new best)  eval 23.9s
epoch 28/50  link=0.0652  lr=1e-03  train 59.5s  |E|mean=0.258  |E|max=0.695  geo_temp=42.191  ptemp=1.0000  praw=+16.642  val 0.6176  test 0.5398 (new best)  eval 23.8s
epoch 29/50  link=0.0628  lr=1e-03  train 59.5s  |E|mean=0.261  |E|max=0.696  geo_temp=42.415  ptemp=1.0000  praw=+16.642  val 0.6207  test 0.5426 (new best)  eval 24.0s
epoch 30/50  link=0.0615  lr=1e-03  train 65.5s  |E|mean=0.263  |E|max=0.699  geo_temp=42.568  ptemp=1.0000  praw=+16.642  val 0.6206  patience 1/3  eval 24.0s
epoch 31/50  link=0.0601  lr=1e-03  train 61.9s  |E|mean=0.265  |E|max=0.707  geo_temp=42.673  ptemp=1.0000  praw=+16.642  val 0.6210  test 0.5436 (new best)  eval 23.9s
epoch 32/50  link=0.0582  lr=1e-03  train 62.0s  |E|mean=0.267  |E|max=0.722  geo_temp=42.790  ptemp=1.0000  praw=+16.642  val 0.6231  test 0.5450 (new best)  eval 23.8s
epoch 33/50  link=0.0568  lr=1e-03  train 59.6s  |E|mean=0.269  |E|max=0.734  geo_temp=42.881  ptemp=1.0000  praw=+16.642  val 0.6235  test 0.5434 (new best)  eval 24.1s
epoch 34/50  link=0.0563  lr=1e-03  train 59.6s  |E|mean=0.271  |E|max=0.742  geo_temp=42.889  ptemp=1.0000  praw=+16.642  val 0.6240  test 0.5445 (new best)  eval 24.0s
epoch 35/50  link=0.0549  lr=1e-03  train 59.5s  |E|mean=0.273  |E|max=0.753  geo_temp=42.908  ptemp=1.0000  praw=+16.642  val 0.6249  test 0.5460 (new best)  eval 24.0s
epoch 36/50  link=0.0534  lr=1e-03  train 59.5s  |E|mean=0.275  |E|max=0.761  geo_temp=42.950  ptemp=1.0000  praw=+16.642  val 0.6281  test 0.5489 (new best)  eval 24.0s
epoch 37/50  link=0.0523  lr=1e-03  train 58.5s  |E|mean=0.277  |E|max=0.764  geo_temp=42.968  ptemp=1.0000  praw=+16.642  val 0.6281  test 0.5478 (new best)  eval 23.8s
epoch 38/50  link=0.0517  lr=1e-03  train 59.6s  |E|mean=0.279  |E|max=0.777  geo_temp=42.926  ptemp=1.0000  praw=+16.642  val 0.6302  test 0.5479 (new best)  eval 24.1s
epoch 39/50  link=0.0508  lr=1e-03  train 59.6s  |E|mean=0.281  |E|max=0.784  geo_temp=42.882  ptemp=1.0000  praw=+16.642  val 0.6306  test 0.5493 (new best)  eval 23.9s
epoch 40/50  link=0.0496  lr=1e-03  train 59.6s  |E|mean=0.283  |E|max=0.794  geo_temp=42.860  ptemp=1.0000  praw=+16.642  val 0.6304  patience 1/3  eval 24.1s
epoch 41/50  link=0.0486  lr=1e-03  train 59.5s  |E|mean=0.285  |E|max=0.798  geo_temp=42.827  ptemp=1.0000  praw=+16.642  val 0.6314  test 0.5511 (new best)  eval 24.1s
epoch 42/50  link=0.0482  lr=1e-03  train 59.7s  |E|mean=0.287  |E|max=0.803  geo_temp=42.746  ptemp=1.0000  praw=+16.642  val 0.6304  patience 1/3  eval 23.8s
epoch 43/50  link=0.0473  lr=1e-03  train 59.6s  |E|mean=0.289  |E|max=0.812  geo_temp=42.672  ptemp=1.0000  praw=+16.642  val 0.6317  test 0.5531 (new best)  eval 23.9s
epoch 44/50  link=0.0473  lr=1e-03  train 58.2s  |E|mean=0.290  |E|max=0.814  geo_temp=42.546  ptemp=1.0000  praw=+16.642  val 0.6320  test 0.5534 (new best)  eval 24.1s
epoch 45/50  link=0.0462  lr=1e-03  train 58.3s  |E|mean=0.292  |E|max=0.819  geo_temp=42.464  ptemp=1.0000  praw=+16.642  val 0.6333  test 0.5537 (new best)  eval 23.9s
epoch 46/50  link=0.0458  lr=1e-03  train 59.5s  |E|mean=0.294  |E|max=0.819  geo_temp=42.355  ptemp=1.0000  praw=+16.642  val 0.6346  test 0.5537 (new best)  eval 24.1s
epoch 47/50  link=0.0450  lr=1e-03  train 59.6s  |E|mean=0.296  |E|max=0.820  geo_temp=42.264  ptemp=1.0000  praw=+16.642  val 0.6347  test 0.5548 (new best)  eval 22.1s
epoch 48/50  link=0.0444  lr=1e-03  train 59.6s  |E|mean=0.298  |E|max=0.822  geo_temp=42.165  ptemp=1.0000  praw=+16.642  val 0.6355  test 0.5560 (new best)  eval 22.3s
epoch 49/50  link=0.0441  lr=1e-03  train 59.6s  |E|mean=0.300  |E|max=0.824  geo_temp=42.035  ptemp=1.0000  praw=+16.642  val 0.6379  test 0.5565 (new best)  eval 22.3s
epoch 50/50  link=0.0437  lr=1e-03  train 59.6s  |E|mean=0.301  |E|max=0.827  geo_temp=41.901  ptemp=1.0000  praw=+16.642  val 0.6371  patience 1/3  eval 22.3s
  restored best weights from epoch 49 (val 0.6379, test 0.5565)

=== Final results ===
  dataset:           YouTube
  seed:              42
  stopped_at_epoch:  49
  best_val_mrr:      0.6379
  best_test_mrr:     0.5565
