# K-sweep cell: dataset=YouTube d_emb=64 k_train=50 patience=3 NO pop-bias
# branch=master commit=257af981
# started=2026-08-26 02:52:01
# sequential sweep: GoogleLocal (all K) then YouTube (all K); nothing else on the GPU
# cmd: /its/home/ms2420/tempest-embeddinng/venv/bin/python -u scripts/train_link_property_prediction.py --data-suite tgb-seq \
#        --dataset YouTube --d-emb 64 --k-train 50 --num-epochs 50 \
#        --early-stop-patience 3 --use-gpu --use-gpu-tempest 

=== tempest-embedding training ===
dataset: YouTube
device:  cuda
seed:    42
loaded (tgb-seq) in 0.9s
  num_nodes:     402,423
  neg_pool:      402,422 unique nodes (non-bipartite)
  t_min:         1165705200
  t_max:         1182722400
  T_train:       17017200
  median_inter_arrival: 86400.0
  mean_inter_arrival:   97800.0
  train edges:   2,730,407
  val edges:     324,756
  test edges:    232,865

=== Config ===
  num_nodes: 402423
  dst_pool: <ndarray shape=(402422,) dtype=int32>
  t_train: 17017200.0
  mean_node_inter_arrival: 1254043.0160045738
  d_emb: 64
  use_pop_bias: False
  K_train: 50
  num_walks_per_node: 5
  max_walk_len: 5
  walk_bias: ExponentialWeight
  start_bias: ExponentialWeight
  t2nv_p: 4.0
  t2nv_q: 0.25
  lr: 0.001
  num_epochs: 50
  early_stop_patience: 3
  seed: 42
  use_gpu: True
  use_gpu_tempest: True

=== Parameter counts ===
  model.E:           25,755,072
  head params:                2
  TOTAL trainable:   25,755,074

=== Training ===
  Ingested full graph into Tempest: 3,288,028 edges (once; per-query cutoff enforces causality)
epoch 1/50  link=3.9231  lr=1e-03  train 128.0s  |E|mean=0.154  |E|max=0.437  geo_temp=1.377  ptemp=0.4218  praw=-0.315  val 0.1303  test 0.1144 (new best)  eval 24.6s
epoch 2/50  link=3.6563  lr=1e-03  train 126.3s  |E|mean=0.219  |E|max=0.653  geo_temp=3.336  ptemp=0.8070  praw=+1.431  val 0.2426  test 0.2124 (new best)  eval 24.2s
epoch 3/50  link=3.1796  lr=1e-03  train 126.1s  |E|mean=0.265  |E|max=0.682  geo_temp=5.475  ptemp=0.9501  praw=+2.945  val 0.3383  test 0.2986 (new best)  eval 24.3s
epoch 4/50  link=2.7221  lr=1e-03  train 126.1s  |E|mean=0.292  |E|max=0.753  geo_temp=7.432  ptemp=0.9869  praw=+4.324  val 0.4280  test 0.3761 (new best)  eval 24.2s
epoch 5/50  link=2.3542  lr=1e-03  train 126.0s  |E|mean=0.311  |E|max=0.774  geo_temp=9.282  ptemp=0.9964  praw=+5.632  val 0.5046  test 0.4417 (new best)  eval 24.4s
epoch 6/50  link=2.0537  lr=1e-03  train 126.1s  |E|mean=0.324  |E|max=0.766  geo_temp=11.082  ptemp=0.9990  praw=+6.904  val 0.5627  test 0.4922 (new best)  eval 24.2s
epoch 7/50  link=1.8049  lr=1e-03  train 126.1s  |E|mean=0.335  |E|max=0.737  geo_temp=12.824  ptemp=0.9997  praw=+8.142  val 0.6016  test 0.5282 (new best)  eval 24.4s
epoch 8/50  link=1.6047  lr=1e-03  train 125.6s  |E|mean=0.345  |E|max=0.707  geo_temp=14.454  ptemp=0.9999  praw=+9.341  val 0.6256  test 0.5514 (new best)  eval 24.3s
epoch 9/50  link=1.4474  lr=1e-03  train 124.5s  |E|mean=0.352  |E|max=0.678  geo_temp=15.912  ptemp=1.0000  praw=+10.504  val 0.6404  test 0.5662 (new best)  eval 24.4s
epoch 10/50  link=1.3279  lr=1e-03  train 124.5s  |E|mean=0.359  |E|max=0.703  geo_temp=17.146  ptemp=1.0000  praw=+11.636  val 0.6501  test 0.5761 (new best)  eval 23.9s
epoch 11/50  link=1.2330  lr=1e-03  train 124.4s  |E|mean=0.365  |E|max=0.762  geo_temp=18.157  ptemp=1.0000  praw=+12.746  val 0.6571  test 0.5818 (new best)  eval 24.0s
epoch 12/50  link=1.1567  lr=1e-03  train 124.5s  |E|mean=0.371  |E|max=0.820  geo_temp=18.963  ptemp=1.0000  praw=+13.837  val 0.6617  test 0.5866 (new best)  eval 24.0s
epoch 13/50  link=1.0938  lr=1e-03  train 124.6s  |E|mean=0.376  |E|max=0.862  geo_temp=19.601  ptemp=1.0000  praw=+14.905  val 0.6651  test 0.5895 (new best)  eval 24.0s
epoch 14/50  link=1.0404  lr=1e-03  train 124.6s  |E|mean=0.380  |E|max=0.887  geo_temp=20.107  ptemp=1.0000  praw=+15.906  val 0.6675  test 0.5923 (new best)  eval 24.2s
epoch 15/50  link=0.9934  lr=1e-03  train 124.5s  |E|mean=0.385  |E|max=0.911  geo_temp=20.515  ptemp=1.0000  praw=+16.641  val 0.6700  test 0.5946 (new best)  eval 24.1s
epoch 16/50  link=0.9527  lr=1e-03  train 124.6s  |E|mean=0.389  |E|max=0.932  geo_temp=20.852  ptemp=1.0000  praw=+16.641  val 0.6716  test 0.5965 (new best)  eval 24.1s
epoch 17/50  link=0.9158  lr=1e-03  train 124.6s  |E|mean=0.393  |E|max=0.947  geo_temp=21.134  ptemp=1.0000  praw=+16.641  val 0.6730  test 0.5979 (new best)  eval 24.0s
epoch 18/50  link=0.8822  lr=1e-03  train 124.6s  |E|mean=0.397  |E|max=0.958  geo_temp=21.372  ptemp=1.0000  praw=+16.641  val 0.6745  test 0.5983 (new best)  eval 24.3s
epoch 19/50  link=0.8517  lr=1e-03  train 124.5s  |E|mean=0.401  |E|max=0.965  geo_temp=21.575  ptemp=1.0000  praw=+16.641  val 0.6756  test 0.5991 (new best)  eval 23.8s
epoch 20/50  link=0.8242  lr=1e-03  train 126.1s  |E|mean=0.404  |E|max=0.972  geo_temp=21.752  ptemp=1.0000  praw=+16.641  val 0.6770  test 0.6003 (new best)  eval 24.0s
epoch 21/50  link=0.7984  lr=1e-03  train 125.3s  |E|mean=0.408  |E|max=0.978  geo_temp=21.913  ptemp=1.0000  praw=+16.641  val 0.6775  test 0.6014 (new best)  eval 24.0s
epoch 22/50  link=0.7754  lr=1e-03  train 124.5s  |E|mean=0.411  |E|max=0.981  geo_temp=22.050  ptemp=1.0000  praw=+16.641  val 0.6779  test 0.6017 (new best)  eval 23.8s
epoch 23/50  link=0.7538  lr=1e-03  train 126.1s  |E|mean=0.415  |E|max=0.984  geo_temp=22.171  ptemp=1.0000  praw=+16.641  val 0.6780  test 0.6015 (new best)  eval 23.8s
epoch 24/50  link=0.7334  lr=1e-03  train 126.0s  |E|mean=0.418  |E|max=0.986  geo_temp=22.279  ptemp=1.0000  praw=+16.641  val 0.6792  test 0.6026 (new best)  eval 23.8s
epoch 25/50  link=0.7148  lr=1e-03  train 125.0s  |E|mean=0.421  |E|max=0.987  geo_temp=22.377  ptemp=1.0000  praw=+16.641  val 0.6795  test 0.6018 (new best)  eval 24.0s
epoch 26/50  link=0.6975  lr=1e-03  train 124.3s  |E|mean=0.424  |E|max=0.988  geo_temp=22.464  ptemp=1.0000  praw=+16.641  val 0.6793  patience 1/3  eval 24.0s
epoch 27/50  link=0.6806  lr=1e-03  train 124.4s  |E|mean=0.427  |E|max=0.989  geo_temp=22.548  ptemp=1.0000  praw=+16.641  val 0.6791  patience 2/3  eval 23.9s
epoch 28/50  link=0.6659  lr=1e-03  train 124.5s  |E|mean=0.430  |E|max=0.989  geo_temp=22.622  ptemp=1.0000  praw=+16.641  val 0.6798  test 0.6015 (new best)  eval 23.9s
epoch 29/50  link=0.6511  lr=1e-03  train 124.3s  |E|mean=0.432  |E|max=0.990  geo_temp=22.687  ptemp=1.0000  praw=+16.641  val 0.6807  test 0.6021 (new best)  eval 24.2s
epoch 30/50  link=0.6382  lr=1e-03  train 124.3s  |E|mean=0.435  |E|max=0.991  geo_temp=22.745  ptemp=1.0000  praw=+16.641  val 0.6804  patience 1/3  eval 23.9s
epoch 31/50  link=0.6257  lr=1e-03  train 124.5s  |E|mean=0.438  |E|max=0.991  geo_temp=22.798  ptemp=1.0000  praw=+16.641  val 0.6808  test 0.6038 (new best)  eval 23.9s
epoch 32/50  link=0.6136  lr=1e-03  train 125.9s  |E|mean=0.440  |E|max=0.992  geo_temp=22.845  ptemp=1.0000  praw=+16.641  val 0.6798  patience 1/3  eval 24.2s
epoch 33/50  link=0.6024  lr=1e-03  train 124.5s  |E|mean=0.443  |E|max=0.992  geo_temp=22.884  ptemp=1.0000  praw=+16.641  val 0.6800  patience 2/3  eval 24.2s
epoch 34/50  link=0.5918  lr=1e-03  train 124.5s  |E|mean=0.445  |E|max=0.992  geo_temp=22.922  ptemp=1.0000  praw=+16.641  val 0.6811  test 0.6035 (new best)  eval 24.1s
epoch 35/50  link=0.5829  lr=1e-03  train 124.6s  |E|mean=0.447  |E|max=0.993  geo_temp=22.950  ptemp=1.0000  praw=+16.641  val 0.6813  test 0.6034 (new best)  eval 24.2s
epoch 36/50  link=0.5724  lr=1e-03  train 125.1s  |E|mean=0.450  |E|max=0.993  geo_temp=22.981  ptemp=1.0000  praw=+16.641  val 0.6809  patience 1/3  eval 24.1s
epoch 37/50  link=0.5643  lr=1e-03  train 126.1s  |E|mean=0.452  |E|max=0.993  geo_temp=23.004  ptemp=1.0000  praw=+16.641  val 0.6810  patience 2/3  eval 23.9s
epoch 38/50  link=0.5553  lr=1e-03  train 126.1s  |E|mean=0.454  |E|max=0.994  geo_temp=23.027  ptemp=1.0000  praw=+16.641  val 0.6817  test 0.6030 (new best)  eval 23.9s
epoch 39/50  link=0.5473  lr=1e-03  train 126.1s  |E|mean=0.456  |E|max=0.994  geo_temp=23.044  ptemp=1.0000  praw=+16.641  val 0.6816  patience 1/3  eval 24.1s
epoch 40/50  link=0.5400  lr=1e-03  train 126.0s  |E|mean=0.458  |E|max=0.994  geo_temp=23.057  ptemp=1.0000  praw=+16.641  val 0.6813  patience 2/3  eval 23.7s
epoch 41/50  link=0.5327  lr=1e-03  train 126.1s  |E|mean=0.460  |E|max=0.995  geo_temp=23.067  ptemp=1.0000  praw=+16.641  val 0.6817  patience 3/3  eval 23.9s
  restored best weights from epoch 38 (val 0.6817, test 0.6030)

=== Final results ===
  dataset:           YouTube
  seed:              42
  stopped_at_epoch:  38
  best_val_mrr:      0.6817
  best_test_mrr:     0.6030
