# complete run: dataset=YouTube arm=without_cand_pop tag=run-1 d_emb=64 k_train=10 lr=1e-3
# branch=master commit=257af98
# started=2026-08-25 23:30:20
# cmd: /mnt/nfs2/inf/ms2420/tempest-embeddinng/venv/bin/python -u scripts/train_link_property_prediction.py --data-suite tgb-seq \
#        --dataset YouTube --d-emb 64 --k-train 10 --lr 1e-3 \
#        --num-epochs 50 --early-stop-patience 3 \
#        --use-gpu --use-gpu-tempest  

=== tempest-embedding training ===
dataset: YouTube
device:  cuda
seed:    42
loaded (tgb-seq) in 1.5s
  num_nodes:     402,423
  neg_pool:      402,422 unique nodes (non-bipartite)
  t_min:         1165705200
  t_max:         1182722400
  T_train:       17017200
  median_inter_arrival: 86400.0
  mean_inter_arrival:   97800.0
  train edges:   2,730,407
  val edges:     324,756
  test edges:    232,865

=== Config ===
  num_nodes: 402423
  dst_pool: <ndarray shape=(402422,) dtype=int32>
  t_train: 17017200.0
  mean_node_inter_arrival: 1254043.0160045738
  d_emb: 64
  use_pop_bias: False
  K_train: 10
  num_walks_per_node: 5
  max_walk_len: 5
  walk_bias: ExponentialWeight
  start_bias: ExponentialWeight
  t2nv_p: 4.0
  t2nv_q: 0.25
  lr: 0.001
  num_epochs: 50
  early_stop_patience: 3
  seed: 42
  use_gpu: True
  use_gpu_tempest: True

=== Parameter counts ===
  model.E:           25,755,072
  head params:                2
  TOTAL trainable:   25,755,074

=== Training ===
  Ingested full graph into Tempest: 3,288,028 edges (once; per-query cutoff enforces causality)
epoch 1/50  link=2.3534  lr=1e-03  train 81.5s  |E|mean=0.086  |E|max=0.601  geo_temp=3.066  ptemp=0.0728  praw=-2.544  val 0.1660  test 0.1482 (new best)  eval 19.6s
epoch 2/50  link=1.9842  lr=1e-03  train 79.7s  |E|mean=0.145  |E|max=0.667  geo_temp=5.702  ptemp=0.6067  praw=+0.433  val 0.3024  test 0.2650 (new best)  eval 19.5s
epoch 3/50  link=1.5215  lr=1e-03  train 79.1s  |E|mean=0.182  |E|max=0.668  geo_temp=8.097  ptemp=0.8965  praw=+2.159  val 0.3998  test 0.3465 (new best)  eval 19.3s
epoch 4/50  link=1.1924  lr=1e-03  train 79.8s  |E|mean=0.206  |E|max=0.649  geo_temp=10.289  ptemp=0.9720  praw=+3.548  val 0.4692  test 0.4045 (new best)  eval 19.4s
epoch 5/50  link=0.9731  lr=1e-03  train 79.6s  |E|mean=0.223  |E|max=0.605  geo_temp=12.420  ptemp=0.9921  praw=+4.834  val 0.5200  test 0.4510 (new best)  eval 19.4s
epoch 6/50  link=0.8130  lr=1e-03  train 79.6s  |E|mean=0.237  |E|max=0.561  geo_temp=14.505  ptemp=0.9977  praw=+6.056  val 0.5576  test 0.4865 (new best)  eval 19.4s
epoch 7/50  link=0.6919  lr=1e-03  train 79.7s  |E|mean=0.248  |E|max=0.515  geo_temp=16.522  ptemp=0.9993  praw=+7.224  val 0.5849  test 0.5130 (new best)  eval 19.3s
epoch 8/50  link=0.5982  lr=1e-03  train 79.8s  |E|mean=0.257  |E|max=0.522  geo_temp=18.449  ptemp=0.9998  praw=+8.354  val 0.6044  test 0.5308 (new best)  eval 19.5s
epoch 9/50  link=0.5251  lr=1e-03  train 79.7s  |E|mean=0.265  |E|max=0.550  geo_temp=20.267  ptemp=0.9999  praw=+9.455  val 0.6172  test 0.5436 (new best)  eval 19.5s
epoch 10/50  link=0.4680  lr=1e-03  train 79.6s  |E|mean=0.272  |E|max=0.582  geo_temp=21.943  ptemp=1.0000  praw=+10.533  val 0.6265  test 0.5522 (new best)  eval 19.3s
epoch 11/50  link=0.4237  lr=1e-03  train 79.6s  |E|mean=0.278  |E|max=0.623  geo_temp=23.434  ptemp=1.0000  praw=+11.596  val 0.6322  test 0.5583 (new best)  eval 19.3s
epoch 12/50  link=0.3867  lr=1e-03  train 79.6s  |E|mean=0.284  |E|max=0.644  geo_temp=24.754  ptemp=1.0000  praw=+12.644  val 0.6362  test 0.5609 (new best)  eval 19.3s
epoch 13/50  link=0.3567  lr=1e-03  train 79.6s  |E|mean=0.289  |E|max=0.670  geo_temp=25.892  ptemp=1.0000  praw=+13.678  val 0.6388  test 0.5643 (new best)  eval 19.2s
epoch 14/50  link=0.3317  lr=1e-03  train 79.6s  |E|mean=0.294  |E|max=0.698  geo_temp=26.870  ptemp=1.0000  praw=+14.693  val 0.6411  test 0.5660 (new best)  eval 19.2s
epoch 15/50  link=0.3095  lr=1e-03  train 79.6s  |E|mean=0.298  |E|max=0.716  geo_temp=27.736  ptemp=1.0000  praw=+15.643  val 0.6434  test 0.5674 (new best)  eval 19.2s
epoch 16/50  link=0.2907  lr=1e-03  train 79.6s  |E|mean=0.302  |E|max=0.736  geo_temp=28.487  ptemp=1.0000  praw=+16.642  val 0.6446  test 0.5685 (new best)  eval 19.2s
epoch 17/50  link=0.2736  lr=1e-03  train 79.6s  |E|mean=0.306  |E|max=0.753  geo_temp=29.170  ptemp=1.0000  praw=+16.642  val 0.6444  patience 1/3  eval 19.2s
epoch 18/50  link=0.2593  lr=1e-03  train 79.7s  |E|mean=0.310  |E|max=0.772  geo_temp=29.765  ptemp=1.0000  praw=+16.642  val 0.6458  test 0.5688 (new best)  eval 19.2s
epoch 19/50  link=0.2461  lr=1e-03  train 79.5s  |E|mean=0.313  |E|max=0.794  geo_temp=30.301  ptemp=1.0000  praw=+16.642  val 0.6468  test 0.5702 (new best)  eval 19.2s
epoch 20/50  link=0.2345  lr=1e-03  train 79.5s  |E|mean=0.317  |E|max=0.794  geo_temp=30.789  ptemp=1.0000  praw=+16.642  val 0.6469  test 0.5701 (new best)  eval 19.1s
epoch 21/50  link=0.2245  lr=1e-03  train 79.4s  |E|mean=0.320  |E|max=0.802  geo_temp=31.210  ptemp=1.0000  praw=+16.642  val 0.6455  patience 1/3  eval 19.1s
epoch 22/50  link=0.2146  lr=1e-03  train 79.5s  |E|mean=0.323  |E|max=0.819  geo_temp=31.603  ptemp=1.0000  praw=+16.642  val 0.6467  patience 2/3  eval 19.2s
epoch 23/50  link=0.2066  lr=1e-03  train 79.5s  |E|mean=0.326  |E|max=0.840  geo_temp=31.947  ptemp=1.0000  praw=+16.642  val 0.6474  test 0.5693 (new best)  eval 19.4s
epoch 24/50  link=0.1982  lr=1e-03  train 79.5s  |E|mean=0.329  |E|max=0.852  geo_temp=32.272  ptemp=1.0000  praw=+16.642  val 0.6470  patience 1/3  eval 19.3s
epoch 25/50  link=0.1916  lr=1e-03  train 79.5s  |E|mean=0.332  |E|max=0.856  geo_temp=32.543  ptemp=1.0000  praw=+16.642  val 0.6483  test 0.5712 (new best)  eval 19.2s
epoch 26/50  link=0.1861  lr=1e-03  train 79.5s  |E|mean=0.334  |E|max=0.863  geo_temp=32.753  ptemp=1.0000  praw=+16.642  val 0.6480  patience 1/3  eval 19.3s
epoch 27/50  link=0.1800  lr=1e-03  train 79.7s  |E|mean=0.337  |E|max=0.869  geo_temp=32.964  ptemp=1.0000  praw=+16.642  val 0.6488  test 0.5722 (new best)  eval 19.4s
epoch 28/50  link=0.1747  lr=1e-03  train 79.8s  |E|mean=0.339  |E|max=0.876  geo_temp=33.140  ptemp=1.0000  praw=+16.642  val 0.6495  test 0.5731 (new best)  eval 19.5s
epoch 29/50  link=0.1699  lr=1e-03  train 79.8s  |E|mean=0.342  |E|max=0.882  geo_temp=33.295  ptemp=1.0000  praw=+16.642  val 0.6495  test 0.5726 (new best)  eval 19.4s
epoch 30/50  link=0.1649  lr=1e-03  train 79.6s  |E|mean=0.344  |E|max=0.891  geo_temp=33.439  ptemp=1.0000  praw=+16.642  val 0.6491  patience 1/3  eval 19.2s
epoch 31/50  link=0.1610  lr=1e-03  train 79.5s  |E|mean=0.347  |E|max=0.898  geo_temp=33.554  ptemp=1.0000  praw=+16.642  val 0.6503  test 0.5736 (new best)  eval 19.2s
epoch 32/50  link=0.1572  lr=1e-03  train 79.7s  |E|mean=0.349  |E|max=0.899  geo_temp=33.644  ptemp=1.0000  praw=+16.642  val 0.6489  patience 1/3  eval 19.3s
epoch 33/50  link=0.1535  lr=1e-03  train 79.6s  |E|mean=0.351  |E|max=0.903  geo_temp=33.719  ptemp=1.0000  praw=+16.642  val 0.6503  test 0.5737 (new best)  eval 19.2s
epoch 34/50  link=0.1508  lr=1e-03  train 79.6s  |E|mean=0.353  |E|max=0.905  geo_temp=33.762  ptemp=1.0000  praw=+16.642  val 0.6500  patience 1/3  eval 19.2s
epoch 35/50  link=0.1467  lr=1e-03  train 79.5s  |E|mean=0.356  |E|max=0.910  geo_temp=33.815  ptemp=1.0000  praw=+16.642  val 0.6513  test 0.5749 (new best)  eval 19.3s
epoch 36/50  link=0.1446  lr=1e-03  train 79.5s  |E|mean=0.358  |E|max=0.916  geo_temp=33.835  ptemp=1.0000  praw=+16.642  val 0.6538  test 0.5756 (new best)  eval 19.3s
epoch 37/50  link=0.1426  lr=1e-03  train 79.5s  |E|mean=0.360  |E|max=0.923  geo_temp=33.823  ptemp=1.0000  praw=+16.642  val 0.6528  patience 1/3  eval 19.2s
epoch 38/50  link=0.1400  lr=1e-03  train 79.4s  |E|mean=0.362  |E|max=0.929  geo_temp=33.815  ptemp=1.0000  praw=+16.642  val 0.6525  patience 2/3  eval 19.2s
epoch 39/50  link=0.1380  lr=1e-03  train 79.4s  |E|mean=0.364  |E|max=0.937  geo_temp=33.787  ptemp=1.0000  praw=+16.642  val 0.6531  patience 3/3  eval 19.4s
  restored best weights from epoch 36 (val 0.6538, test 0.5756)

=== Final results ===
  dataset:           YouTube
  seed:              42
  stopped_at_epoch:  36
  best_val_mrr:      0.6538
  best_test_mrr:     0.5756
