# dataset=Patent (10.8M edges, NON-bipartite)
# geometry=lorentz  replicate=3  seed=5  (archived as 3.log)
# d_emb=64 k_train=5 num_walks_per_node=5 lr=1e-3 patience 5 cap 100; no popularity channel
# branch=master commit=07dcc1e6  tempest-rw=1.0.6
# code: (sum w)^2 midpoint floor, NaN-propagating _safe_sqrt, NO radius clamp, NO grad clip, transp fixed
# driven by scripts/run_lorentz_sweep_r3_fresh.sh (UNTRACKED); see ../DRIVER.log
# started=2026-09-12 05:57:42
# cmd: /its/home/ms2420/tempest-embeddinng/venv/bin/python -u scripts/train_link_property_prediction.py --data-suite tgb-seq --dataset Patent --d-emb 64 --k-train 5 --num-walks-per-node 5 --lr 1e-3 --seed 5 --early-stop-patience 5  --use-gpu --use-gpu-tempest

=== tempest-embedding training ===
dataset: Patent
device:  cuda
seed:    5
loaded (tgb-seq) in 3.2s
  num_nodes:     2,241,785
  neg_pool:      1,840,152 unique nodes (non-bipartite)
  train edges:   9,096,058
  val edges:     1,039,438
  test edges:    683,323

=== Config ===
  num_nodes: 2241785
  dst_pool: <ndarray shape=(1840152,) dtype=int32>
  d_emb: 64
  hidden_dim: 32
  K_train: 5
  num_walks_per_node: 5
  max_walk_len: 5
  walk_bias: ExponentialWeight
  start_bias: ExponentialWeight
  t2nv_p: 4.0
  t2nv_q: 0.25
  lr: 0.001
  num_epochs: 100
  early_stop_patience: 5
  seed: 5
  use_gpu: True
  use_gpu_tempest: True

=== Parameter counts ===
  model.E:          143,474,240
  head params:              162
  TOTAL trainable:  143,474,402

=== Training ===
  Ingested full graph into Tempest: 10,818,819 edges (once; per-query cutoff enforces causality)
epoch 1/100  link=1.7412  lr=1e-03  train 1196.9s  r_mean=0.136  r_max=0.527  geo_temp=8.405  val 0.0875  test 0.1362 (new best)  eval 83.7s
epoch 2/100  link=1.2696  lr=1e-03  train 1196.6s  r_mean=0.236  r_max=0.825  geo_temp=17.893  val 0.0922  test 0.1608 (new best)  eval 82.5s
epoch 3/100  link=0.6983  lr=1e-03  train 1196.7s  r_mean=0.297  r_max=0.849  geo_temp=26.747  val 0.1117  test 0.2100 (new best)  eval 81.1s
epoch 4/100  link=0.3547  lr=1e-03  train 1195.6s  r_mean=0.335  r_max=0.894  geo_temp=35.157  val 0.1224  test 0.2278 (new best)  eval 81.7s
epoch 5/100  link=0.1764  lr=1e-03  train 1196.7s  r_mean=0.360  r_max=0.946  geo_temp=43.420  val 0.1249  test 0.2272 (new best)  eval 81.7s
epoch 6/100  link=0.0881  lr=1e-03  train 1195.2s  r_mean=0.378  r_max=0.994  geo_temp=51.619  val 0.1229  patience 1/5  eval 81.7s
epoch 7/100  link=0.0462  lr=1e-03  train 1183.9s  r_mean=0.393  r_max=1.034  geo_temp=59.755  val 0.1249  test 0.2199 (new best)  eval 81.5s
epoch 8/100  link=0.0266  lr=1e-03  train 1190.5s  r_mean=0.404  r_max=1.066  geo_temp=67.777  val 0.1216  patience 1/5  eval 81.3s
epoch 9/100  link=0.0169  lr=1e-03  train 1184.2s  r_mean=0.413  r_max=1.085  geo_temp=75.566  val 0.1210  patience 2/5  eval 81.7s
epoch 10/100  link=0.0116  lr=1e-03  train 1186.6s  r_mean=0.421  r_max=1.095  geo_temp=82.785  val 0.1236  patience 3/5  eval 81.2s
epoch 11/100  link=0.0086  lr=1e-03  train 1183.7s  r_mean=0.427  r_max=1.106  geo_temp=88.807  val 0.1252  test 0.2233 (new best)  eval 81.1s
epoch 12/100  link=0.0067  lr=1e-03  train 1183.6s  r_mean=0.433  r_max=1.108  geo_temp=93.359  val 0.1256  test 0.2245 (new best)  eval 81.2s
epoch 13/100  link=0.0054  lr=1e-03  train 1183.7s  r_mean=0.438  r_max=1.120  geo_temp=96.516  val 0.1262  test 0.2263 (new best)  eval 81.2s
epoch 14/100  link=0.0045  lr=1e-03  train 1191.1s  r_mean=0.443  r_max=1.111  geo_temp=98.817  val 0.1242  patience 1/5  eval 81.4s
epoch 15/100  link=0.0037  lr=1e-03  train 1196.5s  r_mean=0.448  r_max=1.120  geo_temp=100.684  val 0.1201  patience 2/5  eval 76.2s
epoch 16/100  link=0.0033  lr=1e-03  train 1188.8s  r_mean=0.452  r_max=1.121  geo_temp=101.813  val 0.1189  patience 3/5  eval 76.0s
epoch 17/100  link=0.0028  lr=1e-03  train 1184.1s  r_mean=0.456  r_max=1.118  geo_temp=102.774  val 0.1179  patience 4/5  eval 76.0s
epoch 18/100  link=0.0024  lr=1e-03  train 1183.6s  r_mean=0.460  r_max=1.121  geo_temp=103.470  val 0.1166  patience 5/5  eval 76.2s
  restored best weights from epoch 13 (val 0.1262, test 0.2263)

=== Final results ===
  dataset:           Patent
  seed:              5
  stopped_at_epoch:  13
  best_val_mrr:      0.1262
  best_test_mrr:     0.2263
