# complete run: dataset=GoogleLocal arm=without_cand_pop-5 tag=run-1 d_emb=64 k_train=5 lr=1e-3
# branch=master commit=ae7badf
# started=2026-08-26 13:48:37
# cmd: /mnt/nfs2/inf/ms2420/tempest-embeddinng/venv/bin/python -u scripts/train_link_property_prediction.py --data-suite tgb-seq \
#        --dataset GoogleLocal --d-emb 64 --k-train 5 --lr 1e-3 \
#        --num-epochs 50 --early-stop-patience 3 \
#        --use-gpu --use-gpu-tempest  --is-bipartite

=== tempest-embedding training ===
dataset: GoogleLocal
device:  cuda
seed:    42
loaded (tgb-seq) in 5.8s
  num_nodes:     473,581
  neg_pool:      267,336 unique destinations (bipartite)
  t_min:         662601600
  t_max:         1377798281
  T_train:       715196681
  median_inter_arrival: 28.0
  mean_inter_arrival:   430.8
  train edges:   1,802,833
  val edges:     67,588
  test edges:    43,546

=== Config ===
  num_nodes: 473581
  dst_pool: <ndarray shape=(267336,) dtype=int32>
  t_train: 715196681.0
  mean_node_inter_arrival: 93936278.12115154
  d_emb: 64
  use_pop_bias: False
  K_train: 5
  num_walks_per_node: 5
  max_walk_len: 5
  walk_bias: ExponentialWeight
  start_bias: ExponentialWeight
  t2nv_p: 4.0
  t2nv_q: 0.25
  lr: 0.001
  num_epochs: 50
  early_stop_patience: 3
  seed: 42
  use_gpu: True
  use_gpu_tempest: True

=== Parameter counts ===
  model.E:           30,309,184
  head params:                2
  TOTAL trainable:   30,309,186

=== Training ===
  Ingested full graph into Tempest: 1,913,967 edges (once; per-query cutoff enforces causality)
epoch 1/50  link=1.7701  lr=1e-03  train 61.4s  |E|mean=0.035  |E|max=0.209  geo_temp=3.186  ptemp=0.0963  praw=-2.240  val 0.4493  test 0.4173 (new best)  eval 4.7s
epoch 2/50  link=1.5012  lr=1e-03  train 55.6s  |E|mean=0.073  |E|max=0.456  geo_temp=5.782  ptemp=0.1485  praw=-1.746  val 0.5035  test 0.4707 (new best)  eval 4.1s
epoch 3/50  link=1.0633  lr=1e-03  train 55.4s  |E|mean=0.104  |E|max=0.578  geo_temp=7.835  ptemp=0.2997  praw=-0.849  val 0.5418  test 0.5129 (new best)  eval 4.2s
epoch 4/50  link=0.7024  lr=1e-03  train 55.4s  |E|mean=0.128  |E|max=0.628  geo_temp=9.555  ptemp=0.4859  praw=-0.056  val 0.5712  test 0.5443 (new best)  eval 4.2s
epoch 5/50  link=0.4653  lr=1e-03  train 55.3s  |E|mean=0.146  |E|max=0.659  geo_temp=11.080  ptemp=0.6774  praw=+0.742  val 0.5951  test 0.5681 (new best)  eval 4.2s
epoch 6/50  link=0.3185  lr=1e-03  train 55.2s  |E|mean=0.161  |E|max=0.687  geo_temp=12.496  ptemp=0.8287  praw=+1.577  val 0.6105  test 0.5839 (new best)  eval 4.2s
epoch 7/50  link=0.2265  lr=1e-03  train 55.3s  |E|mean=0.172  |E|max=0.701  geo_temp=13.857  ptemp=0.9192  praw=+2.431  val 0.6222  test 0.5956 (new best)  eval 4.2s
epoch 8/50  link=0.1674  lr=1e-03  train 56.0s  |E|mean=0.182  |E|max=0.709  geo_temp=15.196  ptemp=0.9635  praw=+3.272  val 0.6325  test 0.6056 (new best)  eval 4.1s
epoch 9/50  link=0.1281  lr=1e-03  train 55.4s  |E|mean=0.190  |E|max=0.721  geo_temp=16.538  ptemp=0.9833  praw=+4.075  val 0.6405  test 0.6132 (new best)  eval 4.2s
epoch 10/50  link=0.1011  lr=1e-03  train 56.3s  |E|mean=0.197  |E|max=0.718  geo_temp=17.892  ptemp=0.9921  praw=+4.836  val 0.6464  test 0.6191 (new best)  eval 4.2s
epoch 11/50  link=0.0817  lr=1e-03  train 55.6s  |E|mean=0.203  |E|max=0.717  geo_temp=19.265  ptemp=0.9961  praw=+5.553  val 0.6513  test 0.6236 (new best)  eval 4.2s
epoch 12/50  link=0.0675  lr=1e-03  train 55.4s  |E|mean=0.209  |E|max=0.721  geo_temp=20.660  ptemp=0.9981  praw=+6.265  val 0.6560  test 0.6276 (new best)  eval 4.2s
epoch 13/50  link=0.0574  lr=1e-03  train 55.3s  |E|mean=0.213  |E|max=0.715  geo_temp=22.064  ptemp=0.9991  praw=+6.960  val 0.6584  test 0.6306 (new best)  eval 4.2s
epoch 14/50  link=0.0495  lr=1e-03  train 56.3s  |E|mean=0.217  |E|max=0.713  geo_temp=23.484  ptemp=0.9995  praw=+7.644  val 0.6607  test 0.6337 (new best)  eval 4.1s
epoch 15/50  link=0.0431  lr=1e-03  train 56.3s  |E|mean=0.221  |E|max=0.710  geo_temp=24.911  ptemp=0.9998  praw=+8.321  val 0.6629  test 0.6345 (new best)  eval 4.2s
epoch 16/50  link=0.0383  lr=1e-03  train 55.7s  |E|mean=0.224  |E|max=0.703  geo_temp=26.340  ptemp=0.9999  praw=+9.001  val 0.6644  test 0.6364 (new best)  eval 4.2s
epoch 17/50  link=0.0345  lr=1e-03  train 55.8s  |E|mean=0.227  |E|max=0.703  geo_temp=27.772  ptemp=0.9999  praw=+9.683  val 0.6666  test 0.6371 (new best)  eval 4.2s
epoch 18/50  link=0.0313  lr=1e-03  train 55.7s  |E|mean=0.229  |E|max=0.702  geo_temp=29.186  ptemp=1.0000  praw=+10.367  val 0.6670  test 0.6390 (new best)  eval 4.2s
epoch 19/50  link=0.0286  lr=1e-03  train 55.8s  |E|mean=0.231  |E|max=0.699  geo_temp=30.591  ptemp=1.0000  praw=+11.043  val 0.6682  test 0.6398 (new best)  eval 4.2s
epoch 20/50  link=0.0265  lr=1e-03  train 55.7s  |E|mean=0.234  |E|max=0.698  geo_temp=31.944  ptemp=1.0000  praw=+11.718  val 0.6698  test 0.6408 (new best)  eval 4.1s
epoch 21/50  link=0.0249  lr=1e-03  train 55.8s  |E|mean=0.235  |E|max=0.697  geo_temp=33.240  ptemp=1.0000  praw=+12.385  val 0.6699  test 0.6415 (new best)  eval 4.2s
epoch 22/50  link=0.0229  lr=1e-03  train 56.4s  |E|mean=0.237  |E|max=0.693  geo_temp=34.519  ptemp=1.0000  praw=+13.020  val 0.6709  test 0.6421 (new best)  eval 4.4s
epoch 23/50  link=0.0217  lr=1e-03  train 59.4s  |E|mean=0.239  |E|max=0.686  geo_temp=35.710  ptemp=1.0000  praw=+13.619  val 0.6711  test 0.6426 (new best)  eval 4.3s
epoch 24/50  link=0.0206  lr=1e-03  train 55.8s  |E|mean=0.240  |E|max=0.683  geo_temp=36.761  ptemp=1.0000  praw=+14.154  val 0.6720  test 0.6431 (new best)  eval 4.2s
epoch 25/50  link=0.0195  lr=1e-03  train 56.5s  |E|mean=0.242  |E|max=0.683  geo_temp=37.761  ptemp=1.0000  praw=+14.607  val 0.6719  patience 1/3  eval 4.4s
epoch 26/50  link=0.0183  lr=1e-03  train 55.7s  |E|mean=0.243  |E|max=0.684  geo_temp=38.674  ptemp=1.0000  praw=+14.991  val 0.6722  test 0.6441 (new best)  eval 4.2s
epoch 27/50  link=0.0179  lr=1e-03  train 55.7s  |E|mean=0.245  |E|max=0.676  geo_temp=39.444  ptemp=1.0000  praw=+15.275  val 0.6732  test 0.6438 (new best)  eval 4.1s
epoch 28/50  link=0.0168  lr=1e-03  train 57.2s  |E|mean=0.246  |E|max=0.676  geo_temp=40.188  ptemp=1.0000  praw=+15.545  val 0.6729  patience 1/3  eval 4.4s
epoch 29/50  link=0.0162  lr=1e-03  train 57.9s  |E|mean=0.247  |E|max=0.676  geo_temp=40.858  ptemp=1.0000  praw=+15.691  val 0.6737  test 0.6443 (new best)  eval 4.4s
epoch 30/50  link=0.0158  lr=1e-03  train 59.3s  |E|mean=0.249  |E|max=0.676  geo_temp=41.399  ptemp=1.0000  praw=+15.839  val 0.6733  patience 1/3  eval 4.4s
epoch 31/50  link=0.0152  lr=1e-03  train 55.2s  |E|mean=0.250  |E|max=0.668  geo_temp=41.905  ptemp=1.0000  praw=+15.985  val 0.6729  patience 2/3  eval 4.2s
epoch 32/50  link=0.0147  lr=1e-03  train 55.5s  |E|mean=0.251  |E|max=0.668  geo_temp=42.335  ptemp=1.0000  praw=+16.129  val 0.6734  patience 3/3  eval 4.2s
  restored best weights from epoch 29 (val 0.6737, test 0.6443)

=== Final results ===
  dataset:           GoogleLocal
  seed:              42
  stopped_at_epoch:  29
  best_val_mrr:      0.6737
  best_test_mrr:     0.6443
