# d-sweep cell: dataset=YouTube d_emb=32
# branch=master commit=3bfe0624
# started=2026-08-23 23:11:23
# cmd: /its/home/ms2420/tempest-embeddinng/venv/bin/python -u scripts/train_link_property_prediction.py --data-suite tgb-seq \
#        --dataset YouTube --d-emb 32 --num-epochs 50 --early-stop-patience 3 \
#        --use-gpu --use-gpu-tempest 

=== tempest-embedding training ===
dataset: YouTube
device:  cuda
seed:    42
loaded (tgb-seq) in 0.9s
  num_nodes:     402,423
  neg_pool:      402,422 unique nodes (non-bipartite)
  t_min:         1165705200
  t_max:         1182722400
  T_train:       17017200
  median_inter_arrival: 86400.0
  mean_inter_arrival:   97800.0
  train edges:   2,730,407
  val edges:     324,756
  test edges:    232,865

=== Config ===
  num_nodes: 402423
  dst_pool: <ndarray shape=(402422,) dtype=int32>
  t_train: 17017200.0
  mean_node_inter_arrival: 1254043.0160045738
  d_emb: 32
  K_train: 5
  num_walks_per_node: 5
  max_walk_len: 5
  walk_bias: ExponentialWeight
  start_bias: ExponentialWeight
  t2nv_p: 4.0
  t2nv_q: 0.25
  lr: 0.001
  num_epochs: 50
  early_stop_patience: 3
  seed: 42
  use_gpu: True
  use_gpu_tempest: True

=== Parameter counts ===
  model.E:           12,877,536
  head params:                2
  TOTAL trainable:   12,877,538

=== Training ===
  Ingested full graph into Tempest: 3,288,028 edges (once; per-query cutoff enforces causality)
epoch 1/50  link=1.7319  lr=1e-03  train 57.2s  |E|mean=0.065  |E|max=0.567  temp=3.834  ptemp=0.0524  praw=-2.895  val 0.1802  test 0.1603 (new best)  eval 24.0s
epoch 2/50  link=1.3852  lr=1e-03  train 55.5s  |E|mean=0.115  |E|max=0.618  temp=6.594  ptemp=0.5291  praw=+0.117  val 0.3011  test 0.2624 (new best)  eval 23.3s
epoch 3/50  link=1.0212  lr=1e-03  train 47.8s  |E|mean=0.148  |E|max=0.581  temp=9.058  ptemp=0.8802  praw=+1.994  val 0.3764  test 0.3236 (new best)  eval 23.3s
epoch 4/50  link=0.7808  lr=1e-03  train 48.1s  |E|mean=0.170  |E|max=0.542  temp=11.321  ptemp=0.9676  praw=+3.396  val 0.4256  test 0.3659 (new best)  eval 23.4s
epoch 5/50  link=0.6311  lr=1e-03  train 55.3s  |E|mean=0.186  |E|max=0.500  temp=13.506  ptemp=0.9906  praw=+4.657  val 0.4618  test 0.4003 (new best)  eval 23.2s
epoch 6/50  link=0.5270  lr=1e-03  train 55.5s  |E|mean=0.198  |E|max=0.458  temp=15.647  ptemp=0.9971  praw=+5.840  val 0.4917  test 0.4268 (new best)  eval 23.2s
epoch 7/50  link=0.4505  lr=1e-03  train 55.5s  |E|mean=0.208  |E|max=0.440  temp=17.730  ptemp=0.9991  praw=+6.975  val 0.5132  test 0.4466 (new best)  eval 23.4s
epoch 8/50  link=0.3919  lr=1e-03  train 55.6s  |E|mean=0.217  |E|max=0.464  temp=19.744  ptemp=0.9997  praw=+8.082  val 0.5299  test 0.4615 (new best)  eval 23.2s
epoch 9/50  link=0.3459  lr=1e-03  train 55.6s  |E|mean=0.224  |E|max=0.482  temp=21.662  ptemp=0.9999  praw=+9.166  val 0.5422  test 0.4734 (new best)  eval 23.3s
epoch 10/50  link=0.3103  lr=1e-03  train 55.6s  |E|mean=0.230  |E|max=0.520  temp=23.447  ptemp=1.0000  praw=+10.237  val 0.5517  test 0.4813 (new best)  eval 22.4s
epoch 11/50  link=0.2814  lr=1e-03  train 55.6s  |E|mean=0.235  |E|max=0.540  temp=25.086  ptemp=1.0000  praw=+11.296  val 0.5587  test 0.4869 (new best)  eval 22.6s
epoch 12/50  link=0.2573  lr=1e-03  train 55.6s  |E|mean=0.240  |E|max=0.544  temp=26.569  ptemp=1.0000  praw=+12.342  val 0.5648  test 0.4928 (new best)  eval 22.6s
epoch 13/50  link=0.2380  lr=1e-03  train 55.6s  |E|mean=0.244  |E|max=0.568  temp=27.854  ptemp=1.0000  praw=+13.372  val 0.5686  test 0.4961 (new best)  eval 22.6s
epoch 14/50  link=0.2216  lr=1e-03  train 55.7s  |E|mean=0.248  |E|max=0.587  temp=28.994  ptemp=1.0000  praw=+14.380  val 0.5725  test 0.4990 (new best)  eval 22.5s
epoch 15/50  link=0.2082  lr=1e-03  train 55.6s  |E|mean=0.252  |E|max=0.601  temp=29.957  ptemp=1.0000  praw=+15.329  val 0.5755  test 0.5018 (new best)  eval 22.6s
epoch 16/50  link=0.1960  lr=1e-03  train 47.9s  |E|mean=0.255  |E|max=0.616  temp=30.798  ptemp=1.0000  praw=+16.193  val 0.5764  test 0.5043 (new best)  eval 22.4s
epoch 17/50  link=0.1858  lr=1e-03  train 47.9s  |E|mean=0.259  |E|max=0.636  temp=31.520  ptemp=1.0000  praw=+16.641  val 0.5799  test 0.5061 (new best)  eval 22.7s
epoch 18/50  link=0.1762  lr=1e-03  train 47.9s  |E|mean=0.262  |E|max=0.652  temp=32.166  ptemp=1.0000  praw=+16.641  val 0.5812  test 0.5077 (new best)  eval 22.4s
epoch 19/50  link=0.1686  lr=1e-03  train 48.0s  |E|mean=0.265  |E|max=0.683  temp=32.720  ptemp=1.0000  praw=+16.641  val 0.5821  test 0.5106 (new best)  eval 22.7s
epoch 20/50  link=0.1617  lr=1e-03  train 48.0s  |E|mean=0.268  |E|max=0.695  temp=33.191  ptemp=1.0000  praw=+16.641  val 0.5847  test 0.5110 (new best)  eval 22.5s
epoch 21/50  link=0.1559  lr=1e-03  train 47.8s  |E|mean=0.271  |E|max=0.703  temp=33.564  ptemp=1.0000  praw=+16.641  val 0.5856  test 0.5119 (new best)  eval 22.6s
epoch 22/50  link=0.1501  lr=1e-03  train 48.0s  |E|mean=0.273  |E|max=0.711  temp=33.906  ptemp=1.0000  praw=+16.641  val 0.5865  test 0.5125 (new best)  eval 22.5s
epoch 23/50  link=0.1446  lr=1e-03  train 48.0s  |E|mean=0.276  |E|max=0.717  temp=34.219  ptemp=1.0000  praw=+16.641  val 0.5883  test 0.5142 (new best)  eval 22.6s
epoch 24/50  link=0.1401  lr=1e-03  train 48.0s  |E|mean=0.279  |E|max=0.725  temp=34.475  ptemp=1.0000  praw=+16.641  val 0.5901  test 0.5152 (new best)  eval 22.5s
epoch 25/50  link=0.1360  lr=1e-03  train 48.0s  |E|mean=0.281  |E|max=0.739  temp=34.699  ptemp=1.0000  praw=+16.641  val 0.5916  test 0.5167 (new best)  eval 22.5s
epoch 26/50  link=0.1318  lr=1e-03  train 48.0s  |E|mean=0.284  |E|max=0.750  temp=34.902  ptemp=1.0000  praw=+16.641  val 0.5908  patience 1/3  eval 22.5s
epoch 27/50  link=0.1285  lr=1e-03  train 48.0s  |E|mean=0.286  |E|max=0.751  temp=35.049  ptemp=1.0000  praw=+16.641  val 0.5924  test 0.5176 (new best)  eval 22.4s
epoch 28/50  link=0.1248  lr=1e-03  train 48.0s  |E|mean=0.289  |E|max=0.762  temp=35.192  ptemp=1.0000  praw=+16.641  val 0.5939  test 0.5183 (new best)  eval 22.6s
epoch 29/50  link=0.1221  lr=1e-03  train 48.0s  |E|mean=0.291  |E|max=0.773  temp=35.305  ptemp=1.0000  praw=+16.641  val 0.5948  test 0.5194 (new best)  eval 22.4s
epoch 30/50  link=0.1197  lr=1e-03  train 48.0s  |E|mean=0.294  |E|max=0.784  temp=35.363  ptemp=1.0000  praw=+16.641  val 0.5970  test 0.5200 (new best)  eval 22.7s
epoch 31/50  link=0.1166  lr=1e-03  train 48.0s  |E|mean=0.296  |E|max=0.787  temp=35.435  ptemp=1.0000  praw=+16.641  val 0.5968  patience 1/3  eval 22.5s
epoch 32/50  link=0.1145  lr=1e-03  train 48.0s  |E|mean=0.298  |E|max=0.797  temp=35.473  ptemp=1.0000  praw=+16.641  val 0.5979  test 0.5214 (new best)  eval 22.5s
epoch 33/50  link=0.1116  lr=1e-03  train 48.1s  |E|mean=0.300  |E|max=0.804  temp=35.524  ptemp=1.0000  praw=+16.641  val 0.5984  test 0.5195 (new best)  eval 22.7s
epoch 34/50  link=0.1095  lr=1e-03  train 48.0s  |E|mean=0.303  |E|max=0.809  temp=35.562  ptemp=1.0000  praw=+16.641  val 0.5995  test 0.5205 (new best)  eval 22.5s
epoch 35/50  link=0.1073  lr=1e-03  train 48.0s  |E|mean=0.305  |E|max=0.818  temp=35.596  ptemp=1.0000  praw=+16.641  val 0.5999  test 0.5224 (new best)  eval 22.6s
epoch 36/50  link=0.1054  lr=1e-03  train 46.9s  |E|mean=0.307  |E|max=0.824  temp=35.598  ptemp=1.0000  praw=+16.641  val 0.5995  patience 1/3  eval 22.6s
epoch 37/50  link=0.1036  lr=1e-03  train 46.9s  |E|mean=0.309  |E|max=0.828  temp=35.593  ptemp=1.0000  praw=+16.641  val 0.5997  patience 2/3  eval 22.6s
epoch 38/50  link=0.1021  lr=1e-03  train 46.9s  |E|mean=0.311  |E|max=0.838  temp=35.570  ptemp=1.0000  praw=+16.641  val 0.6007  test 0.5236 (new best)  eval 22.5s
epoch 39/50  link=0.1010  lr=1e-03  train 46.9s  |E|mean=0.313  |E|max=0.844  temp=35.510  ptemp=1.0000  praw=+16.641  val 0.6000  patience 1/3  eval 22.6s
epoch 40/50  link=0.0992  lr=1e-03  train 47.8s  |E|mean=0.315  |E|max=0.849  temp=35.461  ptemp=1.0000  praw=+16.641  val 0.6017  test 0.5241 (new best)  eval 22.6s
epoch 41/50  link=0.0981  lr=1e-03  train 48.1s  |E|mean=0.317  |E|max=0.859  temp=35.401  ptemp=1.0000  praw=+16.641  val 0.6034  test 0.5257 (new best)  eval 22.6s
epoch 42/50  link=0.0967  lr=1e-03  train 48.1s  |E|mean=0.320  |E|max=0.863  temp=35.329  ptemp=1.0000  praw=+16.641  val 0.6040  test 0.5269 (new best)  eval 22.6s
epoch 43/50  link=0.0953  lr=1e-03  train 48.1s  |E|mean=0.322  |E|max=0.872  temp=35.269  ptemp=1.0000  praw=+16.641  val 0.6030  patience 1/3  eval 22.4s
epoch 44/50  link=0.0941  lr=1e-03  train 48.1s  |E|mean=0.324  |E|max=0.886  temp=35.192  ptemp=1.0000  praw=+16.641  val 0.6037  patience 2/3  eval 22.4s
epoch 45/50  link=0.0932  lr=1e-03  train 54.9s  |E|mean=0.326  |E|max=0.894  temp=35.097  ptemp=1.0000  praw=+16.641  val 0.6068  test 0.5274 (new best)  eval 22.3s
epoch 46/50  link=0.0924  lr=1e-03  train 55.5s  |E|mean=0.328  |E|max=0.897  temp=35.001  ptemp=1.0000  praw=+16.641  val 0.6054  patience 1/3  eval 22.7s
epoch 47/50  link=0.0906  lr=1e-03  train 55.5s  |E|mean=0.330  |E|max=0.905  temp=34.933  ptemp=1.0000  praw=+16.641  val 0.6074  test 0.5282 (new best)  eval 21.2s
epoch 48/50  link=0.0900  lr=1e-03  train 48.0s  |E|mean=0.332  |E|max=0.911  temp=34.836  ptemp=1.0000  praw=+16.641  val 0.6060  patience 1/3  eval 21.2s
epoch 49/50  link=0.0892  lr=1e-03  train 48.0s  |E|mean=0.333  |E|max=0.917  temp=34.732  ptemp=1.0000  praw=+16.641  val 0.6071  patience 2/3  eval 21.1s
epoch 50/50  link=0.0881  lr=1e-03  train 48.0s  |E|mean=0.335  |E|max=0.921  temp=34.621  ptemp=1.0000  praw=+16.641  val 0.6089  test 0.5302 (new best)  eval 21.2s
  restored best weights from epoch 50 (val 0.6089, test 0.5302)

=== Final results ===
  dataset:           YouTube
  seed:              42
  stopped_at_epoch:  50
  best_val_mrr:      0.6089
  best_test_mrr:     0.5302
