# d-sweep cell: dataset=YouTube d_emb=64
# branch=master commit=3bfe0624
# started=2026-08-24 00:23:07
# cmd: /its/home/ms2420/tempest-embeddinng/venv/bin/python -u scripts/train_link_property_prediction.py --data-suite tgb-seq \
#        --dataset YouTube --d-emb 64 --num-epochs 50 --early-stop-patience 3 \
#        --use-gpu --use-gpu-tempest 

=== tempest-embedding training ===
dataset: YouTube
device:  cuda
seed:    42
loaded (tgb-seq) in 0.9s
  num_nodes:     402,423
  neg_pool:      402,422 unique nodes (non-bipartite)
  t_min:         1165705200
  t_max:         1182722400
  T_train:       17017200
  median_inter_arrival: 86400.0
  mean_inter_arrival:   97800.0
  train edges:   2,730,407
  val edges:     324,756
  test edges:    232,865

=== Config ===
  num_nodes: 402423
  dst_pool: <ndarray shape=(402422,) dtype=int32>
  t_train: 17017200.0
  mean_node_inter_arrival: 1254043.0160045738
  d_emb: 64
  K_train: 5
  num_walks_per_node: 5
  max_walk_len: 5
  walk_bias: ExponentialWeight
  start_bias: ExponentialWeight
  t2nv_p: 4.0
  t2nv_q: 0.25
  lr: 0.001
  num_epochs: 50
  early_stop_patience: 3
  seed: 42
  use_gpu: True
  use_gpu_tempest: True

=== Parameter counts ===
  model.E:           25,755,072
  head params:                2
  TOTAL trainable:   25,755,074

=== Training ===
  Ingested full graph into Tempest: 3,288,028 edges (once; per-query cutoff enforces causality)
epoch 1/50  link=1.7344  lr=1e-03  train 71.9s  |E|mean=0.066  |E|max=0.579  temp=3.761  ptemp=0.0541  praw=-2.862  val 0.1809  test 0.1608 (new best)  eval 24.8s
epoch 2/50  link=1.3924  lr=1e-03  train 70.2s  |E|mean=0.117  |E|max=0.628  temp=6.521  ptemp=0.5413  praw=+0.166  val 0.3136  test 0.2733 (new best)  eval 24.1s
epoch 3/50  link=1.0246  lr=1e-03  train 69.9s  |E|mean=0.150  |E|max=0.601  temp=8.990  ptemp=0.8837  praw=+2.028  val 0.3993  test 0.3435 (new best)  eval 24.2s
epoch 4/50  link=0.7787  lr=1e-03  train 69.9s  |E|mean=0.172  |E|max=0.562  temp=11.272  ptemp=0.9686  praw=+3.428  val 0.4525  test 0.3902 (new best)  eval 24.3s
epoch 5/50  link=0.6229  lr=1e-03  train 69.9s  |E|mean=0.188  |E|max=0.510  temp=13.493  ptemp=0.9909  praw=+4.695  val 0.4928  test 0.4280 (new best)  eval 24.2s
epoch 6/50  link=0.5129  lr=1e-03  train 69.9s  |E|mean=0.201  |E|max=0.464  temp=15.682  ptemp=0.9972  praw=+5.883  val 0.5255  test 0.4582 (new best)  eval 24.3s
epoch 7/50  link=0.4317  lr=1e-03  train 63.0s  |E|mean=0.211  |E|max=0.439  temp=17.832  ptemp=0.9991  praw=+7.022  val 0.5493  test 0.4812 (new best)  eval 24.2s
epoch 8/50  link=0.3694  lr=1e-03  train 63.0s  |E|mean=0.220  |E|max=0.468  temp=19.934  ptemp=0.9997  praw=+8.128  val 0.5677  test 0.4979 (new best)  eval 24.5s
epoch 9/50  link=0.3207  lr=1e-03  train 63.0s  |E|mean=0.227  |E|max=0.489  temp=21.973  ptemp=0.9999  praw=+9.212  val 0.5814  test 0.5111 (new best)  eval 24.2s
epoch 10/50  link=0.2825  lr=1e-03  train 63.0s  |E|mean=0.234  |E|max=0.528  temp=23.930  ptemp=1.0000  praw=+10.277  val 0.5912  test 0.5200 (new best)  eval 23.5s
epoch 11/50  link=0.2524  lr=1e-03  train 63.0s  |E|mean=0.239  |E|max=0.548  temp=25.775  ptemp=1.0000  praw=+11.332  val 0.5985  test 0.5266 (new best)  eval 23.6s
epoch 12/50  link=0.2265  lr=1e-03  train 63.0s  |E|mean=0.244  |E|max=0.565  temp=27.521  ptemp=1.0000  praw=+12.372  val 0.6051  test 0.5325 (new best)  eval 23.6s
epoch 13/50  link=0.2066  lr=1e-03  train 63.0s  |E|mean=0.248  |E|max=0.596  temp=29.078  ptemp=1.0000  praw=+13.398  val 0.6098  test 0.5358 (new best)  eval 23.6s
epoch 14/50  link=0.1896  lr=1e-03  train 63.0s  |E|mean=0.252  |E|max=0.614  temp=30.480  ptemp=1.0000  praw=+14.398  val 0.6134  test 0.5382 (new best)  eval 23.5s
epoch 15/50  link=0.1756  lr=1e-03  train 63.0s  |E|mean=0.256  |E|max=0.633  temp=31.711  ptemp=1.0000  praw=+15.337  val 0.6165  test 0.5405 (new best)  eval 23.6s
epoch 16/50  link=0.1636  lr=1e-03  train 66.0s  |E|mean=0.260  |E|max=0.655  temp=32.796  ptemp=1.0000  praw=+16.195  val 0.6179  test 0.5433 (new best)  eval 23.7s
epoch 17/50  link=0.1532  lr=1e-03  train 69.8s  |E|mean=0.263  |E|max=0.666  temp=33.744  ptemp=1.0000  praw=+16.640  val 0.6214  test 0.5452 (new best)  eval 23.6s
epoch 18/50  link=0.1440  lr=1e-03  train 69.9s  |E|mean=0.266  |E|max=0.674  temp=34.579  ptemp=1.0000  praw=+16.640  val 0.6221  test 0.5467 (new best)  eval 23.7s
epoch 19/50  link=0.1367  lr=1e-03  train 70.0s  |E|mean=0.269  |E|max=0.696  temp=35.300  ptemp=1.0000  praw=+16.640  val 0.6233  test 0.5496 (new best)  eval 23.7s
epoch 20/50  link=0.1296  lr=1e-03  train 69.8s  |E|mean=0.272  |E|max=0.704  temp=35.943  ptemp=1.0000  praw=+16.640  val 0.6254  test 0.5492 (new best)  eval 23.6s
epoch 21/50  link=0.1241  lr=1e-03  train 69.7s  |E|mean=0.274  |E|max=0.729  temp=36.472  ptemp=1.0000  praw=+16.640  val 0.6263  test 0.5511 (new best)  eval 23.7s
epoch 22/50  link=0.1184  lr=1e-03  train 69.5s  |E|mean=0.277  |E|max=0.734  temp=36.958  ptemp=1.0000  praw=+16.640  val 0.6269  test 0.5513 (new best)  eval 23.5s
epoch 23/50  link=0.1134  lr=1e-03  train 69.7s  |E|mean=0.280  |E|max=0.739  temp=37.397  ptemp=1.0000  praw=+16.640  val 0.6280  test 0.5519 (new best)  eval 23.7s
epoch 24/50  link=0.1090  lr=1e-03  train 70.0s  |E|mean=0.282  |E|max=0.754  temp=37.776  ptemp=1.0000  praw=+16.640  val 0.6298  test 0.5528 (new best)  eval 23.7s
epoch 25/50  link=0.1053  lr=1e-03  train 62.5s  |E|mean=0.285  |E|max=0.760  temp=38.098  ptemp=1.0000  praw=+16.640  val 0.6306  test 0.5543 (new best)  eval 23.8s
epoch 26/50  link=0.1014  lr=1e-03  train 70.0s  |E|mean=0.287  |E|max=0.771  temp=38.395  ptemp=1.0000  praw=+16.640  val 0.6305  patience 1/3  eval 23.7s
epoch 27/50  link=0.0983  lr=1e-03  train 69.9s  |E|mean=0.290  |E|max=0.774  temp=38.626  ptemp=1.0000  praw=+16.640  val 0.6320  test 0.5550 (new best)  eval 23.7s
epoch 28/50  link=0.0954  lr=1e-03  train 70.0s  |E|mean=0.292  |E|max=0.777  temp=38.825  ptemp=1.0000  praw=+16.640  val 0.6326  test 0.5562 (new best)  eval 23.6s
epoch 29/50  link=0.0930  lr=1e-03  train 70.0s  |E|mean=0.294  |E|max=0.788  temp=38.977  ptemp=1.0000  praw=+16.640  val 0.6335  test 0.5561 (new best)  eval 23.6s
epoch 30/50  link=0.0910  lr=1e-03  train 63.1s  |E|mean=0.296  |E|max=0.794  temp=39.074  ptemp=1.0000  praw=+16.640  val 0.6348  test 0.5565 (new best)  eval 23.7s
epoch 31/50  link=0.0886  lr=1e-03  train 62.8s  |E|mean=0.299  |E|max=0.797  temp=39.175  ptemp=1.0000  praw=+16.640  val 0.6354  test 0.5580 (new best)  eval 23.5s
epoch 32/50  link=0.0865  lr=1e-03  train 63.2s  |E|mean=0.301  |E|max=0.804  temp=39.237  ptemp=1.0000  praw=+16.640  val 0.6353  patience 1/3  eval 23.7s
epoch 33/50  link=0.0843  lr=1e-03  train 63.1s  |E|mean=0.303  |E|max=0.812  temp=39.300  ptemp=1.0000  praw=+16.640  val 0.6368  test 0.5567 (new best)  eval 23.7s
epoch 34/50  link=0.0827  lr=1e-03  train 63.1s  |E|mean=0.305  |E|max=0.816  temp=39.344  ptemp=1.0000  praw=+16.640  val 0.6376  test 0.5572 (new best)  eval 23.5s
epoch 35/50  link=0.0806  lr=1e-03  train 63.1s  |E|mean=0.307  |E|max=0.823  temp=39.378  ptemp=1.0000  praw=+16.640  val 0.6388  test 0.5607 (new best)  eval 23.6s
epoch 36/50  link=0.0793  lr=1e-03  train 63.1s  |E|mean=0.309  |E|max=0.835  temp=39.377  ptemp=1.0000  praw=+16.640  val 0.6380  patience 1/3  eval 23.6s
epoch 37/50  link=0.0777  lr=1e-03  train 63.0s  |E|mean=0.311  |E|max=0.836  temp=39.379  ptemp=1.0000  praw=+16.640  val 0.6386  patience 2/3  eval 23.6s
epoch 38/50  link=0.0765  lr=1e-03  train 63.1s  |E|mean=0.313  |E|max=0.842  temp=39.349  ptemp=1.0000  praw=+16.640  val 0.6392  test 0.5610 (new best)  eval 23.8s
epoch 39/50  link=0.0758  lr=1e-03  train 63.2s  |E|mean=0.315  |E|max=0.849  temp=39.285  ptemp=1.0000  praw=+16.640  val 0.6386  patience 1/3  eval 23.7s
epoch 40/50  link=0.0740  lr=1e-03  train 63.2s  |E|mean=0.317  |E|max=0.852  temp=39.243  ptemp=1.0000  praw=+16.640  val 0.6400  test 0.5628 (new best)  eval 23.6s
epoch 41/50  link=0.0737  lr=1e-03  train 63.2s  |E|mean=0.319  |E|max=0.866  temp=39.156  ptemp=1.0000  praw=+16.640  val 0.6403  test 0.5638 (new best)  eval 23.8s
epoch 42/50  link=0.0720  lr=1e-03  train 63.2s  |E|mean=0.321  |E|max=0.873  temp=39.088  ptemp=1.0000  praw=+16.640  val 0.6415  test 0.5641 (new best)  eval 23.6s
epoch 43/50  link=0.0712  lr=1e-03  train 63.2s  |E|mean=0.323  |E|max=0.875  temp=39.015  ptemp=1.0000  praw=+16.640  val 0.6415  test 0.5635 (new best)  eval 23.8s
epoch 44/50  link=0.0704  lr=1e-03  train 63.2s  |E|mean=0.325  |E|max=0.881  temp=38.915  ptemp=1.0000  praw=+16.640  val 0.6421  test 0.5634 (new best)  eval 23.7s
epoch 45/50  link=0.0699  lr=1e-03  train 70.0s  |E|mean=0.327  |E|max=0.887  temp=38.798  ptemp=1.0000  praw=+16.640  val 0.6439  test 0.5639 (new best)  eval 23.6s
epoch 46/50  link=0.0692  lr=1e-03  train 69.9s  |E|mean=0.329  |E|max=0.893  temp=38.676  ptemp=1.0000  praw=+16.640  val 0.6439  patience 1/3  eval 23.7s
epoch 47/50  link=0.0678  lr=1e-03  train 69.5s  |E|mean=0.330  |E|max=0.901  temp=38.574  ptemp=1.0000  praw=+16.640  val 0.6453  test 0.5653 (new best)  eval 22.0s
epoch 48/50  link=0.0672  lr=1e-03  train 69.4s  |E|mean=0.332  |E|max=0.906  temp=38.460  ptemp=1.0000  praw=+16.640  val 0.6448  patience 1/3  eval 22.1s
epoch 49/50  link=0.0665  lr=1e-03  train 69.8s  |E|mean=0.334  |E|max=0.910  temp=38.340  ptemp=1.0000  praw=+16.640  val 0.6451  patience 2/3  eval 22.1s
epoch 50/50  link=0.0662  lr=1e-03  train 69.9s  |E|mean=0.336  |E|max=0.916  temp=38.189  ptemp=1.0000  praw=+16.640  val 0.6465  test 0.5677 (new best)  eval 22.1s
  restored best weights from epoch 50 (val 0.6465, test 0.5677)

=== Final results ===
  dataset:           YouTube
  seed:              42
  stopped_at_epoch:  50
  best_val_mrr:      0.6465
  best_test_mrr:     0.5677
