# d-sweep cell: dataset=YouTube d_emb=8
# branch=master commit=3bfe0624
# started=2026-08-23 21:13:30
# cmd: /its/home/ms2420/tempest-embeddinng/venv/bin/python -u scripts/train_link_property_prediction.py --data-suite tgb-seq \
#        --dataset YouTube --d-emb 8 --num-epochs 50 --early-stop-patience 3 \
#        --use-gpu --use-gpu-tempest 

=== tempest-embedding training ===
dataset: YouTube
device:  cuda
seed:    42
loaded (tgb-seq) in 0.9s
  num_nodes:     402,423
  neg_pool:      402,422 unique nodes (non-bipartite)
  t_min:         1165705200
  t_max:         1182722400
  T_train:       17017200
  median_inter_arrival: 86400.0
  mean_inter_arrival:   97800.0
  train edges:   2,730,407
  val edges:     324,756
  test edges:    232,865

=== Config ===
  num_nodes: 402423
  dst_pool: <ndarray shape=(402422,) dtype=int32>
  t_train: 17017200.0
  mean_node_inter_arrival: 1254043.0160045738
  d_emb: 8
  K_train: 5
  num_walks_per_node: 5
  max_walk_len: 5
  walk_bias: ExponentialWeight
  start_bias: ExponentialWeight
  t2nv_p: 4.0
  t2nv_q: 0.25
  lr: 0.001
  num_epochs: 50
  early_stop_patience: 3
  seed: 42
  use_gpu: True
  use_gpu_tempest: True

=== Parameter counts ===
  model.E:            3,219,384
  head params:                2
  TOTAL trainable:    3,219,386

=== Training ===
  Ingested full graph into Tempest: 3,288,028 edges (once; per-query cutoff enforces causality)
epoch 1/50  link=1.7294  lr=1e-03  train 44.6s  |E|mean=0.064  |E|max=0.552  temp=3.921  ptemp=0.0512  praw=-2.920  val 0.1625  test 0.1464 (new best)  eval 22.4s
epoch 2/50  link=1.3872  lr=1e-03  train 42.8s  |E|mean=0.112  |E|max=0.606  temp=6.628  ptemp=0.4765  praw=-0.094  val 0.2459  test 0.2173 (new best)  eval 22.2s
epoch 3/50  link=1.0501  lr=1e-03  train 42.5s  |E|mean=0.143  |E|max=0.565  temp=9.007  ptemp=0.8538  praw=+1.765  val 0.3002  test 0.2612 (new best)  eval 20.5s
epoch 4/50  link=0.8330  lr=1e-03  train 42.4s  |E|mean=0.163  |E|max=0.526  temp=11.143  ptemp=0.9586  praw=+3.142  val 0.3355  test 0.2914 (new best)  eval 19.2s
epoch 5/50  link=0.7068  lr=1e-03  train 42.3s  |E|mean=0.176  |E|max=0.488  temp=13.112  ptemp=0.9877  praw=+4.383  val 0.3594  test 0.3116 (new best)  eval 22.4s
epoch 6/50  link=0.6260  lr=1e-03  train 42.3s  |E|mean=0.187  |E|max=0.454  temp=14.894  ptemp=0.9961  praw=+5.545  val 0.3762  test 0.3271 (new best)  eval 20.5s
epoch 7/50  link=0.5716  lr=1e-03  train 42.3s  |E|mean=0.195  |E|max=0.434  temp=16.402  ptemp=0.9987  praw=+6.666  val 0.3874  test 0.3375 (new best)  eval 19.2s
epoch 8/50  link=0.5326  lr=1e-03  train 42.3s  |E|mean=0.202  |E|max=0.449  temp=17.590  ptemp=0.9996  praw=+7.757  val 0.3952  test 0.3442 (new best)  eval 22.4s
epoch 9/50  link=0.5030  lr=1e-03  train 42.5s  |E|mean=0.209  |E|max=0.466  temp=18.476  ptemp=0.9999  praw=+8.830  val 0.4005  test 0.3489 (new best)  eval 20.5s
epoch 10/50  link=0.4800  lr=1e-03  train 42.2s  |E|mean=0.214  |E|max=0.478  temp=19.123  ptemp=0.9999  praw=+9.893  val 0.4045  test 0.3531 (new best)  eval 19.2s
epoch 11/50  link=0.4615  lr=1e-03  train 42.1s  |E|mean=0.219  |E|max=0.484  temp=19.583  ptemp=1.0000  praw=+10.945  val 0.4083  test 0.3562 (new best)  eval 21.7s
epoch 12/50  link=0.4457  lr=1e-03  train 42.1s  |E|mean=0.224  |E|max=0.506  temp=19.909  ptemp=1.0000  praw=+11.990  val 0.4107  test 0.3586 (new best)  eval 19.9s
epoch 13/50  link=0.4325  lr=1e-03  train 42.3s  |E|mean=0.229  |E|max=0.523  temp=20.121  ptemp=1.0000  praw=+13.025  val 0.4129  test 0.3602 (new best)  eval 21.7s
epoch 14/50  link=0.4212  lr=1e-03  train 34.7s  |E|mean=0.233  |E|max=0.535  temp=20.259  ptemp=1.0000  praw=+14.040  val 0.4152  test 0.3618 (new best)  eval 19.9s
epoch 15/50  link=0.4108  lr=1e-03  train 39.3s  |E|mean=0.237  |E|max=0.547  temp=20.345  ptemp=1.0000  praw=+15.022  val 0.4166  test 0.3634 (new best)  eval 21.6s
epoch 16/50  link=0.4018  lr=1e-03  train 34.5s  |E|mean=0.241  |E|max=0.577  temp=20.379  ptemp=1.0000  praw=+15.844  val 0.4180  test 0.3659 (new best)  eval 19.9s
epoch 17/50  link=0.3929  lr=1e-03  train 34.5s  |E|mean=0.246  |E|max=0.596  temp=20.397  ptemp=1.0000  praw=+16.643  val 0.4203  test 0.3669 (new best)  eval 21.6s
epoch 18/50  link=0.3852  lr=1e-03  train 34.5s  |E|mean=0.250  |E|max=0.605  temp=20.381  ptemp=1.0000  praw=+16.643  val 0.4216  test 0.3684 (new best)  eval 19.9s
epoch 19/50  link=0.3789  lr=1e-03  train 34.5s  |E|mean=0.253  |E|max=0.612  temp=20.325  ptemp=1.0000  praw=+16.643  val 0.4230  test 0.3702 (new best)  eval 21.7s
epoch 20/50  link=0.3725  lr=1e-03  train 34.5s  |E|mean=0.257  |E|max=0.640  temp=20.264  ptemp=1.0000  praw=+16.643  val 0.4243  test 0.3711 (new best)  eval 19.8s
epoch 21/50  link=0.3668  lr=1e-03  train 34.5s  |E|mean=0.261  |E|max=0.656  temp=20.181  ptemp=1.0000  praw=+16.643  val 0.4255  test 0.3722 (new best)  eval 21.7s
epoch 22/50  link=0.3622  lr=1e-03  train 34.5s  |E|mean=0.265  |E|max=0.669  temp=20.074  ptemp=1.0000  praw=+16.643  val 0.4264  test 0.3730 (new best)  eval 19.7s
epoch 23/50  link=0.3563  lr=1e-03  train 40.3s  |E|mean=0.269  |E|max=0.677  temp=19.988  ptemp=1.0000  praw=+16.643  val 0.4271  test 0.3734 (new best)  eval 21.6s
epoch 24/50  link=0.3512  lr=1e-03  train 34.6s  |E|mean=0.272  |E|max=0.686  temp=19.901  ptemp=1.0000  praw=+16.643  val 0.4286  test 0.3743 (new best)  eval 19.9s
epoch 25/50  link=0.3472  lr=1e-03  train 34.5s  |E|mean=0.276  |E|max=0.705  temp=19.789  ptemp=1.0000  praw=+16.643  val 0.4298  test 0.3753 (new best)  eval 21.7s
epoch 26/50  link=0.3433  lr=1e-03  train 34.5s  |E|mean=0.279  |E|max=0.720  temp=19.674  ptemp=1.0000  praw=+16.643  val 0.4307  test 0.3769 (new best)  eval 19.9s
epoch 27/50  link=0.3395  lr=1e-03  train 34.5s  |E|mean=0.283  |E|max=0.729  temp=19.553  ptemp=1.0000  praw=+16.643  val 0.4310  test 0.3771 (new best)  eval 21.6s
epoch 28/50  link=0.3355  lr=1e-03  train 34.6s  |E|mean=0.286  |E|max=0.742  temp=19.435  ptemp=1.0000  praw=+16.643  val 0.4319  test 0.3790 (new best)  eval 19.8s
epoch 29/50  link=0.3319  lr=1e-03  train 34.5s  |E|mean=0.290  |E|max=0.753  temp=19.326  ptemp=1.0000  praw=+16.643  val 0.4325  test 0.3793 (new best)  eval 21.5s
epoch 30/50  link=0.3291  lr=1e-03  train 34.6s  |E|mean=0.293  |E|max=0.759  temp=19.181  ptemp=1.0000  praw=+16.643  val 0.4338  test 0.3800 (new best)  eval 19.9s
epoch 31/50  link=0.3259  lr=1e-03  train 34.6s  |E|mean=0.297  |E|max=0.765  temp=19.062  ptemp=1.0000  praw=+16.643  val 0.4343  test 0.3812 (new best)  eval 21.7s
epoch 32/50  link=0.3230  lr=1e-03  train 34.5s  |E|mean=0.300  |E|max=0.778  temp=18.940  ptemp=1.0000  praw=+16.643  val 0.4353  test 0.3813 (new best)  eval 19.8s
epoch 33/50  link=0.3201  lr=1e-03  train 34.6s  |E|mean=0.303  |E|max=0.788  temp=18.810  ptemp=1.0000  praw=+16.643  val 0.4360  test 0.3811 (new best)  eval 21.7s
epoch 34/50  link=0.3172  lr=1e-03  train 42.4s  |E|mean=0.307  |E|max=0.792  temp=18.687  ptemp=1.0000  praw=+16.643  val 0.4367  test 0.3814 (new best)  eval 19.7s
epoch 35/50  link=0.3143  lr=1e-03  train 36.3s  |E|mean=0.310  |E|max=0.794  temp=18.577  ptemp=1.0000  praw=+16.643  val 0.4372  test 0.3830 (new best)  eval 21.6s
epoch 36/50  link=0.3118  lr=1e-03  train 34.5s  |E|mean=0.313  |E|max=0.807  temp=18.450  ptemp=1.0000  praw=+16.643  val 0.4376  test 0.3834 (new best)  eval 20.0s
epoch 37/50  link=0.3097  lr=1e-03  train 34.5s  |E|mean=0.316  |E|max=0.812  temp=18.318  ptemp=1.0000  praw=+16.643  val 0.4385  test 0.3841 (new best)  eval 21.7s
epoch 38/50  link=0.3071  lr=1e-03  train 34.6s  |E|mean=0.320  |E|max=0.815  temp=18.202  ptemp=1.0000  praw=+16.643  val 0.4390  test 0.3848 (new best)  eval 19.9s
epoch 39/50  link=0.3049  lr=1e-03  train 34.5s  |E|mean=0.323  |E|max=0.816  temp=18.081  ptemp=1.0000  praw=+16.643  val 0.4395  test 0.3853 (new best)  eval 21.6s
epoch 40/50  link=0.3029  lr=1e-03  train 34.5s  |E|mean=0.326  |E|max=0.816  temp=17.957  ptemp=1.0000  praw=+16.643  val 0.4402  test 0.3857 (new best)  eval 19.9s
epoch 41/50  link=0.3017  lr=1e-03  train 34.6s  |E|mean=0.329  |E|max=0.819  temp=17.814  ptemp=1.0000  praw=+16.643  val 0.4406  test 0.3864 (new best)  eval 21.7s
epoch 42/50  link=0.2989  lr=1e-03  train 34.5s  |E|mean=0.332  |E|max=0.827  temp=17.711  ptemp=1.0000  praw=+16.643  val 0.4414  test 0.3869 (new best)  eval 19.9s
epoch 43/50  link=0.2971  lr=1e-03  train 34.5s  |E|mean=0.335  |E|max=0.830  temp=17.593  ptemp=1.0000  praw=+16.643  val 0.4418  test 0.3873 (new best)  eval 21.6s
epoch 44/50  link=0.2951  lr=1e-03  train 34.5s  |E|mean=0.338  |E|max=0.831  temp=17.493  ptemp=1.0000  praw=+16.643  val 0.4424  test 0.3883 (new best)  eval 19.9s
epoch 45/50  link=0.2936  lr=1e-03  train 34.5s  |E|mean=0.342  |E|max=0.840  temp=17.367  ptemp=1.0000  praw=+16.643  val 0.4430  test 0.3879 (new best)  eval 21.7s
epoch 46/50  link=0.2924  lr=1e-03  train 31.2s  |E|mean=0.345  |E|max=0.856  temp=17.242  ptemp=1.0000  praw=+16.643  val 0.4435  test 0.3886 (new best)  eval 19.8s
epoch 47/50  link=0.2907  lr=1e-03  train 34.5s  |E|mean=0.348  |E|max=0.859  temp=17.118  ptemp=1.0000  praw=+16.643  val 0.4441  test 0.3899 (new best)  eval 19.9s
epoch 48/50  link=0.2889  lr=1e-03  train 34.6s  |E|mean=0.351  |E|max=0.859  temp=17.007  ptemp=1.0000  praw=+16.643  val 0.4442  test 0.3898 (new best)  eval 19.3s
epoch 49/50  link=0.2874  lr=1e-03  train 34.5s  |E|mean=0.354  |E|max=0.860  temp=16.900  ptemp=1.0000  praw=+16.643  val 0.4449  test 0.3905 (new best)  eval 19.9s
epoch 50/50  link=0.2861  lr=1e-03  train 34.6s  |E|mean=0.357  |E|max=0.861  temp=16.783  ptemp=1.0000  praw=+16.643  val 0.4456  test 0.3911 (new best)  eval 19.3s
  restored best weights from epoch 50 (val 0.4456, test 0.3911)

=== Final results ===
  dataset:           YouTube
  seed:              42
  stopped_at_epoch:  50
  best_val_mrr:      0.4456
  best_test_mrr:     0.3911
