# d-sweep cell: dataset=GoogleLocal d_emb=256
# branch=master commit=3bfe0624
# started=2026-08-23 19:35:12
# cmd: /its/home/ms2420/tempest-embeddinng/venv/bin/python -u scripts/train_link_property_prediction.py --data-suite tgb-seq \
#        --dataset GoogleLocal --d-emb 256 --num-epochs 50 --early-stop-patience 3 \
#        --use-gpu --use-gpu-tempest --is-bipartite

=== tempest-embedding training ===
dataset: GoogleLocal
device:  cuda
seed:    42
loaded (tgb-seq) in 0.6s
  num_nodes:     473,581
  neg_pool:      267,336 unique destinations (bipartite)
  t_min:         662601600
  t_max:         1377798281
  T_train:       715196681
  median_inter_arrival: 28.0
  mean_inter_arrival:   430.8
  train edges:   1,802,833
  val edges:     67,588
  test edges:    43,546

=== Config ===
  num_nodes: 473581
  dst_pool: <ndarray shape=(267336,) dtype=int32>
  t_train: 715196681.0
  mean_node_inter_arrival: 93936278.12115154
  d_emb: 256
  K_train: 5
  num_walks_per_node: 5
  max_walk_len: 5
  walk_bias: ExponentialWeight
  start_bias: ExponentialWeight
  t2nv_p: 4.0
  t2nv_q: 0.25
  lr: 0.001
  num_epochs: 50
  early_stop_patience: 3
  seed: 42
  use_gpu: True
  use_gpu_tempest: True

=== Parameter counts ===
  model.E:          121,236,736
  head params:                2
  TOTAL trainable:  121,236,738

=== Training ===
  Ingested full graph into Tempest: 1,913,967 edges (once; per-query cutoff enforces causality)
epoch 1/50  link=1.7749  lr=1e-03  train 134.1s  |E|mean=0.036  |E|max=0.204  temp=2.909  ptemp=0.1614  praw=-1.648  val 0.4527  test 0.4190 (new best)  eval 7.1s
epoch 2/50  link=1.5507  lr=1e-03  train 132.5s  |E|mean=0.071  |E|max=0.460  temp=5.517  ptemp=0.2491  praw=-1.103  val 0.5189  test 0.4858 (new best)  eval 6.7s
epoch 3/50  link=1.1322  lr=1e-03  train 130.4s  |E|mean=0.102  |E|max=0.577  temp=7.632  ptemp=0.4179  praw=-0.332  val 0.5563  test 0.5275 (new best)  eval 6.7s
epoch 4/50  link=0.7546  lr=1e-03  train 132.2s  |E|mean=0.126  |E|max=0.632  temp=9.408  ptemp=0.6013  praw=+0.411  val 0.5844  test 0.5556 (new best)  eval 6.7s
epoch 5/50  link=0.4956  lr=1e-03  train 132.2s  |E|mean=0.145  |E|max=0.659  temp=10.972  ptemp=0.7677  praw=+1.196  val 0.6043  test 0.5774 (new best)  eval 6.7s
epoch 6/50  link=0.3326  lr=1e-03  train 132.1s  |E|mean=0.160  |E|max=0.684  temp=12.414  ptemp=0.8843  praw=+2.034  val 0.6193  test 0.5920 (new best)  eval 6.7s
epoch 7/50  link=0.2307  lr=1e-03  train 132.0s  |E|mean=0.172  |E|max=0.694  temp=13.789  ptemp=0.9472  praw=+2.887  val 0.6306  test 0.6037 (new best)  eval 6.7s
epoch 8/50  link=0.1658  lr=1e-03  train 131.7s  |E|mean=0.182  |E|max=0.695  temp=15.131  ptemp=0.9762  praw=+3.713  val 0.6419  test 0.6140 (new best)  eval 6.7s
epoch 9/50  link=0.1236  lr=1e-03  train 131.9s  |E|mean=0.191  |E|max=0.699  temp=16.464  ptemp=0.9889  praw=+4.491  val 0.6498  test 0.6221 (new best)  eval 6.7s
epoch 10/50  link=0.0953  lr=1e-03  train 129.1s  |E|mean=0.198  |E|max=0.698  temp=17.800  ptemp=0.9947  praw=+5.225  val 0.6555  test 0.6276 (new best)  eval 6.7s
epoch 11/50  link=0.0755  lr=1e-03  train 129.1s  |E|mean=0.205  |E|max=0.698  temp=19.150  ptemp=0.9973  praw=+5.921  val 0.6606  test 0.6326 (new best)  eval 6.7s
epoch 12/50  link=0.0614  lr=1e-03  train 129.1s  |E|mean=0.210  |E|max=0.694  temp=20.519  ptemp=0.9987  praw=+6.610  val 0.6638  test 0.6372 (new best)  eval 6.7s
epoch 13/50  link=0.0515  lr=1e-03  train 129.1s  |E|mean=0.215  |E|max=0.697  temp=21.899  ptemp=0.9993  praw=+7.287  val 0.6672  test 0.6392 (new best)  eval 6.7s
epoch 14/50  link=0.0439  lr=1e-03  train 129.1s  |E|mean=0.220  |E|max=0.694  temp=23.297  ptemp=0.9996  praw=+7.955  val 0.6693  test 0.6417 (new best)  eval 6.7s
epoch 15/50  link=0.0380  lr=1e-03  train 129.2s  |E|mean=0.223  |E|max=0.692  temp=24.705  ptemp=0.9998  praw=+8.621  val 0.6709  test 0.6428 (new best)  eval 6.7s
epoch 16/50  link=0.0335  lr=1e-03  train 129.2s  |E|mean=0.227  |E|max=0.686  temp=26.116  ptemp=0.9999  praw=+9.293  val 0.6733  test 0.6448 (new best)  eval 6.7s
epoch 17/50  link=0.0300  lr=1e-03  train 129.2s  |E|mean=0.230  |E|max=0.684  temp=27.533  ptemp=1.0000  praw=+9.972  val 0.6747  test 0.6463 (new best)  eval 6.6s
epoch 18/50  link=0.0271  lr=1e-03  train 129.2s  |E|mean=0.233  |E|max=0.682  temp=28.941  ptemp=1.0000  praw=+10.645  val 0.6754  test 0.6474 (new best)  eval 6.6s
epoch 19/50  link=0.0246  lr=1e-03  train 129.2s  |E|mean=0.235  |E|max=0.678  temp=30.339  ptemp=1.0000  praw=+11.313  val 0.6772  test 0.6481 (new best)  eval 6.6s
epoch 20/50  link=0.0226  lr=1e-03  train 129.2s  |E|mean=0.237  |E|max=0.671  temp=31.692  ptemp=1.0000  praw=+11.983  val 0.6784  test 0.6492 (new best)  eval 6.6s
epoch 21/50  link=0.0212  lr=1e-03  train 129.2s  |E|mean=0.239  |E|max=0.670  temp=32.997  ptemp=1.0000  praw=+12.636  val 0.6791  test 0.6497 (new best)  eval 6.6s
epoch 22/50  link=0.0195  lr=1e-03  train 129.2s  |E|mean=0.241  |E|max=0.662  temp=34.270  ptemp=1.0000  praw=+13.252  val 0.6791  test 0.6516 (new best)  eval 6.5s
epoch 23/50  link=0.0184  lr=1e-03  train 129.2s  |E|mean=0.243  |E|max=0.654  temp=35.476  ptemp=1.0000  praw=+13.819  val 0.6803  test 0.6510 (new best)  eval 6.6s
epoch 24/50  link=0.0174  lr=1e-03  train 129.2s  |E|mean=0.245  |E|max=0.654  temp=36.550  ptemp=1.0000  praw=+14.313  val 0.6811  test 0.6515 (new best)  eval 6.6s
epoch 25/50  link=0.0164  lr=1e-03  train 129.2s  |E|mean=0.246  |E|max=0.654  temp=37.586  ptemp=1.0000  praw=+14.727  val 0.6812  test 0.6520 (new best)  eval 6.6s
epoch 26/50  link=0.0153  lr=1e-03  train 129.2s  |E|mean=0.248  |E|max=0.654  temp=38.523  ptemp=1.0000  praw=+15.064  val 0.6815  test 0.6518 (new best)  eval 6.6s
epoch 27/50  link=0.0150  lr=1e-03  train 129.2s  |E|mean=0.249  |E|max=0.654  temp=39.330  ptemp=1.0000  praw=+15.327  val 0.6816  test 0.6526 (new best)  eval 6.6s
epoch 28/50  link=0.0140  lr=1e-03  train 129.8s  |E|mean=0.250  |E|max=0.655  temp=40.125  ptemp=1.0000  praw=+15.562  val 0.6827  test 0.6528 (new best)  eval 6.5s
epoch 29/50  link=0.0134  lr=1e-03  train 130.3s  |E|mean=0.252  |E|max=0.649  temp=40.850  ptemp=1.0000  praw=+15.697  val 0.6829  test 0.6530 (new best)  eval 6.5s
epoch 30/50  link=0.0130  lr=1e-03  train 129.3s  |E|mean=0.253  |E|max=0.650  temp=41.440  ptemp=1.0000  praw=+15.833  val 0.6830  test 0.6538 (new best)  eval 6.6s
epoch 31/50  link=0.0124  lr=1e-03  train 129.1s  |E|mean=0.254  |E|max=0.650  temp=42.032  ptemp=1.0000  praw=+15.967  val 0.6830  patience 1/3  eval 6.6s
epoch 32/50  link=0.0120  lr=1e-03  train 129.1s  |E|mean=0.255  |E|max=0.648  temp=42.504  ptemp=1.0000  praw=+16.097  val 0.6830  test 0.6528 (new best)  eval 6.5s
epoch 33/50  link=0.0114  lr=1e-03  train 129.1s  |E|mean=0.257  |E|max=0.640  temp=43.018  ptemp=1.0000  praw=+16.225  val 0.6829  patience 1/3  eval 6.5s
epoch 34/50  link=0.0110  lr=1e-03  train 129.1s  |E|mean=0.258  |E|max=0.640  temp=43.484  ptemp=1.0000  praw=+16.347  val 0.6835  test 0.6536 (new best)  eval 6.5s
epoch 35/50  link=0.0106  lr=1e-03  train 129.4s  |E|mean=0.259  |E|max=0.640  temp=43.884  ptemp=1.0000  praw=+16.468  val 0.6837  test 0.6535 (new best)  eval 6.6s
epoch 36/50  link=0.0104  lr=1e-03  train 129.1s  |E|mean=0.260  |E|max=0.634  temp=44.253  ptemp=1.0000  praw=+16.586  val 0.6839  test 0.6539 (new best)  eval 6.6s
epoch 37/50  link=0.0099  lr=1e-03  train 129.2s  |E|mean=0.261  |E|max=0.632  temp=44.642  ptemp=1.0000  praw=+16.636  val 0.6837  patience 1/3  eval 6.6s
epoch 38/50  link=0.0097  lr=1e-03  train 130.2s  |E|mean=0.262  |E|max=0.633  temp=44.979  ptemp=1.0000  praw=+16.636  val 0.6833  patience 2/3  eval 6.6s
epoch 39/50  link=0.0094  lr=1e-03  train 129.1s  |E|mean=0.263  |E|max=0.634  temp=45.254  ptemp=1.0000  praw=+16.636  val 0.6842  test 0.6550 (new best)  eval 6.6s
epoch 40/50  link=0.0091  lr=1e-03  train 129.1s  |E|mean=0.265  |E|max=0.633  temp=45.602  ptemp=1.0000  praw=+16.636  val 0.6839  patience 1/3  eval 6.6s
epoch 41/50  link=0.0089  lr=1e-03  train 129.1s  |E|mean=0.266  |E|max=0.634  temp=45.848  ptemp=1.0000  praw=+16.636  val 0.6840  patience 2/3  eval 6.6s
epoch 42/50  link=0.0086  lr=1e-03  train 129.1s  |E|mean=0.267  |E|max=0.633  temp=46.131  ptemp=1.0000  praw=+16.636  val 0.6837  patience 3/3  eval 6.6s
  restored best weights from epoch 39 (val 0.6842, test 0.6550)

=== Final results ===
  dataset:           GoogleLocal
  seed:              42
  stopped_at_epoch:  39
  best_val_mrr:      0.6842
  best_test_mrr:     0.6550
