# d-sweep cell: dataset=GoogleLocal d_emb=32
# branch=master commit=3bfe0624
# started=2026-08-23 17:57:15
# cmd: /its/home/ms2420/tempest-embeddinng/venv/bin/python -u scripts/train_link_property_prediction.py --data-suite tgb-seq \
#        --dataset GoogleLocal --d-emb 32 --num-epochs 50 --early-stop-patience 3 \
#        --use-gpu --use-gpu-tempest --is-bipartite

=== tempest-embedding training ===
dataset: GoogleLocal
device:  cuda
seed:    42
loaded (tgb-seq) in 0.6s
  num_nodes:     473,581
  neg_pool:      267,336 unique destinations (bipartite)
  t_min:         662601600
  t_max:         1377798281
  T_train:       715196681
  median_inter_arrival: 28.0
  mean_inter_arrival:   430.8
  train edges:   1,802,833
  val edges:     67,588
  test edges:    43,546

=== Config ===
  num_nodes: 473581
  dst_pool: <ndarray shape=(267336,) dtype=int32>
  t_train: 715196681.0
  mean_node_inter_arrival: 93936278.12115154
  d_emb: 32
  K_train: 5
  num_walks_per_node: 5
  max_walk_len: 5
  walk_bias: ExponentialWeight
  start_bias: ExponentialWeight
  t2nv_p: 4.0
  t2nv_q: 0.25
  lr: 0.001
  num_epochs: 50
  early_stop_patience: 3
  seed: 42
  use_gpu: True
  use_gpu_tempest: True

=== Parameter counts ===
  model.E:           15,154,592
  head params:                2
  TOTAL trainable:   15,154,594

=== Training ===
  Ingested full graph into Tempest: 1,913,967 edges (once; per-query cutoff enforces causality)
epoch 1/50  link=1.7679  lr=1e-03  train 40.7s  |E|mean=0.035  |E|max=0.206  temp=3.277  ptemp=0.0823  praw=-2.412  val 0.4354  test 0.3999 (new best)  eval 5.2s
epoch 2/50  link=1.4849  lr=1e-03  train 38.9s  |E|mean=0.073  |E|max=0.448  temp=5.856  ptemp=0.1249  praw=-1.946  val 0.4870  test 0.4521 (new best)  eval 4.8s
epoch 3/50  link=1.0471  lr=1e-03  train 36.1s  |E|mean=0.104  |E|max=0.564  temp=7.884  ptemp=0.2692  praw=-0.999  val 0.5249  test 0.4935 (new best)  eval 4.8s
epoch 4/50  link=0.6965  lr=1e-03  train 38.4s  |E|mean=0.128  |E|max=0.627  temp=9.586  ptemp=0.4518  praw=-0.193  val 0.5572  test 0.5282 (new best)  eval 4.8s
epoch 5/50  link=0.4683  lr=1e-03  train 33.6s  |E|mean=0.146  |E|max=0.667  temp=11.100  ptemp=0.6457  praw=+0.600  val 0.5811  test 0.5528 (new best)  eval 4.8s
epoch 6/50  link=0.3261  lr=1e-03  train 34.6s  |E|mean=0.160  |E|max=0.690  temp=12.513  ptemp=0.8064  praw=+1.427  val 0.5978  test 0.5699 (new best)  eval 4.8s
epoch 7/50  link=0.2362  lr=1e-03  train 38.5s  |E|mean=0.171  |E|max=0.710  temp=13.878  ptemp=0.9067  praw=+2.274  val 0.6114  test 0.5831 (new best)  eval 4.8s
epoch 8/50  link=0.1776  lr=1e-03  train 36.0s  |E|mean=0.181  |E|max=0.724  temp=15.224  ptemp=0.9577  praw=+3.119  val 0.6220  test 0.5927 (new best)  eval 4.8s
epoch 9/50  link=0.1380  lr=1e-03  train 38.6s  |E|mean=0.189  |E|max=0.735  temp=16.578  ptemp=0.9808  praw=+3.935  val 0.6303  test 0.5996 (new best)  eval 4.8s
epoch 10/50  link=0.1105  lr=1e-03  train 38.7s  |E|mean=0.195  |E|max=0.731  temp=17.947  ptemp=0.9911  praw=+4.712  val 0.6367  test 0.6065 (new best)  eval 4.8s
epoch 11/50  link=0.0903  lr=1e-03  train 38.7s  |E|mean=0.201  |E|max=0.729  temp=19.337  ptemp=0.9957  praw=+5.444  val 0.6414  test 0.6120 (new best)  eval 4.8s
epoch 12/50  link=0.0754  lr=1e-03  train 38.6s  |E|mean=0.206  |E|max=0.723  temp=20.748  ptemp=0.9979  praw=+6.169  val 0.6452  test 0.6147 (new best)  eval 4.8s
epoch 13/50  link=0.0645  lr=1e-03  train 38.5s  |E|mean=0.211  |E|max=0.720  temp=22.169  ptemp=0.9990  praw=+6.873  val 0.6488  test 0.6179 (new best)  eval 4.8s
epoch 14/50  link=0.0559  lr=1e-03  train 38.6s  |E|mean=0.214  |E|max=0.715  temp=23.604  ptemp=0.9995  praw=+7.565  val 0.6511  test 0.6203 (new best)  eval 4.8s
epoch 15/50  link=0.0491  lr=1e-03  train 38.7s  |E|mean=0.218  |E|max=0.708  temp=25.043  ptemp=0.9997  praw=+8.251  val 0.6525  test 0.6222 (new best)  eval 4.8s
epoch 16/50  link=0.0438  lr=1e-03  train 38.7s  |E|mean=0.221  |E|max=0.701  temp=26.484  ptemp=0.9999  praw=+8.937  val 0.6535  test 0.6243 (new best)  eval 4.8s
epoch 17/50  link=0.0396  lr=1e-03  train 38.7s  |E|mean=0.224  |E|max=0.700  temp=27.925  ptemp=0.9999  praw=+9.622  val 0.6552  test 0.6249 (new best)  eval 4.8s
epoch 18/50  link=0.0361  lr=1e-03  train 38.7s  |E|mean=0.226  |E|max=0.698  temp=29.350  ptemp=1.0000  praw=+10.304  val 0.6564  test 0.6263 (new best)  eval 4.8s
epoch 19/50  link=0.0332  lr=1e-03  train 38.7s  |E|mean=0.228  |E|max=0.697  temp=30.756  ptemp=1.0000  praw=+10.988  val 0.6573  test 0.6270 (new best)  eval 4.8s
epoch 20/50  link=0.0309  lr=1e-03  train 38.7s  |E|mean=0.230  |E|max=0.691  temp=32.114  ptemp=1.0000  praw=+11.666  val 0.6586  test 0.6271 (new best)  eval 4.7s
epoch 21/50  link=0.0290  lr=1e-03  train 38.6s  |E|mean=0.232  |E|max=0.688  temp=33.419  ptemp=1.0000  praw=+12.338  val 0.6592  test 0.6286 (new best)  eval 4.8s
epoch 22/50  link=0.0269  lr=1e-03  train 38.7s  |E|mean=0.234  |E|max=0.680  temp=34.682  ptemp=1.0000  praw=+12.983  val 0.6590  patience 1/3  eval 4.8s
epoch 23/50  link=0.0257  lr=1e-03  train 38.7s  |E|mean=0.235  |E|max=0.677  temp=35.853  ptemp=1.0000  praw=+13.589  val 0.6598  test 0.6294 (new best)  eval 4.7s
epoch 24/50  link=0.0246  lr=1e-03  train 38.8s  |E|mean=0.237  |E|max=0.675  temp=36.868  ptemp=1.0000  praw=+14.138  val 0.6599  test 0.6296 (new best)  eval 4.8s
epoch 25/50  link=0.0232  lr=1e-03  train 38.8s  |E|mean=0.238  |E|max=0.670  temp=37.856  ptemp=1.0000  praw=+14.612  val 0.6604  test 0.6303 (new best)  eval 4.8s
epoch 26/50  link=0.0222  lr=1e-03  train 38.7s  |E|mean=0.240  |E|max=0.671  temp=38.701  ptemp=1.0000  praw=+15.015  val 0.6604  test 0.6301 (new best)  eval 4.8s
epoch 27/50  link=0.0217  lr=1e-03  train 38.6s  |E|mean=0.241  |E|max=0.663  temp=39.387  ptemp=1.0000  praw=+15.316  val 0.6606  test 0.6297 (new best)  eval 4.7s
epoch 28/50  link=0.0205  lr=1e-03  train 38.8s  |E|mean=0.243  |E|max=0.658  temp=40.071  ptemp=1.0000  praw=+15.582  val 0.6605  patience 1/3  eval 4.7s
epoch 29/50  link=0.0199  lr=1e-03  train 38.8s  |E|mean=0.244  |E|max=0.649  temp=40.652  ptemp=1.0000  praw=+15.746  val 0.6610  test 0.6301 (new best)  eval 4.8s
epoch 30/50  link=0.0194  lr=1e-03  train 38.8s  |E|mean=0.245  |E|max=0.650  temp=41.123  ptemp=1.0000  praw=+15.911  val 0.6608  patience 1/3  eval 4.7s
epoch 31/50  link=0.0186  lr=1e-03  train 38.8s  |E|mean=0.246  |E|max=0.647  temp=41.586  ptemp=1.0000  praw=+16.072  val 0.6604  patience 2/3  eval 4.7s
epoch 32/50  link=0.0181  lr=1e-03  train 38.8s  |E|mean=0.248  |E|max=0.643  temp=41.958  ptemp=1.0000  praw=+16.232  val 0.6603  patience 3/3  eval 4.7s
  restored best weights from epoch 29 (val 0.6610, test 0.6301)

=== Final results ===
  dataset:           GoogleLocal
  seed:              42
  stopped_at_epoch:  29
  best_val_mrr:      0.6610
  best_test_mrr:     0.6301
