# d-sweep cell: dataset=GoogleLocal d_emb=64
# branch=master commit=3bfe0624
# started=2026-08-23 18:21:43
# cmd: /its/home/ms2420/tempest-embeddinng/venv/bin/python -u scripts/train_link_property_prediction.py --data-suite tgb-seq \
#        --dataset GoogleLocal --d-emb 64 --num-epochs 50 --early-stop-patience 3 \
#        --use-gpu --use-gpu-tempest --is-bipartite

=== tempest-embedding training ===
dataset: GoogleLocal
device:  cuda
seed:    42
loaded (tgb-seq) in 0.6s
  num_nodes:     473,581
  neg_pool:      267,336 unique destinations (bipartite)
  t_min:         662601600
  t_max:         1377798281
  T_train:       715196681
  median_inter_arrival: 28.0
  mean_inter_arrival:   430.8
  train edges:   1,802,833
  val edges:     67,588
  test edges:    43,546

=== Config ===
  num_nodes: 473581
  dst_pool: <ndarray shape=(267336,) dtype=int32>
  t_train: 715196681.0
  mean_node_inter_arrival: 93936278.12115154
  d_emb: 64
  K_train: 5
  num_walks_per_node: 5
  max_walk_len: 5
  walk_bias: ExponentialWeight
  start_bias: ExponentialWeight
  t2nv_p: 4.0
  t2nv_q: 0.25
  lr: 0.001
  num_epochs: 50
  early_stop_patience: 3
  seed: 42
  use_gpu: True
  use_gpu_tempest: True

=== Parameter counts ===
  model.E:           30,309,184
  head params:                2
  TOTAL trainable:   30,309,186

=== Training ===
  Ingested full graph into Tempest: 1,913,967 edges (once; per-query cutoff enforces causality)
epoch 1/50  link=1.7701  lr=1e-03  train 51.7s  |E|mean=0.035  |E|max=0.209  temp=3.186  ptemp=0.0962  praw=-2.240  val 0.4509  test 0.4161 (new best)  eval 5.5s
epoch 2/50  link=1.5010  lr=1e-03  train 50.0s  |E|mean=0.073  |E|max=0.458  temp=5.783  ptemp=0.1484  praw=-1.747  val 0.5029  test 0.4715 (new best)  eval 5.0s
epoch 3/50  link=1.0629  lr=1e-03  train 49.7s  |E|mean=0.104  |E|max=0.573  temp=7.836  ptemp=0.3000  praw=-0.847  val 0.5408  test 0.5121 (new best)  eval 5.0s
epoch 4/50  link=0.7018  lr=1e-03  train 49.8s  |E|mean=0.128  |E|max=0.636  temp=9.556  ptemp=0.4861  praw=-0.056  val 0.5726  test 0.5442 (new best)  eval 5.0s
epoch 5/50  link=0.4649  lr=1e-03  train 49.8s  |E|mean=0.146  |E|max=0.676  temp=11.079  ptemp=0.6777  praw=+0.743  val 0.5953  test 0.5677 (new best)  eval 5.0s
epoch 6/50  link=0.3182  lr=1e-03  train 49.9s  |E|mean=0.161  |E|max=0.704  temp=12.495  ptemp=0.8289  praw=+1.578  val 0.6103  test 0.5833 (new best)  eval 5.0s
epoch 7/50  link=0.2263  lr=1e-03  train 49.8s  |E|mean=0.172  |E|max=0.715  temp=13.856  ptemp=0.9191  praw=+2.431  val 0.6227  test 0.5957 (new best)  eval 5.0s
epoch 8/50  link=0.1673  lr=1e-03  train 49.9s  |E|mean=0.182  |E|max=0.722  temp=15.195  ptemp=0.9634  praw=+3.271  val 0.6322  test 0.6050 (new best)  eval 5.0s
epoch 9/50  link=0.1280  lr=1e-03  train 49.9s  |E|mean=0.190  |E|max=0.725  temp=16.537  ptemp=0.9833  praw=+4.073  val 0.6405  test 0.6124 (new best)  eval 5.0s
epoch 10/50  link=0.1011  lr=1e-03  train 49.8s  |E|mean=0.197  |E|max=0.723  temp=17.891  ptemp=0.9921  praw=+4.834  val 0.6459  test 0.6191 (new best)  eval 5.0s
epoch 11/50  link=0.0817  lr=1e-03  train 49.9s  |E|mean=0.203  |E|max=0.725  temp=19.265  ptemp=0.9961  praw=+5.551  val 0.6518  test 0.6237 (new best)  eval 5.0s
epoch 12/50  link=0.0676  lr=1e-03  train 49.8s  |E|mean=0.209  |E|max=0.723  temp=20.659  ptemp=0.9981  praw=+6.264  val 0.6554  test 0.6275 (new best)  eval 5.0s
epoch 13/50  link=0.0574  lr=1e-03  train 49.8s  |E|mean=0.213  |E|max=0.717  temp=22.063  ptemp=0.9990  praw=+6.958  val 0.6588  test 0.6305 (new best)  eval 5.0s
epoch 14/50  link=0.0496  lr=1e-03  train 49.8s  |E|mean=0.217  |E|max=0.717  temp=23.484  ptemp=0.9995  praw=+7.642  val 0.6608  test 0.6329 (new best)  eval 5.0s
epoch 15/50  link=0.0432  lr=1e-03  train 49.8s  |E|mean=0.221  |E|max=0.717  temp=24.911  ptemp=0.9998  praw=+8.320  val 0.6623  test 0.6341 (new best)  eval 5.0s
epoch 16/50  link=0.0384  lr=1e-03  train 49.8s  |E|mean=0.224  |E|max=0.710  temp=26.339  ptemp=0.9999  praw=+9.001  val 0.6644  test 0.6359 (new best)  eval 5.0s
epoch 17/50  link=0.0345  lr=1e-03  train 49.7s  |E|mean=0.227  |E|max=0.707  temp=27.772  ptemp=0.9999  praw=+9.683  val 0.6659  test 0.6367 (new best)  eval 4.9s
epoch 18/50  link=0.0313  lr=1e-03  train 49.8s  |E|mean=0.229  |E|max=0.706  temp=29.185  ptemp=1.0000  praw=+10.366  val 0.6668  test 0.6385 (new best)  eval 4.9s
epoch 19/50  link=0.0286  lr=1e-03  train 49.8s  |E|mean=0.231  |E|max=0.702  temp=30.589  ptemp=1.0000  praw=+11.040  val 0.6683  test 0.6394 (new best)  eval 4.8s
epoch 20/50  link=0.0265  lr=1e-03  train 49.8s  |E|mean=0.234  |E|max=0.696  temp=31.941  ptemp=1.0000  praw=+11.717  val 0.6696  test 0.6403 (new best)  eval 4.9s
epoch 21/50  link=0.0249  lr=1e-03  train 49.8s  |E|mean=0.235  |E|max=0.692  temp=33.241  ptemp=1.0000  praw=+12.383  val 0.6702  test 0.6414 (new best)  eval 4.9s
epoch 22/50  link=0.0229  lr=1e-03  train 45.3s  |E|mean=0.237  |E|max=0.688  temp=34.518  ptemp=1.0000  praw=+13.021  val 0.6709  test 0.6416 (new best)  eval 4.9s
epoch 23/50  link=0.0217  lr=1e-03  train 45.4s  |E|mean=0.239  |E|max=0.681  temp=35.704  ptemp=1.0000  praw=+13.619  val 0.6707  patience 1/3  eval 4.9s
epoch 24/50  link=0.0206  lr=1e-03  train 45.3s  |E|mean=0.240  |E|max=0.680  temp=36.757  ptemp=1.0000  praw=+14.154  val 0.6717  test 0.6432 (new best)  eval 4.9s
epoch 25/50  link=0.0195  lr=1e-03  train 45.3s  |E|mean=0.242  |E|max=0.673  temp=37.757  ptemp=1.0000  praw=+14.608  val 0.6719  test 0.6432 (new best)  eval 4.9s
epoch 26/50  link=0.0184  lr=1e-03  train 45.4s  |E|mean=0.243  |E|max=0.674  temp=38.672  ptemp=1.0000  praw=+14.993  val 0.6721  test 0.6434 (new best)  eval 4.9s
epoch 27/50  link=0.0180  lr=1e-03  train 45.3s  |E|mean=0.245  |E|max=0.666  temp=39.432  ptemp=1.0000  praw=+15.277  val 0.6724  test 0.6442 (new best)  eval 4.9s
epoch 28/50  link=0.0169  lr=1e-03  train 45.3s  |E|mean=0.246  |E|max=0.666  temp=40.174  ptemp=1.0000  praw=+15.546  val 0.6724  test 0.6436 (new best)  eval 4.9s
epoch 29/50  link=0.0162  lr=1e-03  train 45.3s  |E|mean=0.247  |E|max=0.659  temp=40.844  ptemp=1.0000  praw=+15.693  val 0.6732  test 0.6439 (new best)  eval 4.9s
epoch 30/50  link=0.0157  lr=1e-03  train 45.3s  |E|mean=0.249  |E|max=0.656  temp=41.384  ptemp=1.0000  praw=+15.840  val 0.6732  test 0.6441 (new best)  eval 4.9s
epoch 31/50  link=0.0151  lr=1e-03  train 45.3s  |E|mean=0.250  |E|max=0.655  temp=41.904  ptemp=1.0000  praw=+15.988  val 0.6731  patience 1/3  eval 4.9s
epoch 32/50  link=0.0146  lr=1e-03  train 45.3s  |E|mean=0.251  |E|max=0.654  temp=42.368  ptemp=1.0000  praw=+16.132  val 0.6732  patience 2/3  eval 4.9s
epoch 33/50  link=0.0139  lr=1e-03  train 49.8s  |E|mean=0.252  |E|max=0.649  temp=42.830  ptemp=1.0000  praw=+16.274  val 0.6728  patience 3/3  eval 4.9s
  restored best weights from epoch 30 (val 0.6732, test 0.6441)

=== Final results ===
  dataset:           GoogleLocal
  seed:              42
  stopped_at_epoch:  30
  best_val_mrr:      0.6732
  best_test_mrr:     0.6441
