# dataset=ML-20M (14.5M edges, BIPARTITE)
# geometry=lorentz  replicate=3  seed=5  (archived as 3.log)
# d_emb=64 k_train=5 num_walks_per_node=5 lr=1e-3 patience 5 cap 100; no popularity channel
# branch=master commit=07dcc1e6  tempest-rw=1.0.6
# code: (sum w)^2 midpoint floor, NaN-propagating _safe_sqrt, NO radius clamp, NO grad clip, transp fixed
# driven by scripts/run_lorentz_sweep_r3_fresh.sh (UNTRACKED); see ../DRIVER.log
# started=2026-09-12 12:27:05
# cmd: /its/home/ms2420/tempest-embeddinng/venv/bin/python -u scripts/train_link_property_prediction.py --data-suite tgb-seq --dataset ML-20M --d-emb 64 --k-train 5 --num-walks-per-node 5 --lr 1e-3 --seed 5 --early-stop-patience 5 --is-bipartite --use-gpu --use-gpu-tempest

=== tempest-embedding training ===
dataset: ML-20M
device:  cuda
seed:    5
loaded (tgb-seq) in 2.7s
  num_nodes:     110,432
  neg_pool:      9,646 unique destinations (bipartite)
  train edges:   14,000,091
  val edges:     364,943
  test edges:    129,291

=== Config ===
  num_nodes: 110432
  dst_pool: <ndarray shape=(9646,) dtype=int32>
  d_emb: 64
  hidden_dim: 32
  K_train: 5
  num_walks_per_node: 5
  max_walk_len: 5
  walk_bias: ExponentialWeight
  start_bias: ExponentialWeight
  t2nv_p: 4.0
  t2nv_q: 0.25
  lr: 0.001
  num_epochs: 100
  early_stop_patience: 5
  seed: 5
  use_gpu: True
  use_gpu_tempest: True

=== Parameter counts ===
  model.E:            7,067,648
  head params:              162
  TOTAL trainable:    7,067,810

=== Training ===
  Ingested full graph into Tempest: 14,494,325 edges (once; per-query cutoff enforces causality)
epoch 1/100  link=0.8493  lr=1e-03  train 245.9s  r_mean=0.225  r_max=2.895  geo_temp=5.719  val 0.2303  test 0.2144 (new best)  eval 31.1s
epoch 2/100  link=0.5644  lr=1e-03  train 242.3s  r_mean=0.252  r_max=3.116  geo_temp=8.865  val 0.2612  test 0.2345 (new best)  eval 30.9s
epoch 3/100  link=0.5238  lr=1e-03  train 242.2s  r_mean=0.272  r_max=4.552  geo_temp=10.522  val 0.2726  test 0.2407 (new best)  eval 27.9s
epoch 4/100  link=0.5034  lr=1e-03  train 242.2s  r_mean=0.290  r_max=4.263  geo_temp=11.937  val 0.2770  test 0.2420 (new best)  eval 19.7s
epoch 5/100  link=0.4885  lr=1e-03  train 251.8s  r_mean=0.307  r_max=3.981  geo_temp=13.142  val 0.2804  test 0.2433 (new best)  eval 30.1s
epoch 6/100  link=0.4760  lr=1e-03  train 276.3s  r_mean=0.323  r_max=4.228  geo_temp=14.153  val 0.2824  test 0.2442 (new best)  eval 25.5s
epoch 7/100  link=0.4660  lr=1e-03  train 277.5s  r_mean=0.337  r_max=5.583  geo_temp=15.024  val 0.2826  test 0.2429 (new best)  eval 19.7s
epoch 8/100  link=0.4575  lr=1e-03  train 262.1s  r_mean=0.351  r_max=5.255  geo_temp=15.820  val 0.2817  patience 1/5  eval 30.1s
epoch 9/100  link=0.4500  lr=1e-03  train 242.1s  r_mean=0.364  r_max=5.351  geo_temp=16.491  val 0.2813  patience 2/5  eval 30.1s
epoch 10/100  link=0.4432  lr=1e-03  train 242.1s  r_mean=0.376  r_max=5.739  geo_temp=17.115  val 0.2806  patience 3/5  eval 30.1s
epoch 11/100  link=0.4372  lr=1e-03  train 242.1s  r_mean=0.388  r_max=6.039  geo_temp=17.664  val 0.2797  patience 4/5  eval 28.3s
epoch 12/100  link=0.4320  lr=1e-03  train 277.7s  r_mean=0.399  r_max=6.446  geo_temp=18.142  val 0.2787  patience 5/5  eval 28.3s
  restored best weights from epoch 7 (val 0.2826, test 0.2429)

=== Final results ===
  dataset:           ML-20M
  seed:              5
  stopped_at_epoch:  7
  best_val_mrr:      0.2826
  best_test_mrr:     0.2429
