# complete run: dataset=WikiLink arm=without_cand_pop-5 tag=run-1 d_emb=64 k_train=5 lr=1e-3
# branch=master commit=8083f4fd
# started=2026-08-26 13:50:31
# run on a second A40 in parallel with the other 7 datasets of this arm; sole job on this GPU
# cmd: /its/home/ms2420/tempest-embeddinng/venv/bin/python -u scripts/train_link_property_prediction.py --data-suite tgb-seq \
#        --dataset WikiLink --d-emb 64 --k-train 5 --lr 1e-3 \
#        --num-epochs 50 --early-stop-patience 3 \
#        --use-gpu --use-gpu-tempest  

=== tempest-embedding training ===
dataset: WikiLink
device:  cuda
seed:    42
loaded (tgb-seq) in 7.0s
  num_nodes:     1,361,973
  neg_pool:      1,361,972 unique nodes (non-bipartite)
  t_min:         982623600
  t_max:         1157925600
  T_train:       175302000
  median_inter_arrival: 86400.0
  mean_inter_arrival:   88091.5
  train edges:   27,635,253
  val edges:     3,455,476
  test edges:    3,073,045

=== Config ===
  num_nodes: 1361973
  dst_pool: <ndarray shape=(1361972,) dtype=int32>
  t_train: 175302000.0
  mean_node_inter_arrival: 4319779.803427166
  d_emb: 64
  use_pop_bias: False
  K_train: 5
  num_walks_per_node: 5
  max_walk_len: 5
  walk_bias: ExponentialWeight
  start_bias: ExponentialWeight
  t2nv_p: 4.0
  t2nv_q: 0.25
  lr: 0.001
  num_epochs: 50
  early_stop_patience: 3
  seed: 42
  use_gpu: True
  use_gpu_tempest: True

=== Parameter counts ===
  model.E:           87,166,272
  head params:                2
  TOTAL trainable:   87,166,274

=== Training ===
  Ingested full graph into Tempest: 34,163,774 edges (once; per-query cutoff enforces causality)
epoch 1/50  link=1.1681  lr=1e-03  train 1502.0s  |E|mean=0.289  |E|max=0.638  geo_temp=12.587  ptemp=0.9999  praw=+9.426  val 0.4456  test 0.4411 (new best)  eval 272.7s
epoch 2/50  link=0.6111  lr=1e-03  train 1455.2s  |E|mean=0.408  |E|max=0.698  geo_temp=11.159  ptemp=1.0000  praw=+16.640  val 0.5282  test 0.5223 (new best)  eval 268.0s
epoch 3/50  link=0.4904  lr=1e-03  train 1504.2s  |E|mean=0.502  |E|max=0.807  geo_temp=9.485  ptemp=1.0000  praw=+16.640  val 0.5599  test 0.5544 (new best)  eval 268.4s
epoch 4/50  link=0.4402  lr=1e-03  train 1454.4s  |E|mean=0.582  |E|max=0.880  geo_temp=8.052  ptemp=1.0000  praw=+16.640  val 0.5762  test 0.5708 (new best)  eval 269.1s
epoch 5/50  link=0.4226  lr=1e-03  train 1479.3s  |E|mean=0.650  |E|max=0.893  geo_temp=6.902  ptemp=1.0000  praw=+16.640  val 0.5842  test 0.5793 (new best)  eval 249.2s
epoch 6/50  link=0.4240  lr=1e-03  train 1448.7s  |E|mean=0.708  |E|max=0.904  geo_temp=5.985  ptemp=1.0000  praw=+16.640  val 0.5874  test 0.5825 (new best)  eval 249.7s
epoch 7/50  link=0.4370  lr=1e-03  train 1462.0s  |E|mean=0.757  |E|max=0.927  geo_temp=5.268  ptemp=1.0000  praw=+16.640  val 0.5875  test 0.5828 (new best)  eval 249.6s
epoch 8/50  link=0.4574  lr=1e-03  train 1449.6s  |E|mean=0.797  |E|max=0.946  geo_temp=4.703  ptemp=1.0000  praw=+16.640  val 0.5856  patience 1/3  eval 249.5s
epoch 9/50  link=0.4817  lr=1e-03  train 1452.1s  |E|mean=0.831  |E|max=0.961  geo_temp=4.260  ptemp=1.0000  praw=+16.640  val 0.5826  patience 2/3  eval 267.9s
# STOPPED by user at 2026-08-26 18:53:12 after epoch 9 (patience 2/3), to test the feature/without-pop-bias linear-mix head on this dataset.
# PEAK: val 0.5875 / test 0.5828 @ epoch 7.  val then declined (ep8 0.5856, ep9 0.5826) while the
# training loss ROSE for five straight epochs (0.4226 -> 0.4817) and |E|max inflated 0.893 -> 0.961.
# No '=== Final results ===' block: killed one epoch short of patience 3/3, so best weights were never restored.
# Read best_test_mrr for this cell as 0.5828 @ ep7.
