[2026-08-23 17:31:48] === d-sweep START  branch=master commit=3bfe0624  dims=8 16 32 64 128 256  order=GoogleLocal YouTube ML-20M Patent Flickr
[2026-08-23 17:31:48] START GoogleLocal d=8 --is-bipartite
[2026-08-23 17:43:36] DONE  GoogleLocal d=8 rc=0   stopped_at_epoch: 21  best_val_mrr: 0.5874  best_test_mrr: 0.5530 
[2026-08-23 17:43:36] START GoogleLocal d=16 --is-bipartite
[2026-08-23 17:57:15] DONE  GoogleLocal d=16 rc=0   stopped_at_epoch: 20  best_val_mrr: 0.6355  best_test_mrr: 0.6043 
[2026-08-23 17:57:15] START GoogleLocal d=32 --is-bipartite
[2026-08-23 18:21:43] DONE  GoogleLocal d=32 rc=0   stopped_at_epoch: 29  best_val_mrr: 0.6610  best_test_mrr: 0.6301 
[2026-08-23 18:21:43] START GoogleLocal d=64 --is-bipartite
[2026-08-23 18:52:42] DONE  GoogleLocal d=64 rc=0   stopped_at_epoch: 30  best_val_mrr: 0.6732  best_test_mrr: 0.6441 
[2026-08-23 18:52:42] START GoogleLocal d=128 --is-bipartite
[2026-08-23 19:35:12] DONE  GoogleLocal d=128 rc=0   stopped_at_epoch: 28  best_val_mrr: 0.6808  best_test_mrr: 0.6498 
[2026-08-23 19:35:12] START GoogleLocal d=256 --is-bipartite
[2026-08-23 21:13:30] DONE  GoogleLocal d=256 rc=0   stopped_at_epoch: 39  best_val_mrr: 0.6842  best_test_mrr: 0.6550 
[2026-08-23 21:13:30] ---- GoogleLocal curve complete ----
[2026-08-23 21:13:30] START YouTube d=8 
[2026-08-23 22:13:58] DONE  YouTube d=8 rc=0   stopped_at_epoch: 50  best_val_mrr: 0.4456  best_test_mrr: 0.3911 
[2026-08-23 22:13:58] START YouTube d=16 
[2026-08-23 23:11:23] DONE  YouTube d=16 rc=0   stopped_at_epoch: 50  best_val_mrr: 0.5384  best_test_mrr: 0.4685 
[2026-08-23 23:11:23] START YouTube d=32 
[2026-08-24 00:23:07] DONE  YouTube d=32 rc=0   stopped_at_epoch: 50  best_val_mrr: 0.6089  best_test_mrr: 0.5302 
[2026-08-24 00:23:07] START YouTube d=64 
[2026-08-24 01:50:12] DONE  YouTube d=64 rc=0   stopped_at_epoch: 50  best_val_mrr: 0.6465  best_test_mrr: 0.5677 
[2026-08-24 01:50:12] START YouTube d=128 
[2026-08-24 03:50:39] DONE  YouTube d=128 rc=0   stopped_at_epoch: 50  best_val_mrr: 0.6686  best_test_mrr: 0.5899 
[2026-08-24 03:50:39] START YouTube d=256 
[2026-08-24 06:58:51] DONE  YouTube d=256 rc=0   stopped_at_epoch: 50  best_val_mrr: 0.6802  best_test_mrr: 0.6031 
[2026-08-24 06:58:51] ---- YouTube curve complete ----
[2026-08-24 06:58:51] START ML-20M d=8 --is-bipartite
[2026-08-24 07:20:54] DONE  ML-20M d=8 rc=0   stopped_at_epoch: 3  best_val_mrr: 0.2073  best_test_mrr: 0.2000 
[2026-08-24 07:20:54] START ML-20M d=16 --is-bipartite
[2026-08-24 08:48:40] DONE  ML-20M d=16 rc=0   stopped_at_epoch: 21  best_val_mrr: 0.2390  best_test_mrr: 0.2161 
[2026-08-24 08:48:40] START ML-20M d=32 --is-bipartite
[2026-08-24 10:00:11] DONE  ML-20M d=32 rc=0   stopped_at_epoch: 15  best_val_mrr: 0.2524  best_test_mrr: 0.2224 
[2026-08-24 10:00:11] START ML-20M d=64 --is-bipartite
[2026-08-24 11:10:13] DONE  ML-20M d=64 rc=0   stopped_at_epoch: 14  best_val_mrr: 0.2586  best_test_mrr: 0.2234 
[2026-08-24 11:10:13] START ML-20M d=128 --is-bipartite
[2026-08-24 12:38:16] DONE  ML-20M d=128 rc=0   stopped_at_epoch: 14  best_val_mrr: 0.2619  best_test_mrr: 0.2234 
[2026-08-24 12:38:16] START ML-20M d=256 --is-bipartite
[2026-08-24 14:31:20] DONE  ML-20M d=256 rc=0   stopped_at_epoch: 12  best_val_mrr: 0.2643  best_test_mrr: 0.2245 
[2026-08-24 14:31:20] ---- ML-20M curve complete ----
[2026-08-24 14:31:20] SKIP  Patent d=8 (already complete)
[2026-08-24 14:31:20] SKIP  Patent d=16 (already complete)
[2026-08-24 14:31:20] SKIP  Patent d=32 (already complete)
[2026-08-24 14:31:20] SKIP  Patent d=64 (already complete)
[2026-08-24 14:31:20] SKIP  Patent d=128 (already complete)
[2026-08-24 14:31:20] SKIP  Patent d=256 (already complete)
[2026-08-24 14:31:20] ---- Patent curve complete ----
[2026-08-24 14:31:20] SKIP  Flickr d=8 (already complete)
[2026-08-24 14:31:20] SKIP  Flickr d=16 (already complete)
[2026-08-24 14:31:20] SKIP  Flickr d=32 (already complete)
[2026-08-24 14:31:20] SKIP  Flickr d=64 (already complete)
[2026-08-24 14:31:20] SKIP  Flickr d=128 (already complete)
[2026-08-24 14:31:20] SKIP  Flickr d=256 (already complete)
[2026-08-24 14:31:20] ---- Flickr curve complete ----
[2026-08-24 14:31:20] === d-sweep COMPLETE ===
