# complete run: dataset=ML-20M arm=without_cand_pop tag=run-1 d_emb=64 k_train=10 lr=1e-3
# branch=master commit=257af98
# started=2026-08-26 07:26:09
# cmd: /mnt/nfs2/inf/ms2420/tempest-embeddinng/venv/bin/python -u scripts/train_link_property_prediction.py --data-suite tgb-seq \
#        --dataset ML-20M --d-emb 64 --k-train 10 --lr 1e-3 \
#        --num-epochs 50 --early-stop-patience 3 \
#        --use-gpu --use-gpu-tempest  --is-bipartite

=== tempest-embedding training ===
dataset: ML-20M
device:  cuda
seed:    42
[93mDownload started, this might take a while . . . [0m
Dataset ML-20M will be downloaded in  datasets
Warning: You are sending unauthenticated requests to the HF Hub. Please set a HF_TOKEN to enable higher rate limits and faster downloads.
loaded (tgb-seq) in 19.5s
  num_nodes:     110,432
  neg_pool:      9,646 unique destinations (bipartite)
  t_min:         789652004
  t_max:         1197076829
  T_train:       407424825
  median_inter_arrival: 10.0
  mean_inter_arrival:   42.9
  train edges:   14,000,091
  val edges:     364,943
  test edges:    129,291

=== Config ===
  num_nodes: 110432
  dst_pool: <ndarray shape=(9646,) dtype=int32>
  t_train: 407424825.0
  mean_node_inter_arrival: 1606858.5143330498
  d_emb: 64
  use_pop_bias: False
  K_train: 10
  num_walks_per_node: 5
  max_walk_len: 5
  walk_bias: ExponentialWeight
  start_bias: ExponentialWeight
  t2nv_p: 4.0
  t2nv_q: 0.25
  lr: 0.001
  num_epochs: 50
  early_stop_patience: 3
  seed: 42
  use_gpu: True
  use_gpu_tempest: True

=== Parameter counts ===
  model.E:            7,067,648
  head params:                2
  TOTAL trainable:    7,067,650

=== Training ===
  Ingested full graph into Tempest: 14,494,325 edges (once; per-query cutoff enforces causality)
epoch 1/50  link=1.2504  lr=1e-03  train 268.0s  |E|mean=0.081  |E|max=0.886  geo_temp=4.380  ptemp=0.4773  praw=-0.091  val 0.2088  test 0.1987 (new best)  eval 22.5s
epoch 2/50  link=0.9988  lr=1e-03  train 265.5s  |E|mean=0.097  |E|max=0.906  geo_temp=7.745  ptemp=0.2444  praw=-1.128  val 0.2255  test 0.2086 (new best)  eval 22.0s
epoch 3/50  link=0.9525  lr=1e-03  train 264.2s  |E|mean=0.111  |E|max=0.914  geo_temp=9.325  ptemp=0.1998  praw=-1.387  val 0.2375  test 0.2135 (new best)  eval 20.9s
epoch 4/50  link=0.9258  lr=1e-03  train 265.2s  |E|mean=0.124  |E|max=0.911  geo_temp=10.144  ptemp=0.1875  praw=-1.466  val 0.2443  test 0.2176 (new best)  eval 18.6s
epoch 5/50  link=0.9046  lr=1e-03  train 264.4s  |E|mean=0.136  |E|max=0.905  geo_temp=10.658  ptemp=0.1858  praw=-1.478  val 0.2489  test 0.2195 (new best)  eval 22.1s
epoch 6/50  link=0.8860  lr=1e-03  train 264.7s  |E|mean=0.147  |E|max=0.901  geo_temp=11.041  ptemp=0.1885  praw=-1.459  val 0.2519  test 0.2204 (new best)  eval 20.9s
epoch 7/50  link=0.8697  lr=1e-03  train 264.5s  |E|mean=0.158  |E|max=0.898  geo_temp=11.369  ptemp=0.1939  praw=-1.425  val 0.2544  test 0.2213 (new best)  eval 18.7s
epoch 8/50  link=0.8551  lr=1e-03  train 265.7s  |E|mean=0.168  |E|max=0.889  geo_temp=11.667  ptemp=0.1995  praw=-1.390  val 0.2562  test 0.2228 (new best)  eval 22.2s
epoch 9/50  link=0.8418  lr=1e-03  train 265.3s  |E|mean=0.178  |E|max=0.881  geo_temp=11.946  ptemp=0.2077  praw=-1.339  val 0.2577  test 0.2233 (new best)  eval 21.0s
epoch 10/50  link=0.8293  lr=1e-03  train 265.1s  |E|mean=0.187  |E|max=0.870  geo_temp=12.189  ptemp=0.2171  praw=-1.283  val 0.2591  test 0.2237 (new best)  eval 18.7s
epoch 11/50  link=0.8183  lr=1e-03  train 264.9s  |E|mean=0.195  |E|max=0.860  geo_temp=12.412  ptemp=0.2285  praw=-1.217  val 0.2595  test 0.2243 (new best)  eval 21.7s
epoch 12/50  link=0.8077  lr=1e-03  train 265.0s  |E|mean=0.203  |E|max=0.846  geo_temp=12.605  ptemp=0.2413  praw=-1.146  val 0.2604  test 0.2240 (new best)  eval 18.7s
epoch 13/50  link=0.7980  lr=1e-03  train 264.8s  |E|mean=0.210  |E|max=0.836  geo_temp=12.788  ptemp=0.2567  praw=-1.063  val 0.2599  patience 1/3  eval 21.7s
epoch 14/50  link=0.7891  lr=1e-03  train 265.4s  |E|mean=0.217  |E|max=0.831  geo_temp=12.896  ptemp=0.2763  praw=-0.963  val 0.2603  patience 2/3  eval 21.8s
epoch 15/50  link=0.7809  lr=1e-03  train 270.9s  |E|mean=0.223  |E|max=0.829  geo_temp=13.023  ptemp=0.2950  praw=-0.871  val 0.2604  patience 3/3  eval 24.0s
  restored best weights from epoch 12 (val 0.2604, test 0.2240)

=== Final results ===
  dataset:           ML-20M
  seed:              42
  stopped_at_epoch:  12
  best_val_mrr:      0.2604
  best_test_mrr:     0.2240
