# suite cell: dataset=GoogleLocal experiment=complete_runs cell=d64_k5 tag=run_1
#   d_emb=64 k_train=5 lr=1e-3 patience=5 seed=42 POP-BIAS=ON
#   edges=1.91M bipartite=yes  (flag: '--is-bipartite')
# branch=master commit=df0d6f8
# started=2026-09-02 20:37:14
# cmd: /mnt/nfs2/inf/ms2420/tempest-embeddinng/venv/bin/python -u scripts/train_link_property_prediction.py --data-suite tgb-seq \
#        --dataset GoogleLocal --d-emb 64 --k-train 5 --lr 1e-3 --use-pop-bias \
#        --num-epochs 50 --early-stop-patience 5 \
#        --use-gpu --use-gpu-tempest --is-bipartite

=== tempest-embedding training ===
dataset: GoogleLocal
device:  cuda
seed:    42
loaded (tgb-seq) in 7.5s
  num_nodes:     473,581
  neg_pool:      267,336 unique destinations (bipartite)
  train edges:   1,802,833
  val edges:     67,588
  test edges:    43,546

=== Config ===
  num_nodes: 473581
  dst_pool: <ndarray shape=(267336,) dtype=int32>
  d_emb: 64
  use_pop_bias: True
  hidden_dim: 32
  K_train: 5
  num_walks_per_node: 5
  max_walk_len: 5
  walk_bias: ExponentialWeight
  start_bias: ExponentialWeight
  t2nv_p: 4.0
  t2nv_q: 0.25
  lr: 0.001
  num_epochs: 50
  early_stop_patience: 5
  seed: 42
  use_gpu: True
  use_gpu_tempest: True

=== Parameter counts ===
  model.E:           30,309,184
  head params:          473,743
  TOTAL trainable:   30,782,927

=== Training ===
  Ingested full graph into Tempest: 1,913,967 edges (once; per-query cutoff enforces causality)
epoch 1/50  link=1.7209  lr=1e-03  train 68.5s  |E|mean=0.032  |E|max=0.371  geo_temp=3.466  val 0.3220  test 0.2900 (new best)  eval 5.8s
epoch 2/50  link=1.3452  lr=1e-03  train 61.0s  |E|mean=0.056  |E|max=0.446  geo_temp=5.737  val 0.3924  test 0.3569 (new best)  eval 5.2s
epoch 3/50  link=1.0058  lr=1e-03  train 60.9s  |E|mean=0.076  |E|max=0.448  geo_temp=7.547  val 0.4447  test 0.4046 (new best)  eval 5.4s
epoch 4/50  link=0.7482  lr=1e-03  train 61.3s  |E|mean=0.095  |E|max=0.441  geo_temp=9.205  val 0.4854  test 0.4444 (new best)  eval 5.3s
epoch 5/50  link=0.5543  lr=1e-03  train 61.2s  |E|mean=0.110  |E|max=0.429  geo_temp=10.772  val 0.5225  test 0.4809 (new best)  eval 5.5s
epoch 6/50  link=0.4131  lr=1e-03  train 61.0s  |E|mean=0.124  |E|max=0.416  geo_temp=12.280  val 0.5525  test 0.5132 (new best)  eval 5.4s
epoch 7/50  link=0.3112  lr=1e-03  train 61.1s  |E|mean=0.137  |E|max=0.404  geo_temp=13.748  val 0.5758  test 0.5364 (new best)  eval 5.3s
epoch 8/50  link=0.2378  lr=1e-03  train 60.8s  |E|mean=0.148  |E|max=0.392  geo_temp=15.192  val 0.5955  test 0.5563 (new best)  eval 5.2s
epoch 9/50  link=0.1843  lr=1e-03  train 60.6s  |E|mean=0.157  |E|max=0.385  geo_temp=16.628  val 0.6127  test 0.5770 (new best)  eval 5.4s
epoch 10/50  link=0.1440  lr=1e-03  train 60.7s  |E|mean=0.165  |E|max=0.374  geo_temp=18.061  val 0.6287  test 0.5954 (new best)  eval 5.3s
epoch 11/50  link=0.1142  lr=1e-03  train 60.3s  |E|mean=0.172  |E|max=0.374  geo_temp=19.504  val 0.6396  test 0.6089 (new best)  eval 5.4s
epoch 12/50  link=0.0910  lr=1e-03  train 60.9s  |E|mean=0.178  |E|max=0.376  geo_temp=20.958  val 0.6475  test 0.6161 (new best)  eval 5.2s
epoch 13/50  link=0.0739  lr=1e-03  train 61.2s  |E|mean=0.183  |E|max=0.385  geo_temp=22.412  val 0.6523  test 0.6222 (new best)  eval 5.3s
epoch 14/50  link=0.0603  lr=1e-03  train 60.4s  |E|mean=0.188  |E|max=0.396  geo_temp=23.875  val 0.6583  test 0.6278 (new best)  eval 5.3s
epoch 15/50  link=0.0500  lr=1e-03  train 61.3s  |E|mean=0.192  |E|max=0.401  geo_temp=25.335  val 0.6611  test 0.6312 (new best)  eval 5.4s
epoch 16/50  link=0.0425  lr=1e-03  train 61.5s  |E|mean=0.195  |E|max=0.404  geo_temp=26.791  val 0.6664  test 0.6395 (new best)  eval 5.3s
epoch 17/50  link=0.0367  lr=1e-03  train 61.1s  |E|mean=0.198  |E|max=0.410  geo_temp=28.252  val 0.6694  test 0.6404 (new best)  eval 5.3s
epoch 18/50  link=0.0321  lr=1e-03  train 61.1s  |E|mean=0.201  |E|max=0.419  geo_temp=29.710  val 0.6727  test 0.6456 (new best)  eval 5.3s
epoch 19/50  link=0.0286  lr=1e-03  train 60.8s  |E|mean=0.204  |E|max=0.419  geo_temp=31.157  val 0.6732  test 0.6462 (new best)  eval 5.3s
epoch 20/50  link=0.0258  lr=1e-03  train 60.9s  |E|mean=0.207  |E|max=0.422  geo_temp=32.587  val 0.6750  test 0.6458 (new best)  eval 5.3s
epoch 21/50  link=0.0236  lr=1e-03  train 60.9s  |E|mean=0.209  |E|max=0.422  geo_temp=33.998  val 0.6770  test 0.6492 (new best)  eval 5.4s
epoch 22/50  link=0.0212  lr=1e-03  train 61.0s  |E|mean=0.211  |E|max=0.423  geo_temp=35.402  val 0.6779  test 0.6498 (new best)  eval 5.2s
epoch 23/50  link=0.0198  lr=1e-03  train 60.8s  |E|mean=0.213  |E|max=0.423  geo_temp=36.770  val 0.6791  test 0.6499 (new best)  eval 5.3s
epoch 24/50  link=0.0185  lr=1e-03  train 60.8s  |E|mean=0.215  |E|max=0.417  geo_temp=38.034  val 0.6785  patience 1/5  eval 5.1s
epoch 25/50  link=0.0174  lr=1e-03  train 60.9s  |E|mean=0.217  |E|max=0.418  geo_temp=39.245  val 0.6802  test 0.6519 (new best)  eval 5.3s
epoch 26/50  link=0.0160  lr=1e-03  train 60.8s  |E|mean=0.218  |E|max=0.418  geo_temp=40.429  val 0.6834  test 0.6556 (new best)  eval 5.2s
epoch 27/50  link=0.0155  lr=1e-03  train 60.8s  |E|mean=0.220  |E|max=0.425  geo_temp=41.448  val 0.6840  test 0.6551 (new best)  eval 5.3s
epoch 28/50  link=0.0145  lr=1e-03  train 60.6s  |E|mean=0.221  |E|max=0.425  geo_temp=42.467  val 0.6794  patience 1/5  eval 5.2s
epoch 29/50  link=0.0140  lr=1e-03  train 60.6s  |E|mean=0.223  |E|max=0.425  geo_temp=43.376  val 0.6808  patience 2/5  eval 5.3s
epoch 30/50  link=0.0135  lr=1e-03  train 61.1s  |E|mean=0.224  |E|max=0.425  geo_temp=44.136  val 0.6829  patience 3/5  eval 5.2s
epoch 31/50  link=0.0127  lr=1e-03  train 61.3s  |E|mean=0.226  |E|max=0.427  geo_temp=44.928  val 0.6841  test 0.6571 (new best)  eval 5.2s
epoch 32/50  link=0.0124  lr=1e-03  train 61.2s  |E|mean=0.227  |E|max=0.427  geo_temp=45.563  val 0.6850  test 0.6593 (new best)  eval 5.2s
epoch 33/50  link=0.0115  lr=1e-03  train 60.8s  |E|mean=0.228  |E|max=0.429  geo_temp=46.269  val 0.6819  patience 1/5  eval 5.3s
epoch 34/50  link=0.0115  lr=1e-03  train 60.8s  |E|mean=0.230  |E|max=0.439  geo_temp=46.770  val 0.6863  test 0.6599 (new best)  eval 5.3s
epoch 35/50  link=0.0110  lr=1e-03  train 61.1s  |E|mean=0.231  |E|max=0.440  geo_temp=47.236  val 0.6819  patience 1/5  eval 5.2s
epoch 36/50  link=0.0107  lr=1e-03  train 61.0s  |E|mean=0.232  |E|max=0.448  geo_temp=47.633  val 0.6837  patience 2/5  eval 5.3s
epoch 37/50  link=0.0102  lr=1e-03  train 60.5s  |E|mean=0.234  |E|max=0.448  geo_temp=48.125  val 0.6845  patience 3/5  eval 5.2s
epoch 38/50  link=0.0101  lr=1e-03  train 61.2s  |E|mean=0.235  |E|max=0.448  geo_temp=48.491  val 0.6839  patience 4/5  eval 5.3s
epoch 39/50  link=0.0098  lr=1e-03  train 61.0s  |E|mean=0.236  |E|max=0.453  geo_temp=48.819  val 0.6868  test 0.6601 (new best)  eval 5.3s
epoch 40/50  link=0.0095  lr=1e-03  train 60.7s  |E|mean=0.237  |E|max=0.453  geo_temp=49.190  val 0.6861  patience 1/5  eval 5.3s
epoch 41/50  link=0.0092  lr=1e-03  train 60.9s  |E|mean=0.238  |E|max=0.453  geo_temp=49.514  val 0.6843  patience 2/5  eval 5.2s
epoch 42/50  link=0.0091  lr=1e-03  train 60.4s  |E|mean=0.239  |E|max=0.454  geo_temp=49.715  val 0.6773  patience 3/5  eval 5.3s
epoch 43/50  link=0.0086  lr=1e-03  train 60.3s  |E|mean=0.241  |E|max=0.455  geo_temp=50.026  val 0.6818  patience 4/5  eval 5.3s
epoch 44/50  link=0.0086  lr=1e-03  train 60.4s  |E|mean=0.242  |E|max=0.456  geo_temp=50.248  val 0.6788  patience 5/5  eval 5.3s
  restored best weights from epoch 39 (val 0.6868, test 0.6601)

=== Final results ===
  dataset:           GoogleLocal
  seed:              42
  stopped_at_epoch:  39
  best_val_mrr:      0.6868
  best_test_mrr:     0.6601
=== rc=0 finished=2026-09-02 21:28:45 ===
