# dataset=Flickr experiment=lorentz_projx_shave cell=d64_k5_wpn5_mwl5_lr1e-3 tag=run_1_seed3
#   intrinsic Lorentz manifold, midpoint (sum w)^2 floor, NO projx radius clamp,
#   NO grad clip, NO weight decay, rewritten transp (radial/tangential split).
#   projx SHAVES a detached radius tail (3e2260e, relative-only since 7436020):
#   fence = p50 + 2*(p99.9 - p50), rows past it rescaled to the p99.9 radius,
#   applied by geoopt every stabilize=10 steps. Identity on a healthy cloud.
#   OPTIMISER: one dense RiemannianAdam over all params (sparse reverted, 65ca114).
#   Head: geo_temp * (-d_H). No popularity channel.
#   d_emb=64 k_train=5 num_walks_per_node=5 max_walk_len=5 (both EXPLICIT) lr=1e-3
#   patience=5 num_epochs=100 hidden=32 seed=3
#   edges=7.22M bipartite=no  (flag: 'none')
# branch=master commit=07dcc1e
#   lorentz.py md5=c63ad280c4b966af0c50c2a58bc298c8
#   model.py   md5=c6d22976e93632a1c69cc79e99a3f942
#   trainer.py md5=35d7386bd55c7acb3e0f29e62aa0d2b8
#   (shared NFS tree: another session may check out a different branch mid-run,
#    so these pin the code that was actually imported)
# r_mean/r_max are HYPERBOLIC RADIUS, not the ambient |E| of pre-wiring logs
# host=artemis-a40-13.local  SLURM_JOB_ID=11346381  archive target experiment_logs/geometries/lorentz/flickr/1.log
# started=2026-09-12 04:49:10
# cmd: venv/bin/python -u scripts/train_link_property_prediction.py --data-suite tgb-seq \
#        --dataset Flickr --d-emb 64 --k-train 5 --num-walks-per-node 5 --max-walk-len 5 \
#        --lr 1e-3 --num-epochs 100 --early-stop-patience 5 --seed 3 \
#        --use-gpu --use-gpu-tempest 

=== tempest-embedding training ===
dataset: Flickr
device:  cuda
seed:    3
loaded (tgb-seq) in 5.4s
  num_nodes:     233,837
  neg_pool:      233,836 unique nodes (non-bipartite)
  train edges:   5,738,138
  val edges:     875,742
  test edges:    609,679

=== Config ===
  num_nodes: 233837
  dst_pool: <ndarray shape=(233836,) dtype=int32>
  d_emb: 64
  hidden_dim: 32
  K_train: 5
  num_walks_per_node: 5
  max_walk_len: 5
  walk_bias: ExponentialWeight
  start_bias: ExponentialWeight
  t2nv_p: 4.0
  t2nv_q: 0.25
  lr: 0.001
  num_epochs: 100
  early_stop_patience: 5
  seed: 3
  use_gpu: True
  use_gpu_tempest: True

=== Parameter counts ===
  model.E:           14,965,568
  head params:              162
  TOTAL trainable:   14,965,730

=== Training ===
  Ingested full graph into Tempest: 7,223,559 edges (once; per-query cutoff enforces causality)
epoch 1/100  link=1.2839  lr=1e-03  train 149.7s  r_mean=0.407  r_max=0.913  geo_temp=6.526  val 0.4462  test 0.4296 (new best)  eval 60.7s
epoch 2/100  link=0.5524  lr=1e-03  train 149.1s  r_mean=0.542  r_max=1.166  geo_temp=10.196  val 0.5491  test 0.5222 (new best)  eval 61.0s
epoch 3/100  link=0.3714  lr=1e-03  train 149.1s  r_mean=0.603  r_max=1.189  geo_temp=13.072  val 0.5884  test 0.5610 (new best)  eval 60.7s
epoch 4/100  link=0.2805  lr=1e-03  train 148.9s  r_mean=0.644  r_max=1.279  geo_temp=15.647  val 0.6147  test 0.5884 (new best)  eval 60.9s
epoch 5/100  link=0.2225  lr=1e-03  train 148.8s  r_mean=0.678  r_max=1.382  geo_temp=17.852  val 0.6307  test 0.6035 (new best)  eval 61.0s
epoch 6/100  link=0.1824  lr=1e-03  train 148.8s  r_mean=0.708  r_max=1.424  geo_temp=19.752  val 0.6425  test 0.6155 (new best)  eval 61.0s
epoch 7/100  link=0.1550  lr=1e-03  train 148.8s  r_mean=0.737  r_max=1.469  geo_temp=21.302  val 0.6488  test 0.6218 (new best)  eval 61.0s
epoch 8/100  link=0.1355  lr=1e-03  train 148.7s  r_mean=0.764  r_max=1.541  geo_temp=22.527  val 0.6506  test 0.6213 (new best)  eval 61.0s
epoch 9/100  link=0.1219  lr=1e-03  train 148.7s  r_mean=0.789  r_max=1.632  geo_temp=23.424  val 0.6529  test 0.6224 (new best)  eval 61.0s
epoch 10/100  link=0.1111  lr=1e-03  train 148.7s  r_mean=0.814  r_max=1.718  geo_temp=24.107  val 0.6515  patience 1/5  eval 61.0s
epoch 11/100  link=0.1037  lr=1e-03  train 148.7s  r_mean=0.839  r_max=1.865  geo_temp=24.531  val 0.6491  patience 2/5  eval 60.8s
epoch 12/100  link=0.0972  lr=1e-03  train 148.7s  r_mean=0.863  r_max=1.909  geo_temp=24.813  val 0.6480  patience 3/5  eval 60.7s
epoch 13/100  link=0.0920  lr=1e-03  train 148.7s  r_mean=0.887  r_max=1.902  geo_temp=24.990  val 0.6510  patience 4/5  eval 60.8s
epoch 14/100  link=0.0878  lr=1e-03  train 148.7s  r_mean=0.911  r_max=2.036  geo_temp=25.048  val 0.6521  patience 5/5  eval 60.8s
  restored best weights from epoch 9 (val 0.6529, test 0.6224)

=== Final results ===
  dataset:           Flickr
  seed:              3
  stopped_at_epoch:  9
  best_val_mrr:      0.6529
  best_test_mrr:     0.6224
=== rc=0 finished=2026-09-12 05:44:42 ===
