# complete run: dataset=Patent arm=without_cand_pop tag=run-1 d_emb=64 k_train=10 lr=1e-3
# branch=master commit=257af98
# started=2026-08-26 03:24:55
# cmd: /mnt/nfs2/inf/ms2420/tempest-embeddinng/venv/bin/python -u scripts/train_link_property_prediction.py --data-suite tgb-seq \
#        --dataset Patent --d-emb 64 --k-train 10 --lr 1e-3 \
#        --num-epochs 50 --early-stop-patience 3 \
#        --use-gpu --use-gpu-tempest  

=== tempest-embedding training ===
dataset: Patent
device:  cuda
seed:    42
[93mDownload started, this might take a while . . . [0m
Dataset Patent will be downloaded in  datasets
Warning: You are sending unauthenticated requests to the HF Hub. Please set a HF_TOKEN to enable higher rate limits and faster downloads.
loaded (tgb-seq) in 22.4s
  num_nodes:     2,241,785
  neg_pool:      1,840,152 unique nodes (non-bipartite)
  t_min:         158256000
  t_max:         847123200
  T_train:       688867200
  median_inter_arrival: 604800.0
  mean_inter_arrival:   604800.0
  train edges:   9,096,058
  val edges:     1,039,438
  test edges:    683,323

=== Config ===
  num_nodes: 2241785
  dst_pool: <ndarray shape=(1840152,) dtype=int32>
  t_train: 688867200.0
  mean_node_inter_arrival: 69679654.40712889
  d_emb: 64
  use_pop_bias: False
  K_train: 10
  num_walks_per_node: 5
  max_walk_len: 5
  walk_bias: ExponentialWeight
  start_bias: ExponentialWeight
  t2nv_p: 4.0
  t2nv_q: 0.25
  lr: 0.001
  num_epochs: 50
  early_stop_patience: 3
  seed: 42
  use_gpu: True
  use_gpu_tempest: True

=== Parameter counts ===
  model.E:          143,474,240
  head params:                2
  TOTAL trainable:  143,474,242

=== Training ===
  Ingested full graph into Tempest: 10,818,819 edges (once; per-query cutoff enforces causality)
epoch 1/50  link=2.3363  lr=1e-03  train 877.2s  |E|mean=0.092  |E|max=0.322  geo_temp=5.710  ptemp=0.9964  praw=+5.621  val 0.0444  test 0.0184 (new best)  eval 57.9s
epoch 2/50  link=1.8307  lr=1e-03  train 874.3s  |E|mean=0.153  |E|max=0.391  geo_temp=13.588  ptemp=0.9822  praw=+4.012  val 0.0645  test 0.0278 (new best)  eval 57.9s
epoch 3/50  link=1.1657  lr=1e-03  train 873.7s  |E|mean=0.188  |E|max=0.434  geo_temp=22.135  ptemp=0.6317  praw=+0.540  val 0.1155  test 0.0746 (new best)  eval 57.5s
epoch 4/50  link=0.6906  lr=1e-03  train 873.7s  |E|mean=0.209  |E|max=0.522  geo_temp=30.159  ptemp=0.6389  praw=+0.571  val 0.1458  test 0.1195 (new best)  eval 57.8s
epoch 5/50  link=0.4062  lr=1e-03  train 873.8s  |E|mean=0.222  |E|max=0.573  geo_temp=37.800  ptemp=0.6838  praw=+0.771  val 0.1661  test 0.1590 (new best)  eval 57.8s
epoch 6/50  link=0.2384  lr=1e-03  train 874.7s  |E|mean=0.232  |E|max=0.597  geo_temp=45.219  ptemp=0.7410  praw=+1.051  val 0.1774  test 0.1867 (new best)  eval 58.0s
epoch 7/50  link=0.1424  lr=1e-03  train 874.7s  |E|mean=0.239  |E|max=0.619  geo_temp=52.449  ptemp=0.8106  praw=+1.454  val 0.1827  test 0.2025 (new best)  eval 57.8s
epoch 8/50  link=0.0890  lr=1e-03  train 874.5s  |E|mean=0.245  |E|max=0.641  geo_temp=59.470  ptemp=0.9033  praw=+2.235  val 0.1863  test 0.2078 (new best)  eval 57.7s
epoch 9/50  link=0.0593  lr=1e-03  train 874.0s  |E|mean=0.249  |E|max=0.661  geo_temp=66.044  ptemp=0.9618  praw=+3.226  val 0.1880  test 0.2132 (new best)  eval 57.8s
epoch 10/50  link=0.0422  lr=1e-03  train 872.9s  |E|mean=0.252  |E|max=0.673  geo_temp=71.802  ptemp=0.9775  praw=+3.770  val 0.1893  test 0.2217 (new best)  eval 57.6s
epoch 11/50  link=0.0320  lr=1e-03  train 872.6s  |E|mean=0.256  |E|max=0.687  geo_temp=76.146  ptemp=0.9824  praw=+4.025  val 0.1894  test 0.2293 (new best)  eval 57.6s
epoch 12/50  link=0.0253  lr=1e-03  train 872.7s  |E|mean=0.258  |E|max=0.692  geo_temp=79.094  ptemp=0.9849  praw=+4.180  val 0.1895  test 0.2362 (new best)  eval 57.6s
epoch 13/50  link=0.0207  lr=1e-03  train 873.1s  |E|mean=0.261  |E|max=0.703  geo_temp=81.141  ptemp=0.9866  praw=+4.298  val 0.1891  patience 1/3  eval 57.9s
epoch 14/50  link=0.0170  lr=1e-03  train 872.8s  |E|mean=0.263  |E|max=0.706  geo_temp=82.700  ptemp=0.9887  praw=+4.467  val 0.1892  patience 2/3  eval 56.7s
epoch 15/50  link=0.0142  lr=1e-03  train 872.5s  |E|mean=0.266  |E|max=0.706  geo_temp=83.909  ptemp=0.9897  praw=+4.566  val 0.1888  patience 3/3  eval 56.3s
  restored best weights from epoch 12 (val 0.1895, test 0.2362)

=== Final results ===
  dataset:           Patent
  seed:              42
  stopped_at_epoch:  12
  best_val_mrr:      0.1895
  best_test_mrr:     0.2362
