# dataset=YouTube experiment=lorentz_projx_shave cell=d64_k5_wpn5_mwl5_lr1e-3 tag=run_2_seed42
#   intrinsic Lorentz manifold, midpoint (sum w)^2 floor, NO projx radius clamp,
#   NO grad clip, NO weight decay, rewritten transp (radial/tangential split).
#   projx SHAVES a detached radius tail (3e2260e, relative-only since 7436020):
#   fence = p50 + 2*(p99.9 - p50), rows past it rescaled to the p99.9 radius,
#   applied by geoopt every stabilize=10 steps. Identity on a healthy cloud.
#   OPTIMISER: one dense RiemannianAdam over all params (sparse reverted, 65ca114).
#   Head: geo_temp * (-d_H). No popularity channel.
#   d_emb=64 k_train=5 num_walks_per_node=5 max_walk_len=5 (both EXPLICIT) lr=1e-3
#   patience=5 num_epochs=100 hidden=32 seed=42
#   edges=3.29M bipartite=no  (flag: 'none')
# branch=master commit=07dcc1e
#   lorentz.py md5=c63ad280c4b966af0c50c2a58bc298c8
#   model.py   md5=c6d22976e93632a1c69cc79e99a3f942
#   trainer.py md5=35d7386bd55c7acb3e0f29e62aa0d2b8
#   (shared NFS tree: another session may check out a different branch mid-run,
#    so these pin the code that was actually imported)
# r_mean/r_max are HYPERBOLIC RADIUS, not the ambient |E| of pre-wiring logs
# host=artemis-a40-14.local  SLURM_JOB_ID=11346382  archive target experiment_logs/geometries/lorentz/youtube/2.log
# started=2026-09-12 03:55:19
# cmd: venv/bin/python -u scripts/train_link_property_prediction.py --data-suite tgb-seq \
#        --dataset YouTube --d-emb 64 --k-train 5 --num-walks-per-node 5 --max-walk-len 5 \
#        --lr 1e-3 --num-epochs 100 --early-stop-patience 5 --seed 42 \
#        --use-gpu --use-gpu-tempest 

=== tempest-embedding training ===
dataset: YouTube
device:  cuda
seed:    42
loaded (tgb-seq) in 1.4s
  num_nodes:     402,423
  neg_pool:      402,422 unique nodes (non-bipartite)
  train edges:   2,730,407
  val edges:     324,756
  test edges:    232,865

=== Config ===
  num_nodes: 402423
  dst_pool: <ndarray shape=(402422,) dtype=int32>
  d_emb: 64
  hidden_dim: 32
  K_train: 5
  num_walks_per_node: 5
  max_walk_len: 5
  walk_bias: ExponentialWeight
  start_bias: ExponentialWeight
  t2nv_p: 4.0
  t2nv_q: 0.25
  lr: 0.001
  num_epochs: 100
  early_stop_patience: 5
  seed: 42
  use_gpu: True
  use_gpu_tempest: True

=== Parameter counts ===
  model.E:           25,755,072
  head params:              162
  TOTAL trainable:   25,755,234

=== Training ===
  Ingested full graph into Tempest: 3,288,028 edges (once; per-query cutoff enforces causality)
epoch 1/100  link=1.6521  lr=1e-03  train 107.6s  r_mean=0.103  r_max=0.801  geo_temp=4.197  val 0.1945  test 0.1715 (new best)  eval 23.9s
epoch 2/100  link=1.3255  lr=1e-03  train 107.3s  r_mean=0.173  r_max=0.754  geo_temp=6.730  val 0.2482  test 0.2211 (new best)  eval 23.8s
epoch 3/100  link=1.0737  lr=1e-03  train 107.3s  r_mean=0.227  r_max=0.853  geo_temp=9.001  val 0.2839  test 0.2493 (new best)  eval 24.0s
epoch 4/100  link=0.8952  lr=1e-03  train 107.3s  r_mean=0.269  r_max=0.882  geo_temp=11.137  val 0.3133  test 0.2715 (new best)  eval 23.9s
epoch 5/100  link=0.7653  lr=1e-03  train 107.3s  r_mean=0.301  r_max=0.912  geo_temp=13.208  val 0.3397  test 0.2916 (new best)  eval 23.8s
epoch 6/100  link=0.6676  lr=1e-03  train 107.3s  r_mean=0.328  r_max=0.960  geo_temp=15.213  val 0.3617  test 0.3109 (new best)  eval 23.8s
epoch 7/100  link=0.5944  lr=1e-03  train 107.3s  r_mean=0.351  r_max=1.016  geo_temp=17.102  val 0.3811  test 0.3295 (new best)  eval 23.9s
epoch 8/100  link=0.5381  lr=1e-03  train 107.3s  r_mean=0.370  r_max=1.050  geo_temp=18.819  val 0.3947  test 0.3416 (new best)  eval 24.0s
epoch 9/100  link=0.4931  lr=1e-03  train 107.3s  r_mean=0.388  r_max=1.075  geo_temp=20.350  val 0.4067  test 0.3551 (new best)  eval 23.8s
epoch 10/100  link=0.4570  lr=1e-03  train 107.2s  r_mean=0.403  r_max=1.157  geo_temp=21.704  val 0.4148  test 0.3638 (new best)  eval 23.9s
epoch 11/100  link=0.4260  lr=1e-03  train 107.2s  r_mean=0.418  r_max=1.206  geo_temp=22.932  val 0.4223  test 0.3711 (new best)  eval 23.9s
epoch 12/100  link=0.3970  lr=1e-03  train 107.2s  r_mean=0.433  r_max=1.287  geo_temp=24.131  val 0.4278  test 0.3772 (new best)  eval 23.9s
epoch 13/100  link=0.3708  lr=1e-03  train 107.2s  r_mean=0.447  r_max=1.397  geo_temp=25.297  val 0.4322  test 0.3820 (new best)  eval 23.9s
epoch 14/100  link=0.3451  lr=1e-03  train 107.2s  r_mean=0.463  r_max=1.442  geo_temp=26.581  val 0.4587  test 0.4040 (new best)  eval 23.9s
epoch 15/100  link=0.2707  lr=1e-03  train 107.2s  r_mean=0.478  r_max=1.463  geo_temp=28.205  val 0.5658  test 0.4858 (new best)  eval 23.9s
epoch 16/100  link=0.2020  lr=1e-03  train 107.2s  r_mean=0.491  r_max=1.493  geo_temp=30.199  val 0.6127  test 0.5301 (new best)  eval 23.9s
epoch 17/100  link=0.1633  lr=1e-03  train 107.3s  r_mean=0.501  r_max=1.493  geo_temp=32.153  val 0.6344  test 0.5500 (new best)  eval 23.9s
epoch 18/100  link=0.1381  lr=1e-03  train 107.3s  r_mean=0.511  r_max=1.493  geo_temp=34.090  val 0.6412  test 0.5582 (new best)  eval 23.9s
epoch 19/100  link=0.1205  lr=1e-03  train 107.3s  r_mean=0.519  r_max=1.524  geo_temp=35.965  val 0.6393  patience 1/5  eval 23.9s
epoch 20/100  link=0.1079  lr=1e-03  train 107.3s  r_mean=0.527  r_max=1.521  geo_temp=37.698  val 0.6426  test 0.5539 (new best)  eval 23.9s
epoch 21/100  link=0.0981  lr=1e-03  train 107.3s  r_mean=0.535  r_max=1.520  geo_temp=39.264  val 0.6428  test 0.5528 (new best)  eval 23.9s
epoch 22/100  link=0.0899  lr=1e-03  train 107.3s  r_mean=0.541  r_max=1.511  geo_temp=40.663  val 0.6401  patience 1/5  eval 23.9s
epoch 23/100  link=0.0840  lr=1e-03  train 107.3s  r_mean=0.548  r_max=1.518  geo_temp=41.832  val 0.6423  patience 2/5  eval 23.9s
epoch 24/100  link=0.0786  lr=1e-03  train 107.3s  r_mean=0.554  r_max=1.507  geo_temp=42.848  val 0.6427  patience 3/5  eval 23.9s
epoch 25/100  link=0.0742  lr=1e-03  train 107.3s  r_mean=0.560  r_max=1.508  geo_temp=43.712  val 0.6420  patience 4/5  eval 23.9s
epoch 26/100  link=0.0706  lr=1e-03  train 107.3s  r_mean=0.566  r_max=1.508  geo_temp=44.388  val 0.6425  patience 5/5  eval 23.9s
  restored best weights from epoch 21 (val 0.6428, test 0.5528)

=== Final results ===
  dataset:           YouTube
  seed:              42
  stopped_at_epoch:  21
  best_val_mrr:      0.6428
  best_test_mrr:     0.5528
=== rc=0 finished=2026-09-12 04:58:02 ===
