[2026-08-25 20:34:35] === K-sweep ALL START  order=YouTube GoogleLocal  d=64  K=1 3 5 10 20 50 100  branch=master commit=257af981  (no pop bias, sequential)
[2026-08-25 20:34:35] ---- dataset YouTube START (bipartite=0) ----
[2026-08-25 20:34:35] START YouTube K=1
[2026-08-25 21:59:09] DONE  YouTube K=1 rc=0   stopped_at_epoch: 50  best_val_mrr: 0.6029  best_test_mrr: 0.5241  max_test_seen: 0.5241
[2026-08-25 21:59:09] START YouTube K=3
[2026-08-25 23:24:06] DONE  YouTube K=3 rc=0   stopped_at_epoch: 49  best_val_mrr: 0.6379  best_test_mrr: 0.5565  max_test_seen: 0.5565
[2026-08-25 23:24:06] START YouTube K=5
[2026-08-26 00:51:35] DONE  YouTube K=5 rc=0   stopped_at_epoch: 50  best_val_mrr: 0.6470  best_test_mrr: 0.5683  max_test_seen: 0.5683
[2026-08-26 00:51:35] START YouTube K=10
[2026-08-26 01:52:07] DONE  YouTube K=10 rc=0   stopped_at_epoch: 31  best_val_mrr: 0.6508  best_test_mrr: 0.5730  max_test_seen: 0.5730
[2026-08-26 01:52:07] START YouTube K=20
[2026-08-26 02:52:01] DONE  YouTube K=20 rc=0   stopped_at_epoch: 26  best_val_mrr: 0.6638  best_test_mrr: 0.5867  max_test_seen: 0.5867
[2026-08-26 02:52:01] START YouTube K=50
[2026-08-26 04:43:05] DONE  YouTube K=50 rc=0   stopped_at_epoch: 38  best_val_mrr: 0.6817  best_test_mrr: 0.6030  max_test_seen: 0.6038
[2026-08-26 04:43:05] START YouTube K=100
[2026-08-26 08:23:07] DONE  YouTube K=100 rc=0   stopped_at_epoch: 39  best_val_mrr: 0.6919  best_test_mrr: 0.6137  max_test_seen: 0.6140
[2026-08-26 08:23:07] ---- dataset YouTube curve COMPLETE ----
[2026-08-26 08:23:07] ---- dataset GoogleLocal START (bipartite=1) ----
[2026-08-26 08:23:07] START GoogleLocal K=1
[2026-08-26 09:06:05] DONE  GoogleLocal K=1 rc=0   stopped_at_epoch: 50  best_val_mrr: 0.6651  best_test_mrr: 0.6352  max_test_seen: 0.6352
[2026-08-26 09:06:05] START GoogleLocal K=3
[2026-08-26 09:42:32] DONE  GoogleLocal K=3 rc=0   stopped_at_epoch: 39  best_val_mrr: 0.6722  best_test_mrr: 0.6448  max_test_seen: 0.6448
[2026-08-26 09:42:32] START GoogleLocal K=5
[2026-08-26 10:12:43] DONE  GoogleLocal K=5 rc=0   stopped_at_epoch: 30  best_val_mrr: 0.6734  best_test_mrr: 0.6448  max_test_seen: 0.6448
[2026-08-26 10:12:43] START GoogleLocal K=10
[2026-08-26 10:36:46] DONE  GoogleLocal K=10 rc=0   stopped_at_epoch: 21  best_val_mrr: 0.6689  best_test_mrr: 0.6393  max_test_seen: 0.6393
[2026-08-26 10:36:46] START GoogleLocal K=20
[2026-08-26 11:04:16] DONE  GoogleLocal K=20 rc=0   stopped_at_epoch: 21  best_val_mrr: 0.6596  best_test_mrr: 0.6272  max_test_seen: 0.6274
[2026-08-26 11:04:16] START GoogleLocal K=50
[2026-08-26 11:38:39] DONE  GoogleLocal K=50 rc=0   stopped_at_epoch: 19  best_val_mrr: 0.6455  best_test_mrr: 0.6126  max_test_seen: 0.6135
[2026-08-26 11:38:39] START GoogleLocal K=100
[2026-08-26 12:42:49] DONE  GoogleLocal K=100 rc=0   stopped_at_epoch: 17  best_val_mrr: 0.6348  best_test_mrr: 0.6009  max_test_seen: 0.6010
[2026-08-26 12:42:49] ---- dataset GoogleLocal curve COMPLETE ----
[2026-08-26 12:42:49] === K-sweep ALL COMPLETE ===
